
> tdnet-data-collector@1.0.0 test
> jest cloudfront.test.ts

node.exe : ts-jest[ts-jest-transformer] (WARN) Define `ts-jest` config under `globals
` is deprecated. Please do
発生場所 行:1 文字:1
+ & "C:\Program Files\nodejs/node.exe" "C:\Program Files\nodejs/node_mo ...
+ ~~~~~~~~~~~~~~~~~~~~~~~~~~~~~~~~~~~~~~~~~~~~~~~~~~~~~~~~~~~~~~~~~~~~~
    + CategoryInfo          : NotSpecified: (ts-jest[ts-jest...ated. Please do:Strin 
   g) [], RemoteException
    + FullyQualifiedErrorId : NativeCommandError
 
transform: {
    <transform_regex>: ['ts-jest', { /* ts-jest config goes here in Jest */ }],
},
See more at https://kulshekhar.github.io/ts-jest/docs/getting-started/presets#advance
d
ts-jest[config] (WARN) 
    The "ts-jest" config option "isolatedModules" is deprecated and will be removed i
n v30.0.0. Please use "isolatedModules: true" in C:/Users/ti198/investment_analysis_o
popo/tsconfig.json instead, see https://www.typescriptlang.org/tsconfig/#isolatedModu
les
  
  console.warn
    [WARNING] aws-cdk-lib.aws_cloudfront_origins.S3Origin is deprecated.
      Use `S3BucketOrigin` or `S3StaticWebsiteOrigin` instead.
      This API will be removed in the next major release.

    [0m [90m 91 |[39m       [90m// S3繧ｪ繝ｪ繧ｸ繝ｳ險ｭ螳・[39m
     [90m 92 |[39m       defaultBehavior[33m:[39m {
    [31m[1m>[22m[39m[90m 93 |[39m         origin[33m:[39m [36mnew[39m origins[33m.[39m[33mS3Origin[39m(props[33m.[39mdashboardBucket[33m,[39m {
     [90m    |[39m                 [31m[1m^[22m[39m
     [90m 94 |[39m           originAccessIdentity[33m:[39m [36mthis[39m[33m.[39moriginAccessIdentity[33m,[39m
     [90m 95 |[39m         })[33m,[39m
     [90m 96 |[39m         viewerProtocolPolicy[33m:[39m cloudfront[33m.[39m[33mViewerProtocolPolicy[39m[33m.[39m[33mREDIRECT_TO_HTTPS[39m[33m,[39m[0m

      at Object.print (node_modules/aws-cdk-lib/.warnings.jsii.js:9:146)
      at new S3Origin (node_modules/aws-cdk-lib/aws-cloudfront-origins/lib/s3-origin.js:1:848)
      at new DashboardCloudFront (cdk/lib/constructs/cloudfront.ts:93:17)
      at Object.<anonymous> (cdk/__tests__/cloudfront.test.ts:29:5)

  console.warn
    [WARNING] aws-cdk-lib.aws_cloudfront_origins.S3Origin is deprecated.
      Use `S3BucketOrigin` or `S3StaticWebsiteOrigin` instead.
      This API will be removed in the next major release.

    [0m [90m 102 |[39m       additionalBehaviors[33m:[39m {
     [90m 103 |[39m         [32m'/static/*'[39m[33m:[39m {
    [31m[1m>[22m[39m[90m 104 |[39m           origin[33m:[39m [36mnew[39m origins[33m.[39m[33mS3Origin[39m(props[33m.[39mdashboardBucket[33m,[39m {
     [90m     |[39m                   [31m[1m^[22m[39m
     [90m 105 |[39m             originAccessIdentity[33m:[39m [36mthis[39m[33m.[39moriginAccessIdentity[33m,[39m
     [90m 106 |[39m           })[33m,[39m
     [90m 107 |[39m           viewerProtocolPolicy[33m:[39m cloudfront[33m.[39m[33mViewerProtocolPolicy[39m[33m.[39m[33mREDIRECT_TO_HTTPS[39m[33m,[39m[0m

      at Object.print (node_modules/aws-cdk-lib/.warnings.jsii.js:9:146)
      at new S3Origin (node_modules/aws-cdk-lib/aws-cloudfront-origins/lib/s3-origin.js:1:848)
      at new DashboardCloudFront (cdk/lib/constructs/cloudfront.ts:104:19)
      at Object.<anonymous> (cdk/__tests__/cloudfront.test.ts:29:5)

  console.warn
    [WARNING] aws-cdk-lib.aws_cloudfront_origins.S3Origin is deprecated.
      Use `S3BucketOrigin` or `S3StaticWebsiteOrigin` instead.
      This API will be removed in the next major release.

    [0m [90m 110 |[39m         }[33m,[39m
     [90m 111 |[39m         [32m'*.js'[39m[33m:[39m {
    [31m[1m>[22m[39m[90m 112 |[39m           origin[33m:[39m [36mnew[39m origins[33m.[39m[33mS3Origin[39m(props[33m.[39mdashboardBucket[33m,[39m {
     [90m     |[39m                   [31m[1m^[22m[39m
     [90m 113 |[39m             originAccessIdentity[33m:[39m [36mthis[39m[33m.[39moriginAccessIdentity[33m,[39m
     [90m 114 |[39m           })[33m,[39m
     [90m 115 |[39m           viewerProtocolPolicy[33m:[39m cloudfront[33m.[39m[33mViewerProtocolPolicy[39m[33m.[39m[33mREDIRECT_TO_HTTPS[39m[33m,[39m[0m

      at Object.print (node_modules/aws-cdk-lib/.warnings.jsii.js:9:146)
      at new S3Origin (node_modules/aws-cdk-lib/aws-cloudfront-origins/lib/s3-origin.js:1:848)
      at new DashboardCloudFront (cdk/lib/constructs/cloudfront.ts:112:19)
      at Object.<anonymous> (cdk/__tests__/cloudfront.test.ts:29:5)

  console.warn
    [WARNING] aws-cdk-lib.aws_cloudfront_origins.S3Origin is deprecated.
      Use `S3BucketOrigin` or `S3StaticWebsiteOrigin` instead.
      This API will be removed in the next major release.

    [0m [90m 118 |[39m         }[33m,[39m
     [90m 119 |[39m         [32m'*.css'[39m[33m:[39m {
    [31m[1m>[22m[39m[90m 120 |[39m           origin[33m:[39m [36mnew[39m origins[33m.[39m[33mS3Origin[39m(props[33m.[39mdashboardBucket[33m,[39m {
     [90m     |[39m                   [31m[1m^[22m[39m
     [90m 121 |[39m             originAccessIdentity[33m:[39m [36mthis[39m[33m.[39moriginAccessIdentity[33m,[39m
     [90m 122 |[39m           })[33m,[39m
     [90m 123 |[39m           viewerProtocolPolicy[33m:[39m cloudfront[33m.[39m[33mViewerProtocolPolicy[39m[33m.[39m[33mREDIRECT_TO_HTTPS[39m[33m,[39m[0m

      at Object.print (node_modules/aws-cdk-lib/.warnings.jsii.js:9:146)
      at new S3Origin (node_modules/aws-cdk-lib/aws-cloudfront-origins/lib/s3-origin.js:1:848)
      at new DashboardCloudFront (cdk/lib/constructs/cloudfront.ts:120:19)
      at Object.<anonymous> (cdk/__tests__/cloudfront.test.ts:29:5)

  console.warn
    [WARNING] aws-cdk-lib.aws_cloudfront_origins.S3Origin#bind is deprecated.
      Use `S3BucketOrigin` or `S3StaticWebsiteOrigin` instead.
      This API will be removed in the next major release.

    [0m [90m 85 |[39m
     [90m 86 |[39m     [90m// CloudFront Distribution菴懈・[39m
    [31m[1m>[22m[39m[90m 87 |[39m     [36mthis[39m[33m.[39mdistribution [33m=[39m [36mnew[39m cloudfront[33m.[39m[33mDistribution[39m([36mthis[39m[33m,[39m [32m'Distribution'[39m[33m,[39m {
     [90m    |[39m                         [31m[1m^[22m[39m
     [90m 88 |[39m       comment[33m:[39m [32m`TDnet Dashboard Distribution (${props.environment})`[39m[33m,[39m
     [90m 89 |[39m       defaultRootObject[33m:[39m [32m'index.html'[39m[33m,[39m
     [90m 90 |[39m       [0m

      at Object.print (node_modules/aws-cdk-lib/.warnings.jsii.js:9:146)
      at S3Origin.bind (node_modules/aws-cdk-lib/aws-cloudfront-origins/lib/s3-origin.js:1:1477)
      at WrappedClass.addOrigin (node_modules/aws-cdk-lib/aws-cloudfront/lib/distribution.js:1:23287)
      at new Distribution2 (node_modules/aws-cdk-lib/aws-cloudfront/lib/distribution.js:1:13084)
      at new Distribution2 (node_modules/aws-cdk-lib/core/lib/prop-injectable.js:1:783)
      at new DashboardCloudFront (cdk/lib/constructs/cloudfront.ts:87:25)
      at Object.<anonymous> (cdk/__tests__/cloudfront.test.ts:29:5)

  console.warn
    [WARNING] aws-cdk-lib.aws_cloudfront_origins.S3Origin#bind is deprecated.
      Use `S3BucketOrigin` or `S3StaticWebsiteOrigin` instead.
      This API will be removed in the next major release.

    [0m [90m 85 |[39m
     [90m 86 |[39m     [90m// CloudFront Distribution菴懈・[39m
    [31m[1m>[22m[39m[90m 87 |[39m     [36mthis[39m[33m.[39mdistribution [33m=[39m [36mnew[39m cloudfront[33m.[39m[33mDistribution[39m([36mthis[39m[33m,[39m [32m'Distribution'[39m[33m,[39m {
     [90m    |[39m                         [31m[1m^[22m[39m
     [90m 88 |[39m       comment[33m:[39m [32m`TDnet Dashboard Distribution (${props.environment})`[39m[33m,[39m
     [90m 89 |[39m       defaultRootObject[33m:[39m [32m'index.html'[39m[33m,[39m
     [90m 90 |[39m       [0m

      at Object.print (node_modules/aws-cdk-lib/.warnings.jsii.js:9:146)
      at S3Origin.bind (node_modules/aws-cdk-lib/aws-cloudfront-origins/lib/s3-origin.js:1:1477)
      at WrappedClass.addOrigin (node_modules/aws-cdk-lib/aws-cloudfront/lib/distribution.js:1:23287)
      at WrappedClass.addBehavior (node_modules/aws-cdk-lib/aws-cloudfront/lib/distribution.js:1:21523)
      at WrappedClass.<anonymous> (node_modules/aws-cdk-lib/core/lib/metadata-resource.js:1:2117)
      at node_modules/aws-cdk-lib/aws-cloudfront/lib/distribution.js:1:13352
          at Array.forEach (<anonymous>)
      at new Distribution2 (node_modules/aws-cdk-lib/aws-cloudfront/lib/distribution.js:1:13305)
      at new Distribution2 (node_modules/aws-cdk-lib/core/lib/prop-injectable.js:1:783)
      at new DashboardCloudFront (cdk/lib/constructs/cloudfront.ts:87:25)
      at Object.<anonymous> (cdk/__tests__/cloudfront.test.ts:29:5)

  console.warn
    [WARNING] aws-cdk-lib.aws_cloudfront_origins.S3Origin#bind is deprecated.
      Use `S3BucketOrigin` or `S3StaticWebsiteOrigin` instead.
      This API will be removed in the next major release.

    [0m [90m 85 |[39m
     [90m 86 |[39m     [90m// CloudFront Distribution菴懈・[39m
    [31m[1m>[22m[39m[90m 87 |[39m     [36mthis[39m[33m.[39mdistribution [33m=[39m [36mnew[39m cloudfront[33m.[39m[33mDistribution[39m([36mthis[39m[33m,[39m [32m'Distribution'[39m[33m,[39m {
     [90m    |[39m                         [31m[1m^[22m[39m
     [90m 88 |[39m       comment[33m:[39m [32m`TDnet Dashboard Distribution (${props.environment})`[39m[33m,[39m
     [90m 89 |[39m       defaultRootObject[33m:[39m [32m'index.html'[39m[33m,[39m
     [90m 90 |[39m       [0m

      at Object.print (node_modules/aws-cdk-lib/.warnings.jsii.js:9:146)
      at S3Origin.bind (node_modules/aws-cdk-lib/aws-cloudfront-origins/lib/s3-origin.js:1:1477)
      at WrappedClass.addOrigin (node_modules/aws-cdk-lib/aws-cloudfront/lib/distribution.js:1:23287)
      at WrappedClass.addBehavior (node_modules/aws-cdk-lib/aws-cloudfront/lib/distribution.js:1:21523)
      at WrappedClass.<anonymous> (node_modules/aws-cdk-lib/core/lib/metadata-resource.js:1:2117)
      at node_modules/aws-cdk-lib/aws-cloudfront/lib/distribution.js:1:13352
          at Array.forEach (<anonymous>)
      at new Distribution2 (node_modules/aws-cdk-lib/aws-cloudfront/lib/distribution.js:1:13305)
      at new Distribution2 (node_modules/aws-cdk-lib/core/lib/prop-injectable.js:1:783)
      at new DashboardCloudFront (cdk/lib/constructs/cloudfront.ts:87:25)
      at Object.<anonymous> (cdk/__tests__/cloudfront.test.ts:29:5)

  console.warn
    [WARNING] aws-cdk-lib.aws_cloudfront_origins.S3Origin#bind is deprecated.
      Use `S3BucketOrigin` or `S3StaticWebsiteOrigin` instead.
      This API will be removed in the next major release.

    [0m [90m 85 |[39m
     [90m 86 |[39m     [90m// CloudFront Distribution菴懈・[39m
    [31m[1m>[22m[39m[90m 87 |[39m     [36mthis[39m[33m.[39mdistribution [33m=[39m [36mnew[39m cloudfront[33m.[39m[33mDistribution[39m([36mthis[39m[33m,[39m [32m'Distribution'[39m[33m,[39m {
     [90m    |[39m                         [31m[1m^[22m[39m
     [90m 88 |[39m       comment[33m:[39m [32m`TDnet Dashboard Distribution (${props.environment})`[39m[33m,[39m
     [90m 89 |[39m       defaultRootObject[33m:[39m [32m'index.html'[39m[33m,[39m
     [90m 90 |[39m       [0m

      at Object.print (node_modules/aws-cdk-lib/.warnings.jsii.js:9:146)
      at S3Origin.bind (node_modules/aws-cdk-lib/aws-cloudfront-origins/lib/s3-origin.js:1:1477)
      at WrappedClass.addOrigin (node_modules/aws-cdk-lib/aws-cloudfront/lib/distribution.js:1:23287)
      at WrappedClass.addBehavior (node_modules/aws-cdk-lib/aws-cloudfront/lib/distribution.js:1:21523)
      at WrappedClass.<anonymous> (node_modules/aws-cdk-lib/core/lib/metadata-resource.js:1:2117)
      at node_modules/aws-cdk-lib/aws-cloudfront/lib/distribution.js:1:13352
          at Array.forEach (<anonymous>)
      at new Distribution2 (node_modules/aws-cdk-lib/aws-cloudfront/lib/distribution.js:1:13305)
      at new Distribution2 (node_modules/aws-cdk-lib/core/lib/prop-injectable.js:1:783)
      at new DashboardCloudFront (cdk/lib/constructs/cloudfront.ts:87:25)
      at Object.<anonymous> (cdk/__tests__/cloudfront.test.ts:29:5)

  console.warn
    [WARNING] aws-cdk-lib.aws_cloudfront_origins.S3Origin is deprecated.
      Use `S3BucketOrigin` or `S3StaticWebsiteOrigin` instead.
      This API will be removed in the next major release.

    [0m [90m 91 |[39m       [90m// S3繧ｪ繝ｪ繧ｸ繝ｳ險ｭ螳・[39m
     [90m 92 |[39m       defaultBehavior[33m:[39m {
    [31m[1m>[22m[39m[90m 93 |[39m         origin[33m:[39m [36mnew[39m origins[33m.[39m[33mS3Origin[39m(props[33m.[39mdashboardBucket[33m,[39m {
     [90m    |[39m                 [31m[1m^[22m[39m
     [90m 94 |[39m           originAccessIdentity[33m:[39m [36mthis[39m[33m.[39moriginAccessIdentity[33m,[39m
     [90m 95 |[39m         })[33m,[39m
     [90m 96 |[39m         viewerProtocolPolicy[33m:[39m cloudfront[33m.[39m[33mViewerProtocolPolicy[39m[33m.[39m[33mREDIRECT_TO_HTTPS[39m[33m,[39m[0m

      at Object.print (node_modules/aws-cdk-lib/.warnings.jsii.js:9:146)
      at new S3Origin (node_modules/aws-cdk-lib/aws-cloudfront-origins/lib/s3-origin.js:1:848)
      at new DashboardCloudFront (cdk/lib/constructs/cloudfront.ts:93:17)
      at Object.<anonymous> (cdk/__tests__/cloudfront.test.ts:41:5)

  console.warn
    [WARNING] aws-cdk-lib.aws_cloudfront_origins.S3Origin is deprecated.
      Use `S3BucketOrigin` or `S3StaticWebsiteOrigin` instead.
      This API will be removed in the next major release.

    [0m [90m 102 |[39m       additionalBehaviors[33m:[39m {
     [90m 103 |[39m         [32m'/static/*'[39m[33m:[39m {
    [31m[1m>[22m[39m[90m 104 |[39m           origin[33m:[39m [36mnew[39m origins[33m.[39m[33mS3Origin[39m(props[33m.[39mdashboardBucket[33m,[39m {
     [90m     |[39m                   [31m[1m^[22m[39m
     [90m 105 |[39m             originAccessIdentity[33m:[39m [36mthis[39m[33m.[39moriginAccessIdentity[33m,[39m
     [90m 106 |[39m           })[33m,[39m
     [90m 107 |[39m           viewerProtocolPolicy[33m:[39m cloudfront[33m.[39m[33mViewerProtocolPolicy[39m[33m.[39m[33mREDIRECT_TO_HTTPS[39m[33m,[39m[0m

      at Object.print (node_modules/aws-cdk-lib/.warnings.jsii.js:9:146)
      at new S3Origin (node_modules/aws-cdk-lib/aws-cloudfront-origins/lib/s3-origin.js:1:848)
      at new DashboardCloudFront (cdk/lib/constructs/cloudfront.ts:104:19)
      at Object.<anonymous> (cdk/__tests__/cloudfront.test.ts:41:5)

  console.warn
    [WARNING] aws-cdk-lib.aws_cloudfront_origins.S3Origin is deprecated.
      Use `S3BucketOrigin` or `S3StaticWebsiteOrigin` instead.
      This API will be removed in the next major release.

    [0m [90m 110 |[39m         }[33m,[39m
     [90m 111 |[39m         [32m'*.js'[39m[33m:[39m {
    [31m[1m>[22m[39m[90m 112 |[39m           origin[33m:[39m [36mnew[39m origins[33m.[39m[33mS3Origin[39m(props[33m.[39mdashboardBucket[33m,[39m {
     [90m     |[39m                   [31m[1m^[22m[39m
     [90m 113 |[39m             originAccessIdentity[33m:[39m [36mthis[39m[33m.[39moriginAccessIdentity[33m,[39m
     [90m 114 |[39m           })[33m,[39m
     [90m 115 |[39m           viewerProtocolPolicy[33m:[39m cloudfront[33m.[39m[33mViewerProtocolPolicy[39m[33m.[39m[33mREDIRECT_TO_HTTPS[39m[33m,[39m[0m

      at Object.print (node_modules/aws-cdk-lib/.warnings.jsii.js:9:146)
      at new S3Origin (node_modules/aws-cdk-lib/aws-cloudfront-origins/lib/s3-origin.js:1:848)
      at new DashboardCloudFront (cdk/lib/constructs/cloudfront.ts:112:19)
      at Object.<anonymous> (cdk/__tests__/cloudfront.test.ts:41:5)

  console.warn
    [WARNING] aws-cdk-lib.aws_cloudfront_origins.S3Origin is deprecated.
      Use `S3BucketOrigin` or `S3StaticWebsiteOrigin` instead.
      This API will be removed in the next major release.

    [0m [90m 118 |[39m         }[33m,[39m
     [90m 119 |[39m         [32m'*.css'[39m[33m:[39m {
    [31m[1m>[22m[39m[90m 120 |[39m           origin[33m:[39m [36mnew[39m origins[33m.[39m[33mS3Origin[39m(props[33m.[39mdashboardBucket[33m,[39m {
     [90m     |[39m                   [31m[1m^[22m[39m
     [90m 121 |[39m             originAccessIdentity[33m:[39m [36mthis[39m[33m.[39moriginAccessIdentity[33m,[39m
     [90m 122 |[39m           })[33m,[39m
     [90m 123 |[39m           viewerProtocolPolicy[33m:[39m cloudfront[33m.[39m[33mViewerProtocolPolicy[39m[33m.[39m[33mREDIRECT_TO_HTTPS[39m[33m,[39m[0m

      at Object.print (node_modules/aws-cdk-lib/.warnings.jsii.js:9:146)
      at new S3Origin (node_modules/aws-cdk-lib/aws-cloudfront-origins/lib/s3-origin.js:1:848)
      at new DashboardCloudFront (cdk/lib/constructs/cloudfront.ts:120:19)
      at Object.<anonymous> (cdk/__tests__/cloudfront.test.ts:41:5)

  console.warn
    [WARNING] aws-cdk-lib.aws_cloudfront_origins.S3Origin#bind is deprecated.
      Use `S3BucketOrigin` or `S3StaticWebsiteOrigin` instead.
      This API will be removed in the next major release.

    [0m [90m 85 |[39m
     [90m 86 |[39m     [90m// CloudFront Distribution菴懈・[39m
    [31m[1m>[22m[39m[90m 87 |[39m     [36mthis[39m[33m.[39mdistribution [33m=[39m [36mnew[39m cloudfront[33m.[39m[33mDistribution[39m([36mthis[39m[33m,[39m [32m'Distribution'[39m[33m,[39m {
     [90m    |[39m                         [31m[1m^[22m[39m
     [90m 88 |[39m       comment[33m:[39m [32m`TDnet Dashboard Distribution (${props.environment})`[39m[33m,[39m
     [90m 89 |[39m       defaultRootObject[33m:[39m [32m'index.html'[39m[33m,[39m
     [90m 90 |[39m       [0m

      at Object.print (node_modules/aws-cdk-lib/.warnings.jsii.js:9:146)
      at S3Origin.bind (node_modules/aws-cdk-lib/aws-cloudfront-origins/lib/s3-origin.js:1:1477)
      at WrappedClass.addOrigin (node_modules/aws-cdk-lib/aws-cloudfront/lib/distribution.js:1:23287)
      at new Distribution2 (node_modules/aws-cdk-lib/aws-cloudfront/lib/distribution.js:1:13084)
      at new Distribution2 (node_modules/aws-cdk-lib/core/lib/prop-injectable.js:1:783)
      at new DashboardCloudFront (cdk/lib/constructs/cloudfront.ts:87:25)
      at Object.<anonymous> (cdk/__tests__/cloudfront.test.ts:41:5)

  console.warn
    [WARNING] aws-cdk-lib.aws_cloudfront_origins.S3Origin#bind is deprecated.
      Use `S3BucketOrigin` or `S3StaticWebsiteOrigin` instead.
      This API will be removed in the next major release.

    [0m [90m 85 |[39m
     [90m 86 |[39m     [90m// CloudFront Distribution菴懈・[39m
    [31m[1m>[22m[39m[90m 87 |[39m     [36mthis[39m[33m.[39mdistribution [33m=[39m [36mnew[39m cloudfront[33m.[39m[33mDistribution[39m([36mthis[39m[33m,[39m [32m'Distribution'[39m[33m,[39m {
     [90m    |[39m                         [31m[1m^[22m[39m
     [90m 88 |[39m       comment[33m:[39m [32m`TDnet Dashboard Distribution (${props.environment})`[39m[33m,[39m
     [90m 89 |[39m       defaultRootObject[33m:[39m [32m'index.html'[39m[33m,[39m
     [90m 90 |[39m       [0m

      at Object.print (node_modules/aws-cdk-lib/.warnings.jsii.js:9:146)
      at S3Origin.bind (node_modules/aws-cdk-lib/aws-cloudfront-origins/lib/s3-origin.js:1:1477)
      at WrappedClass.addOrigin (node_modules/aws-cdk-lib/aws-cloudfront/lib/distribution.js:1:23287)
      at WrappedClass.addBehavior (node_modules/aws-cdk-lib/aws-cloudfront/lib/distribution.js:1:21523)
      at WrappedClass.<anonymous> (node_modules/aws-cdk-lib/core/lib/metadata-resource.js:1:2117)
      at node_modules/aws-cdk-lib/aws-cloudfront/lib/distribution.js:1:13352
          at Array.forEach (<anonymous>)
      at new Distribution2 (node_modules/aws-cdk-lib/aws-cloudfront/lib/distribution.js:1:13305)
      at new Distribution2 (node_modules/aws-cdk-lib/core/lib/prop-injectable.js:1:783)
      at new DashboardCloudFront (cdk/lib/constructs/cloudfront.ts:87:25)
      at Object.<anonymous> (cdk/__tests__/cloudfront.test.ts:41:5)

  console.warn
    [WARNING] aws-cdk-lib.aws_cloudfront_origins.S3Origin#bind is deprecated.
      Use `S3BucketOrigin` or `S3StaticWebsiteOrigin` instead.
      This API will be removed in the next major release.

    [0m [90m 85 |[39m
     [90m 86 |[39m     [90m// CloudFront Distribution菴懈・[39m
    [31m[1m>[22m[39m[90m 87 |[39m     [36mthis[39m[33m.[39mdistribution [33m=[39m [36mnew[39m cloudfront[33m.[39m[33mDistribution[39m([36mthis[39m[33m,[39m [32m'Distribution'[39m[33m,[39m {
     [90m    |[39m                         [31m[1m^[22m[39m
     [90m 88 |[39m       comment[33m:[39m [32m`TDnet Dashboard Distribution (${props.environment})`[39m[33m,[39m
     [90m 89 |[39m       defaultRootObject[33m:[39m [32m'index.html'[39m[33m,[39m
     [90m 90 |[39m       [0m

      at Object.print (node_modules/aws-cdk-lib/.warnings.jsii.js:9:146)
      at S3Origin.bind (node_modules/aws-cdk-lib/aws-cloudfront-origins/lib/s3-origin.js:1:1477)
      at WrappedClass.addOrigin (node_modules/aws-cdk-lib/aws-cloudfront/lib/distribution.js:1:23287)
      at WrappedClass.addBehavior (node_modules/aws-cdk-lib/aws-cloudfront/lib/distribution.js:1:21523)
      at WrappedClass.<anonymous> (node_modules/aws-cdk-lib/core/lib/metadata-resource.js:1:2117)
      at node_modules/aws-cdk-lib/aws-cloudfront/lib/distribution.js:1:13352
          at Array.forEach (<anonymous>)
      at new Distribution2 (node_modules/aws-cdk-lib/aws-cloudfront/lib/distribution.js:1:13305)
      at new Distribution2 (node_modules/aws-cdk-lib/core/lib/prop-injectable.js:1:783)
      at new DashboardCloudFront (cdk/lib/constructs/cloudfront.ts:87:25)
      at Object.<anonymous> (cdk/__tests__/cloudfront.test.ts:41:5)

  console.warn
    [WARNING] aws-cdk-lib.aws_cloudfront_origins.S3Origin#bind is deprecated.
      Use `S3BucketOrigin` or `S3StaticWebsiteOrigin` instead.
      This API will be removed in the next major release.

    [0m [90m 85 |[39m
     [90m 86 |[39m     [90m// CloudFront Distribution菴懈・[39m
    [31m[1m>[22m[39m[90m 87 |[39m     [36mthis[39m[33m.[39mdistribution [33m=[39m [36mnew[39m cloudfront[33m.[39m[33mDistribution[39m([36mthis[39m[33m,[39m [32m'Distribution'[39m[33m,[39m {
     [90m    |[39m                         [31m[1m^[22m[39m
     [90m 88 |[39m       comment[33m:[39m [32m`TDnet Dashboard Distribution (${props.environment})`[39m[33m,[39m
     [90m 89 |[39m       defaultRootObject[33m:[39m [32m'index.html'[39m[33m,[39m
     [90m 90 |[39m       [0m

      at Object.print (node_modules/aws-cdk-lib/.warnings.jsii.js:9:146)
      at S3Origin.bind (node_modules/aws-cdk-lib/aws-cloudfront-origins/lib/s3-origin.js:1:1477)
      at WrappedClass.addOrigin (node_modules/aws-cdk-lib/aws-cloudfront/lib/distribution.js:1:23287)
      at WrappedClass.addBehavior (node_modules/aws-cdk-lib/aws-cloudfront/lib/distribution.js:1:21523)
      at WrappedClass.<anonymous> (node_modules/aws-cdk-lib/core/lib/metadata-resource.js:1:2117)
      at node_modules/aws-cdk-lib/aws-cloudfront/lib/distribution.js:1:13352
          at Array.forEach (<anonymous>)
      at new Distribution2 (node_modules/aws-cdk-lib/aws-cloudfront/lib/distribution.js:1:13305)
      at new Distribution2 (node_modules/aws-cdk-lib/core/lib/prop-injectable.js:1:783)
      at new DashboardCloudFront (cdk/lib/constructs/cloudfront.ts:87:25)
      at Object.<anonymous> (cdk/__tests__/cloudfront.test.ts:41:5)

  console.warn
    [WARNING] aws-cdk-lib.aws_cloudfront_origins.S3Origin is deprecated.
      Use `S3BucketOrigin` or `S3StaticWebsiteOrigin` instead.
      This API will be removed in the next major release.

    [0m [90m 91 |[39m       [90m// S3繧ｪ繝ｪ繧ｸ繝ｳ險ｭ螳・[39m
     [90m 92 |[39m       defaultBehavior[33m:[39m {
    [31m[1m>[22m[39m[90m 93 |[39m         origin[33m:[39m [36mnew[39m origins[33m.[39m[33mS3Origin[39m(props[33m.[39mdashboardBucket[33m,[39m {
     [90m    |[39m                 [31m[1m^[22m[39m
     [90m 94 |[39m           originAccessIdentity[33m:[39m [36mthis[39m[33m.[39moriginAccessIdentity[33m,[39m
     [90m 95 |[39m         })[33m,[39m
     [90m 96 |[39m         viewerProtocolPolicy[33m:[39m cloudfront[33m.[39m[33mViewerProtocolPolicy[39m[33m.[39m[33mREDIRECT_TO_HTTPS[39m[33m,[39m[0m

      at Object.print (node_modules/aws-cdk-lib/.warnings.jsii.js:9:146)
      at new S3Origin (node_modules/aws-cdk-lib/aws-cloudfront-origins/lib/s3-origin.js:1:848)
      at new DashboardCloudFront (cdk/lib/constructs/cloudfront.ts:93:17)
      at Object.<anonymous> (cdk/__tests__/cloudfront.test.ts:59:5)

  console.warn
    [WARNING] aws-cdk-lib.aws_cloudfront_origins.S3Origin is deprecated.
      Use `S3BucketOrigin` or `S3StaticWebsiteOrigin` instead.
      This API will be removed in the next major release.

    [0m [90m 102 |[39m       additionalBehaviors[33m:[39m {
     [90m 103 |[39m         [32m'/static/*'[39m[33m:[39m {
    [31m[1m>[22m[39m[90m 104 |[39m           origin[33m:[39m [36mnew[39m origins[33m.[39m[33mS3Origin[39m(props[33m.[39mdashboardBucket[33m,[39m {
     [90m     |[39m                   [31m[1m^[22m[39m
     [90m 105 |[39m             originAccessIdentity[33m:[39m [36mthis[39m[33m.[39moriginAccessIdentity[33m,[39m
     [90m 106 |[39m           })[33m,[39m
     [90m 107 |[39m           viewerProtocolPolicy[33m:[39m cloudfront[33m.[39m[33mViewerProtocolPolicy[39m[33m.[39m[33mREDIRECT_TO_HTTPS[39m[33m,[39m[0m

      at Object.print (node_modules/aws-cdk-lib/.warnings.jsii.js:9:146)
      at new S3Origin (node_modules/aws-cdk-lib/aws-cloudfront-origins/lib/s3-origin.js:1:848)
      at new DashboardCloudFront (cdk/lib/constructs/cloudfront.ts:104:19)
      at Object.<anonymous> (cdk/__tests__/cloudfront.test.ts:59:5)

  console.warn
    [WARNING] aws-cdk-lib.aws_cloudfront_origins.S3Origin is deprecated.
      Use `S3BucketOrigin` or `S3StaticWebsiteOrigin` instead.
      This API will be removed in the next major release.

    [0m [90m 110 |[39m         }[33m,[39m
     [90m 111 |[39m         [32m'*.js'[39m[33m:[39m {
    [31m[1m>[22m[39m[90m 112 |[39m           origin[33m:[39m [36mnew[39m origins[33m.[39m[33mS3Origin[39m(props[33m.[39mdashboardBucket[33m,[39m {
     [90m     |[39m                   [31m[1m^[22m[39m
     [90m 113 |[39m             originAccessIdentity[33m:[39m [36mthis[39m[33m.[39moriginAccessIdentity[33m,[39m
     [90m 114 |[39m           })[33m,[39m
     [90m 115 |[39m           viewerProtocolPolicy[33m:[39m cloudfront[33m.[39m[33mViewerProtocolPolicy[39m[33m.[39m[33mREDIRECT_TO_HTTPS[39m[33m,[39m[0m

      at Object.print (node_modules/aws-cdk-lib/.warnings.jsii.js:9:146)
      at new S3Origin (node_modules/aws-cdk-lib/aws-cloudfront-origins/lib/s3-origin.js:1:848)
      at new DashboardCloudFront (cdk/lib/constructs/cloudfront.ts:112:19)
      at Object.<anonymous> (cdk/__tests__/cloudfront.test.ts:59:5)

  console.warn
    [WARNING] aws-cdk-lib.aws_cloudfront_origins.S3Origin is deprecated.
      Use `S3BucketOrigin` or `S3StaticWebsiteOrigin` instead.
      This API will be removed in the next major release.

    [0m [90m 118 |[39m         }[33m,[39m
     [90m 119 |[39m         [32m'*.css'[39m[33m:[39m {
    [31m[1m>[22m[39m[90m 120 |[39m           origin[33m:[39m [36mnew[39m origins[33m.[39m[33mS3Origin[39m(props[33m.[39mdashboardBucket[33m,[39m {
     [90m     |[39m                   [31m[1m^[22m[39m
     [90m 121 |[39m             originAccessIdentity[33m:[39m [36mthis[39m[33m.[39moriginAccessIdentity[33m,[39m
     [90m 122 |[39m           })[33m,[39m
     [90m 123 |[39m           viewerProtocolPolicy[33m:[39m cloudfront[33m.[39m[33mViewerProtocolPolicy[39m[33m.[39m[33mREDIRECT_TO_HTTPS[39m[33m,[39m[0m

      at Object.print (node_modules/aws-cdk-lib/.warnings.jsii.js:9:146)
      at new S3Origin (node_modules/aws-cdk-lib/aws-cloudfront-origins/lib/s3-origin.js:1:848)
      at new DashboardCloudFront (cdk/lib/constructs/cloudfront.ts:120:19)
      at Object.<anonymous> (cdk/__tests__/cloudfront.test.ts:59:5)

  console.warn
    [WARNING] aws-cdk-lib.aws_cloudfront_origins.S3Origin#bind is deprecated.
      Use `S3BucketOrigin` or `S3StaticWebsiteOrigin` instead.
      This API will be removed in the next major release.

    [0m [90m 85 |[39m
     [90m 86 |[39m     [90m// CloudFront Distribution菴懈・[39m
    [31m[1m>[22m[39m[90m 87 |[39m     [36mthis[39m[33m.[39mdistribution [33m=[39m [36mnew[39m cloudfront[33m.[39m[33mDistribution[39m([36mthis[39m[33m,[39m [32m'Distribution'[39m[33m,[39m {
     [90m    |[39m                         [31m[1m^[22m[39m
     [90m 88 |[39m       comment[33m:[39m [32m`TDnet Dashboard Distribution (${props.environment})`[39m[33m,[39m
     [90m 89 |[39m       defaultRootObject[33m:[39m [32m'index.html'[39m[33m,[39m
     [90m 90 |[39m       [0m

      at Object.print (node_modules/aws-cdk-lib/.warnings.jsii.js:9:146)
      at S3Origin.bind (node_modules/aws-cdk-lib/aws-cloudfront-origins/lib/s3-origin.js:1:1477)
      at WrappedClass.addOrigin (node_modules/aws-cdk-lib/aws-cloudfront/lib/distribution.js:1:23287)
      at new Distribution2 (node_modules/aws-cdk-lib/aws-cloudfront/lib/distribution.js:1:13084)
      at new Distribution2 (node_modules/aws-cdk-lib/core/lib/prop-injectable.js:1:783)
      at new DashboardCloudFront (cdk/lib/constructs/cloudfront.ts:87:25)
      at Object.<anonymous> (cdk/__tests__/cloudfront.test.ts:59:5)

  console.warn
    [WARNING] aws-cdk-lib.aws_cloudfront_origins.S3Origin#bind is deprecated.
      Use `S3BucketOrigin` or `S3StaticWebsiteOrigin` instead.
      This API will be removed in the next major release.

    [0m [90m 85 |[39m
     [90m 86 |[39m     [90m// CloudFront Distribution菴懈・[39m
    [31m[1m>[22m[39m[90m 87 |[39m     [36mthis[39m[33m.[39mdistribution [33m=[39m [36mnew[39m cloudfront[33m.[39m[33mDistribution[39m([36mthis[39m[33m,[39m [32m'Distribution'[39m[33m,[39m {
     [90m    |[39m                         [31m[1m^[22m[39m
     [90m 88 |[39m       comment[33m:[39m [32m`TDnet Dashboard Distribution (${props.environment})`[39m[33m,[39m
     [90m 89 |[39m       defaultRootObject[33m:[39m [32m'index.html'[39m[33m,[39m
     [90m 90 |[39m       [0m

      at Object.print (node_modules/aws-cdk-lib/.warnings.jsii.js:9:146)
      at S3Origin.bind (node_modules/aws-cdk-lib/aws-cloudfront-origins/lib/s3-origin.js:1:1477)
      at WrappedClass.addOrigin (node_modules/aws-cdk-lib/aws-cloudfront/lib/distribution.js:1:23287)
      at WrappedClass.addBehavior (node_modules/aws-cdk-lib/aws-cloudfront/lib/distribution.js:1:21523)
      at WrappedClass.<anonymous> (node_modules/aws-cdk-lib/core/lib/metadata-resource.js:1:2117)
      at node_modules/aws-cdk-lib/aws-cloudfront/lib/distribution.js:1:13352
          at Array.forEach (<anonymous>)
      at new Distribution2 (node_modules/aws-cdk-lib/aws-cloudfront/lib/distribution.js:1:13305)
      at new Distribution2 (node_modules/aws-cdk-lib/core/lib/prop-injectable.js:1:783)
      at new DashboardCloudFront (cdk/lib/constructs/cloudfront.ts:87:25)
      at Object.<anonymous> (cdk/__tests__/cloudfront.test.ts:59:5)

  console.warn
    [WARNING] aws-cdk-lib.aws_cloudfront_origins.S3Origin#bind is deprecated.
      Use `S3BucketOrigin` or `S3StaticWebsiteOrigin` instead.
      This API will be removed in the next major release.

    [0m [90m 85 |[39m
     [90m 86 |[39m     [90m// CloudFront Distribution菴懈・[39m
    [31m[1m>[22m[39m[90m 87 |[39m     [36mthis[39m[33m.[39mdistribution [33m=[39m [36mnew[39m cloudfront[33m.[39m[33mDistribution[39m([36mthis[39m[33m,[39m [32m'Distribution'[39m[33m,[39m {
     [90m    |[39m                         [31m[1m^[22m[39m
     [90m 88 |[39m       comment[33m:[39m [32m`TDnet Dashboard Distribution (${props.environment})`[39m[33m,[39m
     [90m 89 |[39m       defaultRootObject[33m:[39m [32m'index.html'[39m[33m,[39m
     [90m 90 |[39m       [0m

      at Object.print (node_modules/aws-cdk-lib/.warnings.jsii.js:9:146)
      at S3Origin.bind (node_modules/aws-cdk-lib/aws-cloudfront-origins/lib/s3-origin.js:1:1477)
      at WrappedClass.addOrigin (node_modules/aws-cdk-lib/aws-cloudfront/lib/distribution.js:1:23287)
      at WrappedClass.addBehavior (node_modules/aws-cdk-lib/aws-cloudfront/lib/distribution.js:1:21523)
      at WrappedClass.<anonymous> (node_modules/aws-cdk-lib/core/lib/metadata-resource.js:1:2117)
      at node_modules/aws-cdk-lib/aws-cloudfront/lib/distribution.js:1:13352
          at Array.forEach (<anonymous>)
      at new Distribution2 (node_modules/aws-cdk-lib/aws-cloudfront/lib/distribution.js:1:13305)
      at new Distribution2 (node_modules/aws-cdk-lib/core/lib/prop-injectable.js:1:783)
      at new DashboardCloudFront (cdk/lib/constructs/cloudfront.ts:87:25)
      at Object.<anonymous> (cdk/__tests__/cloudfront.test.ts:59:5)

  console.warn
    [WARNING] aws-cdk-lib.aws_cloudfront_origins.S3Origin#bind is deprecated.
      Use `S3BucketOrigin` or `S3StaticWebsiteOrigin` instead.
      This API will be removed in the next major release.

    [0m [90m 85 |[39m
     [90m 86 |[39m     [90m// CloudFront Distribution菴懈・[39m
    [31m[1m>[22m[39m[90m 87 |[39m     [36mthis[39m[33m.[39mdistribution [33m=[39m [36mnew[39m cloudfront[33m.[39m[33mDistribution[39m([36mthis[39m[33m,[39m [32m'Distribution'[39m[33m,[39m {
     [90m    |[39m                         [31m[1m^[22m[39m
     [90m 88 |[39m       comment[33m:[39m [32m`TDnet Dashboard Distribution (${props.environment})`[39m[33m,[39m
     [90m 89 |[39m       defaultRootObject[33m:[39m [32m'index.html'[39m[33m,[39m
     [90m 90 |[39m       [0m

      at Object.print (node_modules/aws-cdk-lib/.warnings.jsii.js:9:146)
      at S3Origin.bind (node_modules/aws-cdk-lib/aws-cloudfront-origins/lib/s3-origin.js:1:1477)
      at WrappedClass.addOrigin (node_modules/aws-cdk-lib/aws-cloudfront/lib/distribution.js:1:23287)
      at WrappedClass.addBehavior (node_modules/aws-cdk-lib/aws-cloudfront/lib/distribution.js:1:21523)
      at WrappedClass.<anonymous> (node_modules/aws-cdk-lib/core/lib/metadata-resource.js:1:2117)
      at node_modules/aws-cdk-lib/aws-cloudfront/lib/distribution.js:1:13352
          at Array.forEach (<anonymous>)
      at new Distribution2 (node_modules/aws-cdk-lib/aws-cloudfront/lib/distribution.js:1:13305)
      at new Distribution2 (node_modules/aws-cdk-lib/core/lib/prop-injectable.js:1:783)
      at new DashboardCloudFront (cdk/lib/constructs/cloudfront.ts:87:25)
      at Object.<anonymous> (cdk/__tests__/cloudfront.test.ts:59:5)

  console.warn
    [WARNING] aws-cdk-lib.aws_cloudfront_origins.S3Origin is deprecated.
      Use `S3BucketOrigin` or `S3StaticWebsiteOrigin` instead.
      This API will be removed in the next major release.

    [0m [90m 91 |[39m       [90m// S3繧ｪ繝ｪ繧ｸ繝ｳ險ｭ螳・[39m
     [90m 92 |[39m       defaultBehavior[33m:[39m {
    [31m[1m>[22m[39m[90m 93 |[39m         origin[33m:[39m [36mnew[39m origins[33m.[39m[33mS3Origin[39m(props[33m.[39mdashboardBucket[33m,[39m {
     [90m    |[39m                 [31m[1m^[22m[39m
     [90m 94 |[39m           originAccessIdentity[33m:[39m [36mthis[39m[33m.[39moriginAccessIdentity[33m,[39m
     [90m 95 |[39m         })[33m,[39m
     [90m 96 |[39m         viewerProtocolPolicy[33m:[39m cloudfront[33m.[39m[33mViewerProtocolPolicy[39m[33m.[39m[33mREDIRECT_TO_HTTPS[39m[33m,[39m[0m

      at Object.print (node_modules/aws-cdk-lib/.warnings.jsii.js:9:146)
      at new S3Origin (node_modules/aws-cdk-lib/aws-cloudfront-origins/lib/s3-origin.js:1:848)
      at new DashboardCloudFront (cdk/lib/constructs/cloudfront.ts:93:17)
      at Object.<anonymous> (cdk/__tests__/cloudfront.test.ts:84:5)

  console.warn
    [WARNING] aws-cdk-lib.aws_cloudfront_origins.S3Origin is deprecated.
      Use `S3BucketOrigin` or `S3StaticWebsiteOrigin` instead.
      This API will be removed in the next major release.

    [0m [90m 102 |[39m       additionalBehaviors[33m:[39m {
     [90m 103 |[39m         [32m'/static/*'[39m[33m:[39m {
    [31m[1m>[22m[39m[90m 104 |[39m           origin[33m:[39m [36mnew[39m origins[33m.[39m[33mS3Origin[39m(props[33m.[39mdashboardBucket[33m,[39m {
     [90m     |[39m                   [31m[1m^[22m[39m
     [90m 105 |[39m             originAccessIdentity[33m:[39m [36mthis[39m[33m.[39moriginAccessIdentity[33m,[39m
     [90m 106 |[39m           })[33m,[39m
     [90m 107 |[39m           viewerProtocolPolicy[33m:[39m cloudfront[33m.[39m[33mViewerProtocolPolicy[39m[33m.[39m[33mREDIRECT_TO_HTTPS[39m[33m,[39m[0m

      at Object.print (node_modules/aws-cdk-lib/.warnings.jsii.js:9:146)
      at new S3Origin (node_modules/aws-cdk-lib/aws-cloudfront-origins/lib/s3-origin.js:1:848)
      at new DashboardCloudFront (cdk/lib/constructs/cloudfront.ts:104:19)
      at Object.<anonymous> (cdk/__tests__/cloudfront.test.ts:84:5)

  console.warn
    [WARNING] aws-cdk-lib.aws_cloudfront_origins.S3Origin is deprecated.
      Use `S3BucketOrigin` or `S3StaticWebsiteOrigin` instead.
      This API will be removed in the next major release.

    [0m [90m 110 |[39m         }[33m,[39m
     [90m 111 |[39m         [32m'*.js'[39m[33m:[39m {
    [31m[1m>[22m[39m[90m 112 |[39m           origin[33m:[39m [36mnew[39m origins[33m.[39m[33mS3Origin[39m(props[33m.[39mdashboardBucket[33m,[39m {
     [90m     |[39m                   [31m[1m^[22m[39m
     [90m 113 |[39m             originAccessIdentity[33m:[39m [36mthis[39m[33m.[39moriginAccessIdentity[33m,[39m
     [90m 114 |[39m           })[33m,[39m
     [90m 115 |[39m           viewerProtocolPolicy[33m:[39m cloudfront[33m.[39m[33mViewerProtocolPolicy[39m[33m.[39m[33mREDIRECT_TO_HTTPS[39m[33m,[39m[0m

      at Object.print (node_modules/aws-cdk-lib/.warnings.jsii.js:9:146)
      at new S3Origin (node_modules/aws-cdk-lib/aws-cloudfront-origins/lib/s3-origin.js:1:848)
      at new DashboardCloudFront (cdk/lib/constructs/cloudfront.ts:112:19)
      at Object.<anonymous> (cdk/__tests__/cloudfront.test.ts:84:5)

  console.warn
    [WARNING] aws-cdk-lib.aws_cloudfront_origins.S3Origin is deprecated.
      Use `S3BucketOrigin` or `S3StaticWebsiteOrigin` instead.
      This API will be removed in the next major release.

    [0m [90m 118 |[39m         }[33m,[39m
     [90m 119 |[39m         [32m'*.css'[39m[33m:[39m {
    [31m[1m>[22m[39m[90m 120 |[39m           origin[33m:[39m [36mnew[39m origins[33m.[39m[33mS3Origin[39m(props[33m.[39mdashboardBucket[33m,[39m {
     [90m     |[39m                   [31m[1m^[22m[39m
     [90m 121 |[39m             originAccessIdentity[33m:[39m [36mthis[39m[33m.[39moriginAccessIdentity[33m,[39m
     [90m 122 |[39m           })[33m,[39m
     [90m 123 |[39m           viewerProtocolPolicy[33m:[39m cloudfront[33m.[39m[33mViewerProtocolPolicy[39m[33m.[39m[33mREDIRECT_TO_HTTPS[39m[33m,[39m[0m

      at Object.print (node_modules/aws-cdk-lib/.warnings.jsii.js:9:146)
      at new S3Origin (node_modules/aws-cdk-lib/aws-cloudfront-origins/lib/s3-origin.js:1:848)
      at new DashboardCloudFront (cdk/lib/constructs/cloudfront.ts:120:19)
      at Object.<anonymous> (cdk/__tests__/cloudfront.test.ts:84:5)

  console.warn
    [WARNING] aws-cdk-lib.aws_cloudfront_origins.S3Origin#bind is deprecated.
      Use `S3BucketOrigin` or `S3StaticWebsiteOrigin` instead.
      This API will be removed in the next major release.

    [0m [90m 85 |[39m
     [90m 86 |[39m     [90m// CloudFront Distribution菴懈・[39m
    [31m[1m>[22m[39m[90m 87 |[39m     [36mthis[39m[33m.[39mdistribution [33m=[39m [36mnew[39m cloudfront[33m.[39m[33mDistribution[39m([36mthis[39m[33m,[39m [32m'Distribution'[39m[33m,[39m {
     [90m    |[39m                         [31m[1m^[22m[39m
     [90m 88 |[39m       comment[33m:[39m [32m`TDnet Dashboard Distribution (${props.environment})`[39m[33m,[39m
     [90m 89 |[39m       defaultRootObject[33m:[39m [32m'index.html'[39m[33m,[39m
     [90m 90 |[39m       [0m

      at Object.print (node_modules/aws-cdk-lib/.warnings.jsii.js:9:146)
      at S3Origin.bind (node_modules/aws-cdk-lib/aws-cloudfront-origins/lib/s3-origin.js:1:1477)
      at WrappedClass.addOrigin (node_modules/aws-cdk-lib/aws-cloudfront/lib/distribution.js:1:23287)
      at new Distribution2 (node_modules/aws-cdk-lib/aws-cloudfront/lib/distribution.js:1:13084)
      at new Distribution2 (node_modules/aws-cdk-lib/core/lib/prop-injectable.js:1:783)
      at new DashboardCloudFront (cdk/lib/constructs/cloudfront.ts:87:25)
      at Object.<anonymous> (cdk/__tests__/cloudfront.test.ts:84:5)

  console.warn
    [WARNING] aws-cdk-lib.aws_cloudfront_origins.S3Origin#bind is deprecated.
      Use `S3BucketOrigin` or `S3StaticWebsiteOrigin` instead.
      This API will be removed in the next major release.

    [0m [90m 85 |[39m
     [90m 86 |[39m     [90m// CloudFront Distribution菴懈・[39m
    [31m[1m>[22m[39m[90m 87 |[39m     [36mthis[39m[33m.[39mdistribution [33m=[39m [36mnew[39m cloudfront[33m.[39m[33mDistribution[39m([36mthis[39m[33m,[39m [32m'Distribution'[39m[33m,[39m {
     [90m    |[39m                         [31m[1m^[22m[39m
     [90m 88 |[39m       comment[33m:[39m [32m`TDnet Dashboard Distribution (${props.environment})`[39m[33m,[39m
     [90m 89 |[39m       defaultRootObject[33m:[39m [32m'index.html'[39m[33m,[39m
     [90m 90 |[39m       [0m

      at Object.print (node_modules/aws-cdk-lib/.warnings.jsii.js:9:146)
      at S3Origin.bind (node_modules/aws-cdk-lib/aws-cloudfront-origins/lib/s3-origin.js:1:1477)
      at WrappedClass.addOrigin (node_modules/aws-cdk-lib/aws-cloudfront/lib/distribution.js:1:23287)
      at WrappedClass.addBehavior (node_modules/aws-cdk-lib/aws-cloudfront/lib/distribution.js:1:21523)
      at WrappedClass.<anonymous> (node_modules/aws-cdk-lib/core/lib/metadata-resource.js:1:2117)
      at node_modules/aws-cdk-lib/aws-cloudfront/lib/distribution.js:1:13352
          at Array.forEach (<anonymous>)
      at new Distribution2 (node_modules/aws-cdk-lib/aws-cloudfront/lib/distribution.js:1:13305)
      at new Distribution2 (node_modules/aws-cdk-lib/core/lib/prop-injectable.js:1:783)
      at new DashboardCloudFront (cdk/lib/constructs/cloudfront.ts:87:25)
      at Object.<anonymous> (cdk/__tests__/cloudfront.test.ts:84:5)

  console.warn
    [WARNING] aws-cdk-lib.aws_cloudfront_origins.S3Origin#bind is deprecated.
      Use `S3BucketOrigin` or `S3StaticWebsiteOrigin` instead.
      This API will be removed in the next major release.

    [0m [90m 85 |[39m
     [90m 86 |[39m     [90m// CloudFront Distribution菴懈・[39m
    [31m[1m>[22m[39m[90m 87 |[39m     [36mthis[39m[33m.[39mdistribution [33m=[39m [36mnew[39m cloudfront[33m.[39m[33mDistribution[39m([36mthis[39m[33m,[39m [32m'Distribution'[39m[33m,[39m {
     [90m    |[39m                         [31m[1m^[22m[39m
     [90m 88 |[39m       comment[33m:[39m [32m`TDnet Dashboard Distribution (${props.environment})`[39m[33m,[39m
     [90m 89 |[39m       defaultRootObject[33m:[39m [32m'index.html'[39m[33m,[39m
     [90m 90 |[39m       [0m

      at Object.print (node_modules/aws-cdk-lib/.warnings.jsii.js:9:146)
      at S3Origin.bind (node_modules/aws-cdk-lib/aws-cloudfront-origins/lib/s3-origin.js:1:1477)
      at WrappedClass.addOrigin (node_modules/aws-cdk-lib/aws-cloudfront/lib/distribution.js:1:23287)
      at WrappedClass.addBehavior (node_modules/aws-cdk-lib/aws-cloudfront/lib/distribution.js:1:21523)
      at WrappedClass.<anonymous> (node_modules/aws-cdk-lib/core/lib/metadata-resource.js:1:2117)
      at node_modules/aws-cdk-lib/aws-cloudfront/lib/distribution.js:1:13352
          at Array.forEach (<anonymous>)
      at new Distribution2 (node_modules/aws-cdk-lib/aws-cloudfront/lib/distribution.js:1:13305)
      at new Distribution2 (node_modules/aws-cdk-lib/core/lib/prop-injectable.js:1:783)
      at new DashboardCloudFront (cdk/lib/constructs/cloudfront.ts:87:25)
      at Object.<anonymous> (cdk/__tests__/cloudfront.test.ts:84:5)

  console.warn
    [WARNING] aws-cdk-lib.aws_cloudfront_origins.S3Origin#bind is deprecated.
      Use `S3BucketOrigin` or `S3StaticWebsiteOrigin` instead.
      This API will be removed in the next major release.

    [0m [90m 85 |[39m
     [90m 86 |[39m     [90m// CloudFront Distribution菴懈・[39m
    [31m[1m>[22m[39m[90m 87 |[39m     [36mthis[39m[33m.[39mdistribution [33m=[39m [36mnew[39m cloudfront[33m.[39m[33mDistribution[39m([36mthis[39m[33m,[39m [32m'Distribution'[39m[33m,[39m {
     [90m    |[39m                         [31m[1m^[22m[39m
     [90m 88 |[39m       comment[33m:[39m [32m`TDnet Dashboard Distribution (${props.environment})`[39m[33m,[39m
     [90m 89 |[39m       defaultRootObject[33m:[39m [32m'index.html'[39m[33m,[39m
     [90m 90 |[39m       [0m

      at Object.print (node_modules/aws-cdk-lib/.warnings.jsii.js:9:146)
      at S3Origin.bind (node_modules/aws-cdk-lib/aws-cloudfront-origins/lib/s3-origin.js:1:1477)
      at WrappedClass.addOrigin (node_modules/aws-cdk-lib/aws-cloudfront/lib/distribution.js:1:23287)
      at WrappedClass.addBehavior (node_modules/aws-cdk-lib/aws-cloudfront/lib/distribution.js:1:21523)
      at WrappedClass.<anonymous> (node_modules/aws-cdk-lib/core/lib/metadata-resource.js:1:2117)
      at node_modules/aws-cdk-lib/aws-cloudfront/lib/distribution.js:1:13352
          at Array.forEach (<anonymous>)
      at new Distribution2 (node_modules/aws-cdk-lib/aws-cloudfront/lib/distribution.js:1:13305)
      at new Distribution2 (node_modules/aws-cdk-lib/core/lib/prop-injectable.js:1:783)
      at new DashboardCloudFront (cdk/lib/constructs/cloudfront.ts:87:25)
      at Object.<anonymous> (cdk/__tests__/cloudfront.test.ts:84:5)

  console.warn
    [WARNING] aws-cdk-lib.aws_cloudfront_origins.S3Origin is deprecated.
      Use `S3BucketOrigin` or `S3StaticWebsiteOrigin` instead.
      This API will be removed in the next major release.

    [0m [90m 91 |[39m       [90m// S3繧ｪ繝ｪ繧ｸ繝ｳ險ｭ螳・[39m
     [90m 92 |[39m       defaultBehavior[33m:[39m {
    [31m[1m>[22m[39m[90m 93 |[39m         origin[33m:[39m [36mnew[39m origins[33m.[39m[33mS3Origin[39m(props[33m.[39mdashboardBucket[33m,[39m {
     [90m    |[39m                 [31m[1m^[22m[39m
     [90m 94 |[39m           originAccessIdentity[33m:[39m [36mthis[39m[33m.[39moriginAccessIdentity[33m,[39m
     [90m 95 |[39m         })[33m,[39m
     [90m 96 |[39m         viewerProtocolPolicy[33m:[39m cloudfront[33m.[39m[33mViewerProtocolPolicy[39m[33m.[39m[33mREDIRECT_TO_HTTPS[39m[33m,[39m[0m

      at Object.print (node_modules/aws-cdk-lib/.warnings.jsii.js:9:146)
      at new S3Origin (node_modules/aws-cdk-lib/aws-cloudfront-origins/lib/s3-origin.js:1:848)
      at new DashboardCloudFront (cdk/lib/constructs/cloudfront.ts:93:17)
      at Object.<anonymous> (cdk/__tests__/cloudfront.test.ts:102:5)

  console.warn
    [WARNING] aws-cdk-lib.aws_cloudfront_origins.S3Origin is deprecated.
      Use `S3BucketOrigin` or `S3StaticWebsiteOrigin` instead.
      This API will be removed in the next major release.

    [0m [90m 102 |[39m       additionalBehaviors[33m:[39m {
     [90m 103 |[39m         [32m'/static/*'[39m[33m:[39m {
    [31m[1m>[22m[39m[90m 104 |[39m           origin[33m:[39m [36mnew[39m origins[33m.[39m[33mS3Origin[39m(props[33m.[39mdashboardBucket[33m,[39m {
     [90m     |[39m                   [31m[1m^[22m[39m
     [90m 105 |[39m             originAccessIdentity[33m:[39m [36mthis[39m[33m.[39moriginAccessIdentity[33m,[39m
     [90m 106 |[39m           })[33m,[39m
     [90m 107 |[39m           viewerProtocolPolicy[33m:[39m cloudfront[33m.[39m[33mViewerProtocolPolicy[39m[33m.[39m[33mREDIRECT_TO_HTTPS[39m[33m,[39m[0m

      at Object.print (node_modules/aws-cdk-lib/.warnings.jsii.js:9:146)
      at new S3Origin (node_modules/aws-cdk-lib/aws-cloudfront-origins/lib/s3-origin.js:1:848)
      at new DashboardCloudFront (cdk/lib/constructs/cloudfront.ts:104:19)
      at Object.<anonymous> (cdk/__tests__/cloudfront.test.ts:102:5)

  console.warn
    [WARNING] aws-cdk-lib.aws_cloudfront_origins.S3Origin is deprecated.
      Use `S3BucketOrigin` or `S3StaticWebsiteOrigin` instead.
      This API will be removed in the next major release.

    [0m [90m 110 |[39m         }[33m,[39m
     [90m 111 |[39m         [32m'*.js'[39m[33m:[39m {
    [31m[1m>[22m[39m[90m 112 |[39m           origin[33m:[39m [36mnew[39m origins[33m.[39m[33mS3Origin[39m(props[33m.[39mdashboardBucket[33m,[39m {
     [90m     |[39m                   [31m[1m^[22m[39m
     [90m 113 |[39m             originAccessIdentity[33m:[39m [36mthis[39m[33m.[39moriginAccessIdentity[33m,[39m
     [90m 114 |[39m           })[33m,[39m
     [90m 115 |[39m           viewerProtocolPolicy[33m:[39m cloudfront[33m.[39m[33mViewerProtocolPolicy[39m[33m.[39m[33mREDIRECT_TO_HTTPS[39m[33m,[39m[0m

      at Object.print (node_modules/aws-cdk-lib/.warnings.jsii.js:9:146)
      at new S3Origin (node_modules/aws-cdk-lib/aws-cloudfront-origins/lib/s3-origin.js:1:848)
      at new DashboardCloudFront (cdk/lib/constructs/cloudfront.ts:112:19)
      at Object.<anonymous> (cdk/__tests__/cloudfront.test.ts:102:5)

  console.warn
    [WARNING] aws-cdk-lib.aws_cloudfront_origins.S3Origin is deprecated.
      Use `S3BucketOrigin` or `S3StaticWebsiteOrigin` instead.
      This API will be removed in the next major release.

    [0m [90m 118 |[39m         }[33m,[39m
     [90m 119 |[39m         [32m'*.css'[39m[33m:[39m {
    [31m[1m>[22m[39m[90m 120 |[39m           origin[33m:[39m [36mnew[39m origins[33m.[39m[33mS3Origin[39m(props[33m.[39mdashboardBucket[33m,[39m {
     [90m     |[39m                   [31m[1m^[22m[39m
     [90m 121 |[39m             originAccessIdentity[33m:[39m [36mthis[39m[33m.[39moriginAccessIdentity[33m,[39m
     [90m 122 |[39m           })[33m,[39m
     [90m 123 |[39m           viewerProtocolPolicy[33m:[39m cloudfront[33m.[39m[33mViewerProtocolPolicy[39m[33m.[39m[33mREDIRECT_TO_HTTPS[39m[33m,[39m[0m

      at Object.print (node_modules/aws-cdk-lib/.warnings.jsii.js:9:146)
      at new S3Origin (node_modules/aws-cdk-lib/aws-cloudfront-origins/lib/s3-origin.js:1:848)
      at new DashboardCloudFront (cdk/lib/constructs/cloudfront.ts:120:19)
      at Object.<anonymous> (cdk/__tests__/cloudfront.test.ts:102:5)

  console.warn
    [WARNING] aws-cdk-lib.aws_cloudfront_origins.S3Origin#bind is deprecated.
      Use `S3BucketOrigin` or `S3StaticWebsiteOrigin` instead.
      This API will be removed in the next major release.

    [0m [90m 85 |[39m
     [90m 86 |[39m     [90m// CloudFront Distribution菴懈・[39m
    [31m[1m>[22m[39m[90m 87 |[39m     [36mthis[39m[33m.[39mdistribution [33m=[39m [36mnew[39m cloudfront[33m.[39m[33mDistribution[39m([36mthis[39m[33m,[39m [32m'Distribution'[39m[33m,[39m {
     [90m    |[39m                         [31m[1m^[22m[39m
     [90m 88 |[39m       comment[33m:[39m [32m`TDnet Dashboard Distribution (${props.environment})`[39m[33m,[39m
     [90m 89 |[39m       defaultRootObject[33m:[39m [32m'index.html'[39m[33m,[39m
     [90m 90 |[39m       [0m

      at Object.print (node_modules/aws-cdk-lib/.warnings.jsii.js:9:146)
      at S3Origin.bind (node_modules/aws-cdk-lib/aws-cloudfront-origins/lib/s3-origin.js:1:1477)
      at WrappedClass.addOrigin (node_modules/aws-cdk-lib/aws-cloudfront/lib/distribution.js:1:23287)
      at new Distribution2 (node_modules/aws-cdk-lib/aws-cloudfront/lib/distribution.js:1:13084)
      at new Distribution2 (node_modules/aws-cdk-lib/core/lib/prop-injectable.js:1:783)
      at new DashboardCloudFront (cdk/lib/constructs/cloudfront.ts:87:25)
      at Object.<anonymous> (cdk/__tests__/cloudfront.test.ts:102:5)

  console.warn
    [WARNING] aws-cdk-lib.aws_cloudfront_origins.S3Origin#bind is deprecated.
      Use `S3BucketOrigin` or `S3StaticWebsiteOrigin` instead.
      This API will be removed in the next major release.

    [0m [90m 85 |[39m
     [90m 86 |[39m     [90m// CloudFront Distribution菴懈・[39m
    [31m[1m>[22m[39m[90m 87 |[39m     [36mthis[39m[33m.[39mdistribution [33m=[39m [36mnew[39m cloudfront[33m.[39m[33mDistribution[39m([36mthis[39m[33m,[39m [32m'Distribution'[39m[33m,[39m {
     [90m    |[39m                         [31m[1m^[22m[39m
     [90m 88 |[39m       comment[33m:[39m [32m`TDnet Dashboard Distribution (${props.environment})`[39m[33m,[39m
     [90m 89 |[39m       defaultRootObject[33m:[39m [32m'index.html'[39m[33m,[39m
     [90m 90 |[39m       [0m

      at Object.print (node_modules/aws-cdk-lib/.warnings.jsii.js:9:146)
      at S3Origin.bind (node_modules/aws-cdk-lib/aws-cloudfront-origins/lib/s3-origin.js:1:1477)
      at WrappedClass.addOrigin (node_modules/aws-cdk-lib/aws-cloudfront/lib/distribution.js:1:23287)
      at WrappedClass.addBehavior (node_modules/aws-cdk-lib/aws-cloudfront/lib/distribution.js:1:21523)
      at WrappedClass.<anonymous> (node_modules/aws-cdk-lib/core/lib/metadata-resource.js:1:2117)
      at node_modules/aws-cdk-lib/aws-cloudfront/lib/distribution.js:1:13352
          at Array.forEach (<anonymous>)
      at new Distribution2 (node_modules/aws-cdk-lib/aws-cloudfront/lib/distribution.js:1:13305)
      at new Distribution2 (node_modules/aws-cdk-lib/core/lib/prop-injectable.js:1:783)
      at new DashboardCloudFront (cdk/lib/constructs/cloudfront.ts:87:25)
      at Object.<anonymous> (cdk/__tests__/cloudfront.test.ts:102:5)

  console.warn
    [WARNING] aws-cdk-lib.aws_cloudfront_origins.S3Origin#bind is deprecated.
      Use `S3BucketOrigin` or `S3StaticWebsiteOrigin` instead.
      This API will be removed in the next major release.

    [0m [90m 85 |[39m
     [90m 86 |[39m     [90m// CloudFront Distribution菴懈・[39m
    [31m[1m>[22m[39m[90m 87 |[39m     [36mthis[39m[33m.[39mdistribution [33m=[39m [36mnew[39m cloudfront[33m.[39m[33mDistribution[39m([36mthis[39m[33m,[39m [32m'Distribution'[39m[33m,[39m {
     [90m    |[39m                         [31m[1m^[22m[39m
     [90m 88 |[39m       comment[33m:[39m [32m`TDnet Dashboard Distribution (${props.environment})`[39m[33m,[39m
     [90m 89 |[39m       defaultRootObject[33m:[39m [32m'index.html'[39m[33m,[39m
     [90m 90 |[39m       [0m

      at Object.print (node_modules/aws-cdk-lib/.warnings.jsii.js:9:146)
      at S3Origin.bind (node_modules/aws-cdk-lib/aws-cloudfront-origins/lib/s3-origin.js:1:1477)
      at WrappedClass.addOrigin (node_modules/aws-cdk-lib/aws-cloudfront/lib/distribution.js:1:23287)
      at WrappedClass.addBehavior (node_modules/aws-cdk-lib/aws-cloudfront/lib/distribution.js:1:21523)
      at WrappedClass.<anonymous> (node_modules/aws-cdk-lib/core/lib/metadata-resource.js:1:2117)
      at node_modules/aws-cdk-lib/aws-cloudfront/lib/distribution.js:1:13352
          at Array.forEach (<anonymous>)
      at new Distribution2 (node_modules/aws-cdk-lib/aws-cloudfront/lib/distribution.js:1:13305)
      at new Distribution2 (node_modules/aws-cdk-lib/core/lib/prop-injectable.js:1:783)
      at new DashboardCloudFront (cdk/lib/constructs/cloudfront.ts:87:25)
      at Object.<anonymous> (cdk/__tests__/cloudfront.test.ts:102:5)

  console.warn
    [WARNING] aws-cdk-lib.aws_cloudfront_origins.S3Origin#bind is deprecated.
      Use `S3BucketOrigin` or `S3StaticWebsiteOrigin` instead.
      This API will be removed in the next major release.

    [0m [90m 85 |[39m
     [90m 86 |[39m     [90m// CloudFront Distribution菴懈・[39m
    [31m[1m>[22m[39m[90m 87 |[39m     [36mthis[39m[33m.[39mdistribution [33m=[39m [36mnew[39m cloudfront[33m.[39m[33mDistribution[39m([36mthis[39m[33m,[39m [32m'Distribution'[39m[33m,[39m {
     [90m    |[39m                         [31m[1m^[22m[39m
     [90m 88 |[39m       comment[33m:[39m [32m`TDnet Dashboard Distribution (${props.environment})`[39m[33m,[39m
     [90m 89 |[39m       defaultRootObject[33m:[39m [32m'index.html'[39m[33m,[39m
     [90m 90 |[39m       [0m

      at Object.print (node_modules/aws-cdk-lib/.warnings.jsii.js:9:146)
      at S3Origin.bind (node_modules/aws-cdk-lib/aws-cloudfront-origins/lib/s3-origin.js:1:1477)
      at WrappedClass.addOrigin (node_modules/aws-cdk-lib/aws-cloudfront/lib/distribution.js:1:23287)
      at WrappedClass.addBehavior (node_modules/aws-cdk-lib/aws-cloudfront/lib/distribution.js:1:21523)
      at WrappedClass.<anonymous> (node_modules/aws-cdk-lib/core/lib/metadata-resource.js:1:2117)
      at node_modules/aws-cdk-lib/aws-cloudfront/lib/distribution.js:1:13352
          at Array.forEach (<anonymous>)
      at new Distribution2 (node_modules/aws-cdk-lib/aws-cloudfront/lib/distribution.js:1:13305)
      at new Distribution2 (node_modules/aws-cdk-lib/core/lib/prop-injectable.js:1:783)
      at new DashboardCloudFront (cdk/lib/constructs/cloudfront.ts:87:25)
      at Object.<anonymous> (cdk/__tests__/cloudfront.test.ts:102:5)

  console.warn
    [WARNING] aws-cdk-lib.aws_cloudfront_origins.S3Origin is deprecated.
      Use `S3BucketOrigin` or `S3StaticWebsiteOrigin` instead.
      This API will be removed in the next major release.

    [0m [90m 91 |[39m       [90m// S3繧ｪ繝ｪ繧ｸ繝ｳ險ｭ螳・[39m
     [90m 92 |[39m       defaultBehavior[33m:[39m {
    [31m[1m>[22m[39m[90m 93 |[39m         origin[33m:[39m [36mnew[39m origins[33m.[39m[33mS3Origin[39m(props[33m.[39mdashboardBucket[33m,[39m {
     [90m    |[39m                 [31m[1m^[22m[39m
     [90m 94 |[39m           originAccessIdentity[33m:[39m [36mthis[39m[33m.[39moriginAccessIdentity[33m,[39m
     [90m 95 |[39m         })[33m,[39m
     [90m 96 |[39m         viewerProtocolPolicy[33m:[39m cloudfront[33m.[39m[33mViewerProtocolPolicy[39m[33m.[39m[33mREDIRECT_TO_HTTPS[39m[33m,[39m[0m

      at Object.print (node_modules/aws-cdk-lib/.warnings.jsii.js:9:146)
      at new S3Origin (node_modules/aws-cdk-lib/aws-cloudfront-origins/lib/s3-origin.js:1:848)
      at new DashboardCloudFront (cdk/lib/constructs/cloudfront.ts:93:17)
      at Object.<anonymous> (cdk/__tests__/cloudfront.test.ts:121:5)

  console.warn
    [WARNING] aws-cdk-lib.aws_cloudfront_origins.S3Origin is deprecated.
      Use `S3BucketOrigin` or `S3StaticWebsiteOrigin` instead.
      This API will be removed in the next major release.

    [0m [90m 102 |[39m       additionalBehaviors[33m:[39m {
     [90m 103 |[39m         [32m'/static/*'[39m[33m:[39m {
    [31m[1m>[22m[39m[90m 104 |[39m           origin[33m:[39m [36mnew[39m origins[33m.[39m[33mS3Origin[39m(props[33m.[39mdashboardBucket[33m,[39m {
     [90m     |[39m                   [31m[1m^[22m[39m
     [90m 105 |[39m             originAccessIdentity[33m:[39m [36mthis[39m[33m.[39moriginAccessIdentity[33m,[39m
     [90m 106 |[39m           })[33m,[39m
     [90m 107 |[39m           viewerProtocolPolicy[33m:[39m cloudfront[33m.[39m[33mViewerProtocolPolicy[39m[33m.[39m[33mREDIRECT_TO_HTTPS[39m[33m,[39m[0m

      at Object.print (node_modules/aws-cdk-lib/.warnings.jsii.js:9:146)
      at new S3Origin (node_modules/aws-cdk-lib/aws-cloudfront-origins/lib/s3-origin.js:1:848)
      at new DashboardCloudFront (cdk/lib/constructs/cloudfront.ts:104:19)
      at Object.<anonymous> (cdk/__tests__/cloudfront.test.ts:121:5)

  console.warn
    [WARNING] aws-cdk-lib.aws_cloudfront_origins.S3Origin is deprecated.
      Use `S3BucketOrigin` or `S3StaticWebsiteOrigin` instead.
      This API will be removed in the next major release.

    [0m [90m 110 |[39m         }[33m,[39m
     [90m 111 |[39m         [32m'*.js'[39m[33m:[39m {
    [31m[1m>[22m[39m[90m 112 |[39m           origin[33m:[39m [36mnew[39m origins[33m.[39m[33mS3Origin[39m(props[33m.[39mdashboardBucket[33m,[39m {
     [90m     |[39m                   [31m[1m^[22m[39m
     [90m 113 |[39m             originAccessIdentity[33m:[39m [36mthis[39m[33m.[39moriginAccessIdentity[33m,[39m
     [90m 114 |[39m           })[33m,[39m
     [90m 115 |[39m           viewerProtocolPolicy[33m:[39m cloudfront[33m.[39m[33mViewerProtocolPolicy[39m[33m.[39m[33mREDIRECT_TO_HTTPS[39m[33m,[39m[0m

      at Object.print (node_modules/aws-cdk-lib/.warnings.jsii.js:9:146)
      at new S3Origin (node_modules/aws-cdk-lib/aws-cloudfront-origins/lib/s3-origin.js:1:848)
      at new DashboardCloudFront (cdk/lib/constructs/cloudfront.ts:112:19)
      at Object.<anonymous> (cdk/__tests__/cloudfront.test.ts:121:5)

  console.warn
    [WARNING] aws-cdk-lib.aws_cloudfront_origins.S3Origin is deprecated.
      Use `S3BucketOrigin` or `S3StaticWebsiteOrigin` instead.
      This API will be removed in the next major release.

    [0m [90m 118 |[39m         }[33m,[39m
     [90m 119 |[39m         [32m'*.css'[39m[33m:[39m {
    [31m[1m>[22m[39m[90m 120 |[39m           origin[33m:[39m [36mnew[39m origins[33m.[39m[33mS3Origin[39m(props[33m.[39mdashboardBucket[33m,[39m {
     [90m     |[39m                   [31m[1m^[22m[39m
     [90m 121 |[39m             originAccessIdentity[33m:[39m [36mthis[39m[33m.[39moriginAccessIdentity[33m,[39m
     [90m 122 |[39m           })[33m,[39m
     [90m 123 |[39m           viewerProtocolPolicy[33m:[39m cloudfront[33m.[39m[33mViewerProtocolPolicy[39m[33m.[39m[33mREDIRECT_TO_HTTPS[39m[33m,[39m[0m

      at Object.print (node_modules/aws-cdk-lib/.warnings.jsii.js:9:146)
      at new S3Origin (node_modules/aws-cdk-lib/aws-cloudfront-origins/lib/s3-origin.js:1:848)
      at new DashboardCloudFront (cdk/lib/constructs/cloudfront.ts:120:19)
      at Object.<anonymous> (cdk/__tests__/cloudfront.test.ts:121:5)

  console.warn
    [WARNING] aws-cdk-lib.aws_cloudfront_origins.S3Origin#bind is deprecated.
      Use `S3BucketOrigin` or `S3StaticWebsiteOrigin` instead.
      This API will be removed in the next major release.

    [0m [90m 85 |[39m
     [90m 86 |[39m     [90m// CloudFront Distribution菴懈・[39m
    [31m[1m>[22m[39m[90m 87 |[39m     [36mthis[39m[33m.[39mdistribution [33m=[39m [36mnew[39m cloudfront[33m.[39m[33mDistribution[39m([36mthis[39m[33m,[39m [32m'Distribution'[39m[33m,[39m {
     [90m    |[39m                         [31m[1m^[22m[39m
     [90m 88 |[39m       comment[33m:[39m [32m`TDnet Dashboard Distribution (${props.environment})`[39m[33m,[39m
     [90m 89 |[39m       defaultRootObject[33m:[39m [32m'index.html'[39m[33m,[39m
     [90m 90 |[39m       [0m

      at Object.print (node_modules/aws-cdk-lib/.warnings.jsii.js:9:146)
      at S3Origin.bind (node_modules/aws-cdk-lib/aws-cloudfront-origins/lib/s3-origin.js:1:1477)
      at WrappedClass.addOrigin (node_modules/aws-cdk-lib/aws-cloudfront/lib/distribution.js:1:23287)
      at new Distribution2 (node_modules/aws-cdk-lib/aws-cloudfront/lib/distribution.js:1:13084)
      at new Distribution2 (node_modules/aws-cdk-lib/core/lib/prop-injectable.js:1:783)
      at new DashboardCloudFront (cdk/lib/constructs/cloudfront.ts:87:25)
      at Object.<anonymous> (cdk/__tests__/cloudfront.test.ts:121:5)

  console.warn
    [WARNING] aws-cdk-lib.aws_cloudfront_origins.S3Origin#bind is deprecated.
      Use `S3BucketOrigin` or `S3StaticWebsiteOrigin` instead.
      This API will be removed in the next major release.

    [0m [90m 85 |[39m
     [90m 86 |[39m     [90m// CloudFront Distribution菴懈・[39m
    [31m[1m>[22m[39m[90m 87 |[39m     [36mthis[39m[33m.[39mdistribution [33m=[39m [36mnew[39m cloudfront[33m.[39m[33mDistribution[39m([36mthis[39m[33m,[39m [32m'Distribution'[39m[33m,[39m {
     [90m    |[39m                         [31m[1m^[22m[39m
     [90m 88 |[39m       comment[33m:[39m [32m`TDnet Dashboard Distribution (${props.environment})`[39m[33m,[39m
     [90m 89 |[39m       defaultRootObject[33m:[39m [32m'index.html'[39m[33m,[39m
     [90m 90 |[39m       [0m

      at Object.print (node_modules/aws-cdk-lib/.warnings.jsii.js:9:146)
      at S3Origin.bind (node_modules/aws-cdk-lib/aws-cloudfront-origins/lib/s3-origin.js:1:1477)
      at WrappedClass.addOrigin (node_modules/aws-cdk-lib/aws-cloudfront/lib/distribution.js:1:23287)
      at WrappedClass.addBehavior (node_modules/aws-cdk-lib/aws-cloudfront/lib/distribution.js:1:21523)
      at WrappedClass.<anonymous> (node_modules/aws-cdk-lib/core/lib/metadata-resource.js:1:2117)
      at node_modules/aws-cdk-lib/aws-cloudfront/lib/distribution.js:1:13352
          at Array.forEach (<anonymous>)
      at new Distribution2 (node_modules/aws-cdk-lib/aws-cloudfront/lib/distribution.js:1:13305)
      at new Distribution2 (node_modules/aws-cdk-lib/core/lib/prop-injectable.js:1:783)
      at new DashboardCloudFront (cdk/lib/constructs/cloudfront.ts:87:25)
      at Object.<anonymous> (cdk/__tests__/cloudfront.test.ts:121:5)

  console.warn
    [WARNING] aws-cdk-lib.aws_cloudfront_origins.S3Origin#bind is deprecated.
      Use `S3BucketOrigin` or `S3StaticWebsiteOrigin` instead.
      This API will be removed in the next major release.

    [0m [90m 85 |[39m
     [90m 86 |[39m     [90m// CloudFront Distribution菴懈・[39m
    [31m[1m>[22m[39m[90m 87 |[39m     [36mthis[39m[33m.[39mdistribution [33m=[39m [36mnew[39m cloudfront[33m.[39m[33mDistribution[39m([36mthis[39m[33m,[39m [32m'Distribution'[39m[33m,[39m {
     [90m    |[39m                         [31m[1m^[22m[39m
     [90m 88 |[39m       comment[33m:[39m [32m`TDnet Dashboard Distribution (${props.environment})`[39m[33m,[39m
     [90m 89 |[39m       defaultRootObject[33m:[39m [32m'index.html'[39m[33m,[39m
     [90m 90 |[39m       [0m

      at Object.print (node_modules/aws-cdk-lib/.warnings.jsii.js:9:146)
      at S3Origin.bind (node_modules/aws-cdk-lib/aws-cloudfront-origins/lib/s3-origin.js:1:1477)
      at WrappedClass.addOrigin (node_modules/aws-cdk-lib/aws-cloudfront/lib/distribution.js:1:23287)
      at WrappedClass.addBehavior (node_modules/aws-cdk-lib/aws-cloudfront/lib/distribution.js:1:21523)
      at WrappedClass.<anonymous> (node_modules/aws-cdk-lib/core/lib/metadata-resource.js:1:2117)
      at node_modules/aws-cdk-lib/aws-cloudfront/lib/distribution.js:1:13352
          at Array.forEach (<anonymous>)
      at new Distribution2 (node_modules/aws-cdk-lib/aws-cloudfront/lib/distribution.js:1:13305)
      at new Distribution2 (node_modules/aws-cdk-lib/core/lib/prop-injectable.js:1:783)
      at new DashboardCloudFront (cdk/lib/constructs/cloudfront.ts:87:25)
      at Object.<anonymous> (cdk/__tests__/cloudfront.test.ts:121:5)

  console.warn
    [WARNING] aws-cdk-lib.aws_cloudfront_origins.S3Origin#bind is deprecated.
      Use `S3BucketOrigin` or `S3StaticWebsiteOrigin` instead.
      This API will be removed in the next major release.

    [0m [90m 85 |[39m
     [90m 86 |[39m     [90m// CloudFront Distribution菴懈・[39m
    [31m[1m>[22m[39m[90m 87 |[39m     [36mthis[39m[33m.[39mdistribution [33m=[39m [36mnew[39m cloudfront[33m.[39m[33mDistribution[39m([36mthis[39m[33m,[39m [32m'Distribution'[39m[33m,[39m {
     [90m    |[39m                         [31m[1m^[22m[39m
     [90m 88 |[39m       comment[33m:[39m [32m`TDnet Dashboard Distribution (${props.environment})`[39m[33m,[39m
     [90m 89 |[39m       defaultRootObject[33m:[39m [32m'index.html'[39m[33m,[39m
     [90m 90 |[39m       [0m

      at Object.print (node_modules/aws-cdk-lib/.warnings.jsii.js:9:146)
      at S3Origin.bind (node_modules/aws-cdk-lib/aws-cloudfront-origins/lib/s3-origin.js:1:1477)
      at WrappedClass.addOrigin (node_modules/aws-cdk-lib/aws-cloudfront/lib/distribution.js:1:23287)
      at WrappedClass.addBehavior (node_modules/aws-cdk-lib/aws-cloudfront/lib/distribution.js:1:21523)
      at WrappedClass.<anonymous> (node_modules/aws-cdk-lib/core/lib/metadata-resource.js:1:2117)
      at node_modules/aws-cdk-lib/aws-cloudfront/lib/distribution.js:1:13352
          at Array.forEach (<anonymous>)
      at new Distribution2 (node_modules/aws-cdk-lib/aws-cloudfront/lib/distribution.js:1:13305)
      at new Distribution2 (node_modules/aws-cdk-lib/core/lib/prop-injectable.js:1:783)
      at new DashboardCloudFront (cdk/lib/constructs/cloudfront.ts:87:25)
      at Object.<anonymous> (cdk/__tests__/cloudfront.test.ts:121:5)

  console.warn
    [WARNING] aws-cdk-lib.aws_cloudfront_origins.S3Origin is deprecated.
      Use `S3BucketOrigin` or `S3StaticWebsiteOrigin` instead.
      This API will be removed in the next major release.

    [0m [90m 91 |[39m       [90m// S3繧ｪ繝ｪ繧ｸ繝ｳ險ｭ螳・[39m
     [90m 92 |[39m       defaultBehavior[33m:[39m {
    [31m[1m>[22m[39m[90m 93 |[39m         origin[33m:[39m [36mnew[39m origins[33m.[39m[33mS3Origin[39m(props[33m.[39mdashboardBucket[33m,[39m {
     [90m    |[39m                 [31m[1m^[22m[39m
     [90m 94 |[39m           originAccessIdentity[33m:[39m [36mthis[39m[33m.[39moriginAccessIdentity[33m,[39m
     [90m 95 |[39m         })[33m,[39m
     [90m 96 |[39m         viewerProtocolPolicy[33m:[39m cloudfront[33m.[39m[33mViewerProtocolPolicy[39m[33m.[39m[33mREDIRECT_TO_HTTPS[39m[33m,[39m[0m

      at Object.print (node_modules/aws-cdk-lib/.warnings.jsii.js:9:146)
      at new S3Origin (node_modules/aws-cdk-lib/aws-cloudfront-origins/lib/s3-origin.js:1:848)
      at new DashboardCloudFront (cdk/lib/constructs/cloudfront.ts:93:17)
      at Object.<anonymous> (cdk/__tests__/cloudfront.test.ts:140:5)

  console.warn
    [WARNING] aws-cdk-lib.aws_cloudfront_origins.S3Origin is deprecated.
      Use `S3BucketOrigin` or `S3StaticWebsiteOrigin` instead.
      This API will be removed in the next major release.

    [0m [90m 102 |[39m       additionalBehaviors[33m:[39m {
     [90m 103 |[39m         [32m'/static/*'[39m[33m:[39m {
    [31m[1m>[22m[39m[90m 104 |[39m           origin[33m:[39m [36mnew[39m origins[33m.[39m[33mS3Origin[39m(props[33m.[39mdashboardBucket[33m,[39m {
     [90m     |[39m                   [31m[1m^[22m[39m
     [90m 105 |[39m             originAccessIdentity[33m:[39m [36mthis[39m[33m.[39moriginAccessIdentity[33m,[39m
     [90m 106 |[39m           })[33m,[39m
     [90m 107 |[39m           viewerProtocolPolicy[33m:[39m cloudfront[33m.[39m[33mViewerProtocolPolicy[39m[33m.[39m[33mREDIRECT_TO_HTTPS[39m[33m,[39m[0m

      at Object.print (node_modules/aws-cdk-lib/.warnings.jsii.js:9:146)
      at new S3Origin (node_modules/aws-cdk-lib/aws-cloudfront-origins/lib/s3-origin.js:1:848)
      at new DashboardCloudFront (cdk/lib/constructs/cloudfront.ts:104:19)
      at Object.<anonymous> (cdk/__tests__/cloudfront.test.ts:140:5)

  console.warn
    [WARNING] aws-cdk-lib.aws_cloudfront_origins.S3Origin is deprecated.
      Use `S3BucketOrigin` or `S3StaticWebsiteOrigin` instead.
      This API will be removed in the next major release.

    [0m [90m 110 |[39m         }[33m,[39m
     [90m 111 |[39m         [32m'*.js'[39m[33m:[39m {
    [31m[1m>[22m[39m[90m 112 |[39m           origin[33m:[39m [36mnew[39m origins[33m.[39m[33mS3Origin[39m(props[33m.[39mdashboardBucket[33m,[39m {
     [90m     |[39m                   [31m[1m^[22m[39m
     [90m 113 |[39m             originAccessIdentity[33m:[39m [36mthis[39m[33m.[39moriginAccessIdentity[33m,[39m
     [90m 114 |[39m           })[33m,[39m
     [90m 115 |[39m           viewerProtocolPolicy[33m:[39m cloudfront[33m.[39m[33mViewerProtocolPolicy[39m[33m.[39m[33mREDIRECT_TO_HTTPS[39m[33m,[39m[0m

      at Object.print (node_modules/aws-cdk-lib/.warnings.jsii.js:9:146)
      at new S3Origin (node_modules/aws-cdk-lib/aws-cloudfront-origins/lib/s3-origin.js:1:848)
      at new DashboardCloudFront (cdk/lib/constructs/cloudfront.ts:112:19)
      at Object.<anonymous> (cdk/__tests__/cloudfront.test.ts:140:5)

  console.warn
    [WARNING] aws-cdk-lib.aws_cloudfront_origins.S3Origin is deprecated.
      Use `S3BucketOrigin` or `S3StaticWebsiteOrigin` instead.
      This API will be removed in the next major release.

    [0m [90m 118 |[39m         }[33m,[39m
     [90m 119 |[39m         [32m'*.css'[39m[33m:[39m {
    [31m[1m>[22m[39m[90m 120 |[39m           origin[33m:[39m [36mnew[39m origins[33m.[39m[33mS3Origin[39m(props[33m.[39mdashboardBucket[33m,[39m {
     [90m     |[39m                   [31m[1m^[22m[39m
     [90m 121 |[39m             originAccessIdentity[33m:[39m [36mthis[39m[33m.[39moriginAccessIdentity[33m,[39m
     [90m 122 |[39m           })[33m,[39m
     [90m 123 |[39m           viewerProtocolPolicy[33m:[39m cloudfront[33m.[39m[33mViewerProtocolPolicy[39m[33m.[39m[33mREDIRECT_TO_HTTPS[39m[33m,[39m[0m

      at Object.print (node_modules/aws-cdk-lib/.warnings.jsii.js:9:146)
      at new S3Origin (node_modules/aws-cdk-lib/aws-cloudfront-origins/lib/s3-origin.js:1:848)
      at new DashboardCloudFront (cdk/lib/constructs/cloudfront.ts:120:19)
      at Object.<anonymous> (cdk/__tests__/cloudfront.test.ts:140:5)

  console.warn
    [WARNING] aws-cdk-lib.aws_cloudfront_origins.S3Origin#bind is deprecated.
      Use `S3BucketOrigin` or `S3StaticWebsiteOrigin` instead.
      This API will be removed in the next major release.

    [0m [90m 85 |[39m
     [90m 86 |[39m     [90m// CloudFront Distribution菴懈・[39m
    [31m[1m>[22m[39m[90m 87 |[39m     [36mthis[39m[33m.[39mdistribution [33m=[39m [36mnew[39m cloudfront[33m.[39m[33mDistribution[39m([36mthis[39m[33m,[39m [32m'Distribution'[39m[33m,[39m {
     [90m    |[39m                         [31m[1m^[22m[39m
     [90m 88 |[39m       comment[33m:[39m [32m`TDnet Dashboard Distribution (${props.environment})`[39m[33m,[39m
     [90m 89 |[39m       defaultRootObject[33m:[39m [32m'index.html'[39m[33m,[39m
     [90m 90 |[39m       [0m

      at Object.print (node_modules/aws-cdk-lib/.warnings.jsii.js:9:146)
      at S3Origin.bind (node_modules/aws-cdk-lib/aws-cloudfront-origins/lib/s3-origin.js:1:1477)
      at WrappedClass.addOrigin (node_modules/aws-cdk-lib/aws-cloudfront/lib/distribution.js:1:23287)
      at new Distribution2 (node_modules/aws-cdk-lib/aws-cloudfront/lib/distribution.js:1:13084)
      at new Distribution2 (node_modules/aws-cdk-lib/core/lib/prop-injectable.js:1:783)
      at new DashboardCloudFront (cdk/lib/constructs/cloudfront.ts:87:25)
      at Object.<anonymous> (cdk/__tests__/cloudfront.test.ts:140:5)

  console.warn
    [WARNING] aws-cdk-lib.aws_cloudfront_origins.S3Origin#bind is deprecated.
      Use `S3BucketOrigin` or `S3StaticWebsiteOrigin` instead.
      This API will be removed in the next major release.

    [0m [90m 85 |[39m
     [90m 86 |[39m     [90m// CloudFront Distribution菴懈・[39m
    [31m[1m>[22m[39m[90m 87 |[39m     [36mthis[39m[33m.[39mdistribution [33m=[39m [36mnew[39m cloudfront[33m.[39m[33mDistribution[39m([36mthis[39m[33m,[39m [32m'Distribution'[39m[33m,[39m {
     [90m    |[39m                         [31m[1m^[22m[39m
     [90m 88 |[39m       comment[33m:[39m [32m`TDnet Dashboard Distribution (${props.environment})`[39m[33m,[39m
     [90m 89 |[39m       defaultRootObject[33m:[39m [32m'index.html'[39m[33m,[39m
     [90m 90 |[39m       [0m

      at Object.print (node_modules/aws-cdk-lib/.warnings.jsii.js:9:146)
      at S3Origin.bind (node_modules/aws-cdk-lib/aws-cloudfront-origins/lib/s3-origin.js:1:1477)
      at WrappedClass.addOrigin (node_modules/aws-cdk-lib/aws-cloudfront/lib/distribution.js:1:23287)
      at WrappedClass.addBehavior (node_modules/aws-cdk-lib/aws-cloudfront/lib/distribution.js:1:21523)
      at WrappedClass.<anonymous> (node_modules/aws-cdk-lib/core/lib/metadata-resource.js:1:2117)
      at node_modules/aws-cdk-lib/aws-cloudfront/lib/distribution.js:1:13352
          at Array.forEach (<anonymous>)
      at new Distribution2 (node_modules/aws-cdk-lib/aws-cloudfront/lib/distribution.js:1:13305)
      at new Distribution2 (node_modules/aws-cdk-lib/core/lib/prop-injectable.js:1:783)
      at new DashboardCloudFront (cdk/lib/constructs/cloudfront.ts:87:25)
      at Object.<anonymous> (cdk/__tests__/cloudfront.test.ts:140:5)

  console.warn
    [WARNING] aws-cdk-lib.aws_cloudfront_origins.S3Origin#bind is deprecated.
      Use `S3BucketOrigin` or `S3StaticWebsiteOrigin` instead.
      This API will be removed in the next major release.

    [0m [90m 85 |[39m
     [90m 86 |[39m     [90m// CloudFront Distribution菴懈・[39m
    [31m[1m>[22m[39m[90m 87 |[39m     [36mthis[39m[33m.[39mdistribution [33m=[39m [36mnew[39m cloudfront[33m.[39m[33mDistribution[39m([36mthis[39m[33m,[39m [32m'Distribution'[39m[33m,[39m {
     [90m    |[39m                         [31m[1m^[22m[39m
     [90m 88 |[39m       comment[33m:[39m [32m`TDnet Dashboard Distribution (${props.environment})`[39m[33m,[39m
     [90m 89 |[39m       defaultRootObject[33m:[39m [32m'index.html'[39m[33m,[39m
     [90m 90 |[39m       [0m

      at Object.print (node_modules/aws-cdk-lib/.warnings.jsii.js:9:146)
      at S3Origin.bind (node_modules/aws-cdk-lib/aws-cloudfront-origins/lib/s3-origin.js:1:1477)
      at WrappedClass.addOrigin (node_modules/aws-cdk-lib/aws-cloudfront/lib/distribution.js:1:23287)
      at WrappedClass.addBehavior (node_modules/aws-cdk-lib/aws-cloudfront/lib/distribution.js:1:21523)
      at WrappedClass.<anonymous> (node_modules/aws-cdk-lib/core/lib/metadata-resource.js:1:2117)
      at node_modules/aws-cdk-lib/aws-cloudfront/lib/distribution.js:1:13352
          at Array.forEach (<anonymous>)
      at new Distribution2 (node_modules/aws-cdk-lib/aws-cloudfront/lib/distribution.js:1:13305)
      at new Distribution2 (node_modules/aws-cdk-lib/core/lib/prop-injectable.js:1:783)
      at new DashboardCloudFront (cdk/lib/constructs/cloudfront.ts:87:25)
      at Object.<anonymous> (cdk/__tests__/cloudfront.test.ts:140:5)

  console.warn
    [WARNING] aws-cdk-lib.aws_cloudfront_origins.S3Origin#bind is deprecated.
      Use `S3BucketOrigin` or `S3StaticWebsiteOrigin` instead.
      This API will be removed in the next major release.

    [0m [90m 85 |[39m
     [90m 86 |[39m     [90m// CloudFront Distribution菴懈・[39m
    [31m[1m>[22m[39m[90m 87 |[39m     [36mthis[39m[33m.[39mdistribution [33m=[39m [36mnew[39m cloudfront[33m.[39m[33mDistribution[39m([36mthis[39m[33m,[39m [32m'Distribution'[39m[33m,[39m {
     [90m    |[39m                         [31m[1m^[22m[39m
     [90m 88 |[39m       comment[33m:[39m [32m`TDnet Dashboard Distribution (${props.environment})`[39m[33m,[39m
     [90m 89 |[39m       defaultRootObject[33m:[39m [32m'index.html'[39m[33m,[39m
     [90m 90 |[39m       [0m

      at Object.print (node_modules/aws-cdk-lib/.warnings.jsii.js:9:146)
      at S3Origin.bind (node_modules/aws-cdk-lib/aws-cloudfront-origins/lib/s3-origin.js:1:1477)
      at WrappedClass.addOrigin (node_modules/aws-cdk-lib/aws-cloudfront/lib/distribution.js:1:23287)
      at WrappedClass.addBehavior (node_modules/aws-cdk-lib/aws-cloudfront/lib/distribution.js:1:21523)
      at WrappedClass.<anonymous> (node_modules/aws-cdk-lib/core/lib/metadata-resource.js:1:2117)
      at node_modules/aws-cdk-lib/aws-cloudfront/lib/distribution.js:1:13352
          at Array.forEach (<anonymous>)
      at new Distribution2 (node_modules/aws-cdk-lib/aws-cloudfront/lib/distribution.js:1:13305)
      at new Distribution2 (node_modules/aws-cdk-lib/core/lib/prop-injectable.js:1:783)
      at new DashboardCloudFront (cdk/lib/constructs/cloudfront.ts:87:25)
      at Object.<anonymous> (cdk/__tests__/cloudfront.test.ts:140:5)

  console.warn
    [WARNING] aws-cdk-lib.aws_cloudfront_origins.S3Origin is deprecated.
      Use `S3BucketOrigin` or `S3StaticWebsiteOrigin` instead.
      This API will be removed in the next major release.

    [0m [90m 91 |[39m       [90m// S3繧ｪ繝ｪ繧ｸ繝ｳ險ｭ螳・[39m
     [90m 92 |[39m       defaultBehavior[33m:[39m {
    [31m[1m>[22m[39m[90m 93 |[39m         origin[33m:[39m [36mnew[39m origins[33m.[39m[33mS3Origin[39m(props[33m.[39mdashboardBucket[33m,[39m {
     [90m    |[39m                 [31m[1m^[22m[39m
     [90m 94 |[39m           originAccessIdentity[33m:[39m [36mthis[39m[33m.[39moriginAccessIdentity[33m,[39m
     [90m 95 |[39m         })[33m,[39m
     [90m 96 |[39m         viewerProtocolPolicy[33m:[39m cloudfront[33m.[39m[33mViewerProtocolPolicy[39m[33m.[39m[33mREDIRECT_TO_HTTPS[39m[33m,[39m[0m

      at Object.print (node_modules/aws-cdk-lib/.warnings.jsii.js:9:146)
      at new S3Origin (node_modules/aws-cdk-lib/aws-cloudfront-origins/lib/s3-origin.js:1:848)
      at new DashboardCloudFront (cdk/lib/constructs/cloudfront.ts:93:17)
      at Object.<anonymous> (cdk/__tests__/cloudfront.test.ts:169:5)

  console.warn
    [WARNING] aws-cdk-lib.aws_cloudfront_origins.S3Origin is deprecated.
      Use `S3BucketOrigin` or `S3StaticWebsiteOrigin` instead.
      This API will be removed in the next major release.

    [0m [90m 102 |[39m       additionalBehaviors[33m:[39m {
     [90m 103 |[39m         [32m'/static/*'[39m[33m:[39m {
    [31m[1m>[22m[39m[90m 104 |[39m           origin[33m:[39m [36mnew[39m origins[33m.[39m[33mS3Origin[39m(props[33m.[39mdashboardBucket[33m,[39m {
     [90m     |[39m                   [31m[1m^[22m[39m
     [90m 105 |[39m             originAccessIdentity[33m:[39m [36mthis[39m[33m.[39moriginAccessIdentity[33m,[39m
     [90m 106 |[39m           })[33m,[39m
     [90m 107 |[39m           viewerProtocolPolicy[33m:[39m cloudfront[33m.[39m[33mViewerProtocolPolicy[39m[33m.[39m[33mREDIRECT_TO_HTTPS[39m[33m,[39m[0m

      at Object.print (node_modules/aws-cdk-lib/.warnings.jsii.js:9:146)
      at new S3Origin (node_modules/aws-cdk-lib/aws-cloudfront-origins/lib/s3-origin.js:1:848)
      at new DashboardCloudFront (cdk/lib/constructs/cloudfront.ts:104:19)
      at Object.<anonymous> (cdk/__tests__/cloudfront.test.ts:169:5)

  console.warn
    [WARNING] aws-cdk-lib.aws_cloudfront_origins.S3Origin is deprecated.
      Use `S3BucketOrigin` or `S3StaticWebsiteOrigin` instead.
      This API will be removed in the next major release.

    [0m [90m 110 |[39m         }[33m,[39m
     [90m 111 |[39m         [32m'*.js'[39m[33m:[39m {
    [31m[1m>[22m[39m[90m 112 |[39m           origin[33m:[39m [36mnew[39m origins[33m.[39m[33mS3Origin[39m(props[33m.[39mdashboardBucket[33m,[39m {
     [90m     |[39m                   [31m[1m^[22m[39m
     [90m 113 |[39m             originAccessIdentity[33m:[39m [36mthis[39m[33m.[39moriginAccessIdentity[33m,[39m
     [90m 114 |[39m           })[33m,[39m
     [90m 115 |[39m           viewerProtocolPolicy[33m:[39m cloudfront[33m.[39m[33mViewerProtocolPolicy[39m[33m.[39m[33mREDIRECT_TO_HTTPS[39m[33m,[39m[0m

      at Object.print (node_modules/aws-cdk-lib/.warnings.jsii.js:9:146)
      at new S3Origin (node_modules/aws-cdk-lib/aws-cloudfront-origins/lib/s3-origin.js:1:848)
      at new DashboardCloudFront (cdk/lib/constructs/cloudfront.ts:112:19)
      at Object.<anonymous> (cdk/__tests__/cloudfront.test.ts:169:5)

  console.warn
    [WARNING] aws-cdk-lib.aws_cloudfront_origins.S3Origin is deprecated.
      Use `S3BucketOrigin` or `S3StaticWebsiteOrigin` instead.
      This API will be removed in the next major release.

    [0m [90m 118 |[39m         }[33m,[39m
     [90m 119 |[39m         [32m'*.css'[39m[33m:[39m {
    [31m[1m>[22m[39m[90m 120 |[39m           origin[33m:[39m [36mnew[39m origins[33m.[39m[33mS3Origin[39m(props[33m.[39mdashboardBucket[33m,[39m {
     [90m     |[39m                   [31m[1m^[22m[39m
     [90m 121 |[39m             originAccessIdentity[33m:[39m [36mthis[39m[33m.[39moriginAccessIdentity[33m,[39m
     [90m 122 |[39m           })[33m,[39m
     [90m 123 |[39m           viewerProtocolPolicy[33m:[39m cloudfront[33m.[39m[33mViewerProtocolPolicy[39m[33m.[39m[33mREDIRECT_TO_HTTPS[39m[33m,[39m[0m

      at Object.print (node_modules/aws-cdk-lib/.warnings.jsii.js:9:146)
      at new S3Origin (node_modules/aws-cdk-lib/aws-cloudfront-origins/lib/s3-origin.js:1:848)
      at new DashboardCloudFront (cdk/lib/constructs/cloudfront.ts:120:19)
      at Object.<anonymous> (cdk/__tests__/cloudfront.test.ts:169:5)

  console.warn
    [WARNING] aws-cdk-lib.aws_cloudfront_origins.S3Origin#bind is deprecated.
      Use `S3BucketOrigin` or `S3StaticWebsiteOrigin` instead.
      This API will be removed in the next major release.

    [0m [90m 85 |[39m
     [90m 86 |[39m     [90m// CloudFront Distribution菴懈・[39m
    [31m[1m>[22m[39m[90m 87 |[39m     [36mthis[39m[33m.[39mdistribution [33m=[39m [36mnew[39m cloudfront[33m.[39m[33mDistribution[39m([36mthis[39m[33m,[39m [32m'Distribution'[39m[33m,[39m {
     [90m    |[39m                         [31m[1m^[22m[39m
     [90m 88 |[39m       comment[33m:[39m [32m`TDnet Dashboard Distribution (${props.environment})`[39m[33m,[39m
     [90m 89 |[39m       defaultRootObject[33m:[39m [32m'index.html'[39m[33m,[39m
     [90m 90 |[39m       [0m

      at Object.print (node_modules/aws-cdk-lib/.warnings.jsii.js:9:146)
      at S3Origin.bind (node_modules/aws-cdk-lib/aws-cloudfront-origins/lib/s3-origin.js:1:1477)
      at WrappedClass.addOrigin (node_modules/aws-cdk-lib/aws-cloudfront/lib/distribution.js:1:23287)
      at new Distribution2 (node_modules/aws-cdk-lib/aws-cloudfront/lib/distribution.js:1:13084)
      at new Distribution2 (node_modules/aws-cdk-lib/core/lib/prop-injectable.js:1:783)
      at new DashboardCloudFront (cdk/lib/constructs/cloudfront.ts:87:25)
      at Object.<anonymous> (cdk/__tests__/cloudfront.test.ts:169:5)

  console.warn
    [WARNING] aws-cdk-lib.aws_cloudfront_origins.S3Origin#bind is deprecated.
      Use `S3BucketOrigin` or `S3StaticWebsiteOrigin` instead.
      This API will be removed in the next major release.

    [0m [90m 85 |[39m
     [90m 86 |[39m     [90m// CloudFront Distribution菴懈・[39m
    [31m[1m>[22m[39m[90m 87 |[39m     [36mthis[39m[33m.[39mdistribution [33m=[39m [36mnew[39m cloudfront[33m.[39m[33mDistribution[39m([36mthis[39m[33m,[39m [32m'Distribution'[39m[33m,[39m {
     [90m    |[39m                         [31m[1m^[22m[39m
     [90m 88 |[39m       comment[33m:[39m [32m`TDnet Dashboard Distribution (${props.environment})`[39m[33m,[39m
     [90m 89 |[39m       defaultRootObject[33m:[39m [32m'index.html'[39m[33m,[39m
     [90m 90 |[39m       [0m

      at Object.print (node_modules/aws-cdk-lib/.warnings.jsii.js:9:146)
      at S3Origin.bind (node_modules/aws-cdk-lib/aws-cloudfront-origins/lib/s3-origin.js:1:1477)
      at WrappedClass.addOrigin (node_modules/aws-cdk-lib/aws-cloudfront/lib/distribution.js:1:23287)
      at WrappedClass.addBehavior (node_modules/aws-cdk-lib/aws-cloudfront/lib/distribution.js:1:21523)
      at WrappedClass.<anonymous> (node_modules/aws-cdk-lib/core/lib/metadata-resource.js:1:2117)
      at node_modules/aws-cdk-lib/aws-cloudfront/lib/distribution.js:1:13352
          at Array.forEach (<anonymous>)
      at new Distribution2 (node_modules/aws-cdk-lib/aws-cloudfront/lib/distribution.js:1:13305)
      at new Distribution2 (node_modules/aws-cdk-lib/core/lib/prop-injectable.js:1:783)
      at new DashboardCloudFront (cdk/lib/constructs/cloudfront.ts:87:25)
      at Object.<anonymous> (cdk/__tests__/cloudfront.test.ts:169:5)

  console.warn
    [WARNING] aws-cdk-lib.aws_cloudfront_origins.S3Origin#bind is deprecated.
      Use `S3BucketOrigin` or `S3StaticWebsiteOrigin` instead.
      This API will be removed in the next major release.

    [0m [90m 85 |[39m
     [90m 86 |[39m     [90m// CloudFront Distribution菴懈・[39m
    [31m[1m>[22m[39m[90m 87 |[39m     [36mthis[39m[33m.[39mdistribution [33m=[39m [36mnew[39m cloudfront[33m.[39m[33mDistribution[39m([36mthis[39m[33m,[39m [32m'Distribution'[39m[33m,[39m {
     [90m    |[39m                         [31m[1m^[22m[39m
     [90m 88 |[39m       comment[33m:[39m [32m`TDnet Dashboard Distribution (${props.environment})`[39m[33m,[39m
     [90m 89 |[39m       defaultRootObject[33m:[39m [32m'index.html'[39m[33m,[39m
     [90m 90 |[39m       [0m

      at Object.print (node_modules/aws-cdk-lib/.warnings.jsii.js:9:146)
      at S3Origin.bind (node_modules/aws-cdk-lib/aws-cloudfront-origins/lib/s3-origin.js:1:1477)
      at WrappedClass.addOrigin (node_modules/aws-cdk-lib/aws-cloudfront/lib/distribution.js:1:23287)
      at WrappedClass.addBehavior (node_modules/aws-cdk-lib/aws-cloudfront/lib/distribution.js:1:21523)
      at WrappedClass.<anonymous> (node_modules/aws-cdk-lib/core/lib/metadata-resource.js:1:2117)
      at node_modules/aws-cdk-lib/aws-cloudfront/lib/distribution.js:1:13352
          at Array.forEach (<anonymous>)
      at new Distribution2 (node_modules/aws-cdk-lib/aws-cloudfront/lib/distribution.js:1:13305)
      at new Distribution2 (node_modules/aws-cdk-lib/core/lib/prop-injectable.js:1:783)
      at new DashboardCloudFront (cdk/lib/constructs/cloudfront.ts:87:25)
      at Object.<anonymous> (cdk/__tests__/cloudfront.test.ts:169:5)

  console.warn
    [WARNING] aws-cdk-lib.aws_cloudfront_origins.S3Origin#bind is deprecated.
      Use `S3BucketOrigin` or `S3StaticWebsiteOrigin` instead.
      This API will be removed in the next major release.

    [0m [90m 85 |[39m
     [90m 86 |[39m     [90m// CloudFront Distribution菴懈・[39m
    [31m[1m>[22m[39m[90m 87 |[39m     [36mthis[39m[33m.[39mdistribution [33m=[39m [36mnew[39m cloudfront[33m.[39m[33mDistribution[39m([36mthis[39m[33m,[39m [32m'Distribution'[39m[33m,[39m {
     [90m    |[39m                         [31m[1m^[22m[39m
     [90m 88 |[39m       comment[33m:[39m [32m`TDnet Dashboard Distribution (${props.environment})`[39m[33m,[39m
     [90m 89 |[39m       defaultRootObject[33m:[39m [32m'index.html'[39m[33m,[39m
     [90m 90 |[39m       [0m

      at Object.print (node_modules/aws-cdk-lib/.warnings.jsii.js:9:146)
      at S3Origin.bind (node_modules/aws-cdk-lib/aws-cloudfront-origins/lib/s3-origin.js:1:1477)
      at WrappedClass.addOrigin (node_modules/aws-cdk-lib/aws-cloudfront/lib/distribution.js:1:23287)
      at WrappedClass.addBehavior (node_modules/aws-cdk-lib/aws-cloudfront/lib/distribution.js:1:21523)
      at WrappedClass.<anonymous> (node_modules/aws-cdk-lib/core/lib/metadata-resource.js:1:2117)
      at node_modules/aws-cdk-lib/aws-cloudfront/lib/distribution.js:1:13352
          at Array.forEach (<anonymous>)
      at new Distribution2 (node_modules/aws-cdk-lib/aws-cloudfront/lib/distribution.js:1:13305)
      at new Distribution2 (node_modules/aws-cdk-lib/core/lib/prop-injectable.js:1:783)
      at new DashboardCloudFront (cdk/lib/constructs/cloudfront.ts:87:25)
      at Object.<anonymous> (cdk/__tests__/cloudfront.test.ts:169:5)

  console.warn
    [WARNING] aws-cdk-lib.aws_cloudfront_origins.S3Origin is deprecated.
      Use `S3BucketOrigin` or `S3StaticWebsiteOrigin` instead.
      This API will be removed in the next major release.

    [0m [90m 91 |[39m       [90m// S3繧ｪ繝ｪ繧ｸ繝ｳ險ｭ螳・[39m
     [90m 92 |[39m       defaultBehavior[33m:[39m {
    [31m[1m>[22m[39m[90m 93 |[39m         origin[33m:[39m [36mnew[39m origins[33m.[39m[33mS3Origin[39m(props[33m.[39mdashboardBucket[33m,[39m {
     [90m    |[39m                 [31m[1m^[22m[39m
     [90m 94 |[39m           originAccessIdentity[33m:[39m [36mthis[39m[33m.[39moriginAccessIdentity[33m,[39m
     [90m 95 |[39m         })[33m,[39m
     [90m 96 |[39m         viewerProtocolPolicy[33m:[39m cloudfront[33m.[39m[33mViewerProtocolPolicy[39m[33m.[39m[33mREDIRECT_TO_HTTPS[39m[33m,[39m[0m

      at Object.print (node_modules/aws-cdk-lib/.warnings.jsii.js:9:146)
      at new S3Origin (node_modules/aws-cdk-lib/aws-cloudfront-origins/lib/s3-origin.js:1:848)
      at new DashboardCloudFront (cdk/lib/constructs/cloudfront.ts:93:17)
      at Object.<anonymous> (cdk/__tests__/cloudfront.test.ts:198:5)

  console.warn
    [WARNING] aws-cdk-lib.aws_cloudfront_origins.S3Origin is deprecated.
      Use `S3BucketOrigin` or `S3StaticWebsiteOrigin` instead.
      This API will be removed in the next major release.

    [0m [90m 102 |[39m       additionalBehaviors[33m:[39m {
     [90m 103 |[39m         [32m'/static/*'[39m[33m:[39m {
    [31m[1m>[22m[39m[90m 104 |[39m           origin[33m:[39m [36mnew[39m origins[33m.[39m[33mS3Origin[39m(props[33m.[39mdashboardBucket[33m,[39m {
     [90m     |[39m                   [31m[1m^[22m[39m
     [90m 105 |[39m             originAccessIdentity[33m:[39m [36mthis[39m[33m.[39moriginAccessIdentity[33m,[39m
     [90m 106 |[39m           })[33m,[39m
     [90m 107 |[39m           viewerProtocolPolicy[33m:[39m cloudfront[33m.[39m[33mViewerProtocolPolicy[39m[33m.[39m[33mREDIRECT_TO_HTTPS[39m[33m,[39m[0m

      at Object.print (node_modules/aws-cdk-lib/.warnings.jsii.js:9:146)
      at new S3Origin (node_modules/aws-cdk-lib/aws-cloudfront-origins/lib/s3-origin.js:1:848)
      at new DashboardCloudFront (cdk/lib/constructs/cloudfront.ts:104:19)
      at Object.<anonymous> (cdk/__tests__/cloudfront.test.ts:198:5)

  console.warn
    [WARNING] aws-cdk-lib.aws_cloudfront_origins.S3Origin is deprecated.
      Use `S3BucketOrigin` or `S3StaticWebsiteOrigin` instead.
      This API will be removed in the next major release.

    [0m [90m 110 |[39m         }[33m,[39m
     [90m 111 |[39m         [32m'*.js'[39m[33m:[39m {
    [31m[1m>[22m[39m[90m 112 |[39m           origin[33m:[39m [36mnew[39m origins[33m.[39m[33mS3Origin[39m(props[33m.[39mdashboardBucket[33m,[39m {
     [90m     |[39m                   [31m[1m^[22m[39m
     [90m 113 |[39m             originAccessIdentity[33m:[39m [36mthis[39m[33m.[39moriginAccessIdentity[33m,[39m
     [90m 114 |[39m           })[33m,[39m
     [90m 115 |[39m           viewerProtocolPolicy[33m:[39m cloudfront[33m.[39m[33mViewerProtocolPolicy[39m[33m.[39m[33mREDIRECT_TO_HTTPS[39m[33m,[39m[0m

      at Object.print (node_modules/aws-cdk-lib/.warnings.jsii.js:9:146)
      at new S3Origin (node_modules/aws-cdk-lib/aws-cloudfront-origins/lib/s3-origin.js:1:848)
      at new DashboardCloudFront (cdk/lib/constructs/cloudfront.ts:112:19)
      at Object.<anonymous> (cdk/__tests__/cloudfront.test.ts:198:5)

  console.warn
    [WARNING] aws-cdk-lib.aws_cloudfront_origins.S3Origin is deprecated.
      Use `S3BucketOrigin` or `S3StaticWebsiteOrigin` instead.
      This API will be removed in the next major release.

    [0m [90m 118 |[39m         }[33m,[39m
     [90m 119 |[39m         [32m'*.css'[39m[33m:[39m {
    [31m[1m>[22m[39m[90m 120 |[39m           origin[33m:[39m [36mnew[39m origins[33m.[39m[33mS3Origin[39m(props[33m.[39mdashboardBucket[33m,[39m {
     [90m     |[39m                   [31m[1m^[22m[39m
     [90m 121 |[39m             originAccessIdentity[33m:[39m [36mthis[39m[33m.[39moriginAccessIdentity[33m,[39m
     [90m 122 |[39m           })[33m,[39m
     [90m 123 |[39m           viewerProtocolPolicy[33m:[39m cloudfront[33m.[39m[33mViewerProtocolPolicy[39m[33m.[39m[33mREDIRECT_TO_HTTPS[39m[33m,[39m[0m

      at Object.print (node_modules/aws-cdk-lib/.warnings.jsii.js:9:146)
      at new S3Origin (node_modules/aws-cdk-lib/aws-cloudfront-origins/lib/s3-origin.js:1:848)
      at new DashboardCloudFront (cdk/lib/constructs/cloudfront.ts:120:19)
      at Object.<anonymous> (cdk/__tests__/cloudfront.test.ts:198:5)

  console.warn
    [WARNING] aws-cdk-lib.aws_cloudfront_origins.S3Origin#bind is deprecated.
      Use `S3BucketOrigin` or `S3StaticWebsiteOrigin` instead.
      This API will be removed in the next major release.

    [0m [90m 85 |[39m
     [90m 86 |[39m     [90m// CloudFront Distribution菴懈・[39m
    [31m[1m>[22m[39m[90m 87 |[39m     [36mthis[39m[33m.[39mdistribution [33m=[39m [36mnew[39m cloudfront[33m.[39m[33mDistribution[39m([36mthis[39m[33m,[39m [32m'Distribution'[39m[33m,[39m {
     [90m    |[39m                         [31m[1m^[22m[39m
     [90m 88 |[39m       comment[33m:[39m [32m`TDnet Dashboard Distribution (${props.environment})`[39m[33m,[39m
     [90m 89 |[39m       defaultRootObject[33m:[39m [32m'index.html'[39m[33m,[39m
     [90m 90 |[39m       [0m

      at Object.print (node_modules/aws-cdk-lib/.warnings.jsii.js:9:146)
      at S3Origin.bind (node_modules/aws-cdk-lib/aws-cloudfront-origins/lib/s3-origin.js:1:1477)
      at WrappedClass.addOrigin (node_modules/aws-cdk-lib/aws-cloudfront/lib/distribution.js:1:23287)
      at new Distribution2 (node_modules/aws-cdk-lib/aws-cloudfront/lib/distribution.js:1:13084)
      at new Distribution2 (node_modules/aws-cdk-lib/core/lib/prop-injectable.js:1:783)
      at new DashboardCloudFront (cdk/lib/constructs/cloudfront.ts:87:25)
      at Object.<anonymous> (cdk/__tests__/cloudfront.test.ts:198:5)

  console.warn
    [WARNING] aws-cdk-lib.aws_cloudfront_origins.S3Origin#bind is deprecated.
      Use `S3BucketOrigin` or `S3StaticWebsiteOrigin` instead.
      This API will be removed in the next major release.

    [0m [90m 85 |[39m
     [90m 86 |[39m     [90m// CloudFront Distribution菴懈・[39m
    [31m[1m>[22m[39m[90m 87 |[39m     [36mthis[39m[33m.[39mdistribution [33m=[39m [36mnew[39m cloudfront[33m.[39m[33mDistribution[39m([36mthis[39m[33m,[39m [32m'Distribution'[39m[33m,[39m {
     [90m    |[39m                         [31m[1m^[22m[39m
     [90m 88 |[39m       comment[33m:[39m [32m`TDnet Dashboard Distribution (${props.environment})`[39m[33m,[39m
     [90m 89 |[39m       defaultRootObject[33m:[39m [32m'index.html'[39m[33m,[39m
     [90m 90 |[39m       [0m

      at Object.print (node_modules/aws-cdk-lib/.warnings.jsii.js:9:146)
      at S3Origin.bind (node_modules/aws-cdk-lib/aws-cloudfront-origins/lib/s3-origin.js:1:1477)
      at WrappedClass.addOrigin (node_modules/aws-cdk-lib/aws-cloudfront/lib/distribution.js:1:23287)
      at WrappedClass.addBehavior (node_modules/aws-cdk-lib/aws-cloudfront/lib/distribution.js:1:21523)
      at WrappedClass.<anonymous> (node_modules/aws-cdk-lib/core/lib/metadata-resource.js:1:2117)
      at node_modules/aws-cdk-lib/aws-cloudfront/lib/distribution.js:1:13352
          at Array.forEach (<anonymous>)
      at new Distribution2 (node_modules/aws-cdk-lib/aws-cloudfront/lib/distribution.js:1:13305)
      at new Distribution2 (node_modules/aws-cdk-lib/core/lib/prop-injectable.js:1:783)
      at new DashboardCloudFront (cdk/lib/constructs/cloudfront.ts:87:25)
      at Object.<anonymous> (cdk/__tests__/cloudfront.test.ts:198:5)

  console.warn
    [WARNING] aws-cdk-lib.aws_cloudfront_origins.S3Origin#bind is deprecated.
      Use `S3BucketOrigin` or `S3StaticWebsiteOrigin` instead.
      This API will be removed in the next major release.

    [0m [90m 85 |[39m
     [90m 86 |[39m     [90m// CloudFront Distribution菴懈・[39m
    [31m[1m>[22m[39m[90m 87 |[39m     [36mthis[39m[33m.[39mdistribution [33m=[39m [36mnew[39m cloudfront[33m.[39m[33mDistribution[39m([36mthis[39m[33m,[39m [32m'Distribution'[39m[33m,[39m {
     [90m    |[39m                         [31m[1m^[22m[39m
     [90m 88 |[39m       comment[33m:[39m [32m`TDnet Dashboard Distribution (${props.environment})`[39m[33m,[39m
     [90m 89 |[39m       defaultRootObject[33m:[39m [32m'index.html'[39m[33m,[39m
     [90m 90 |[39m       [0m

      at Object.print (node_modules/aws-cdk-lib/.warnings.jsii.js:9:146)
      at S3Origin.bind (node_modules/aws-cdk-lib/aws-cloudfront-origins/lib/s3-origin.js:1:1477)
      at WrappedClass.addOrigin (node_modules/aws-cdk-lib/aws-cloudfront/lib/distribution.js:1:23287)
      at WrappedClass.addBehavior (node_modules/aws-cdk-lib/aws-cloudfront/lib/distribution.js:1:21523)
      at WrappedClass.<anonymous> (node_modules/aws-cdk-lib/core/lib/metadata-resource.js:1:2117)
      at node_modules/aws-cdk-lib/aws-cloudfront/lib/distribution.js:1:13352
          at Array.forEach (<anonymous>)
      at new Distribution2 (node_modules/aws-cdk-lib/aws-cloudfront/lib/distribution.js:1:13305)
      at new Distribution2 (node_modules/aws-cdk-lib/core/lib/prop-injectable.js:1:783)
      at new DashboardCloudFront (cdk/lib/constructs/cloudfront.ts:87:25)
      at Object.<anonymous> (cdk/__tests__/cloudfront.test.ts:198:5)

  console.warn
    [WARNING] aws-cdk-lib.aws_cloudfront_origins.S3Origin#bind is deprecated.
      Use `S3BucketOrigin` or `S3StaticWebsiteOrigin` instead.
      This API will be removed in the next major release.

    [0m [90m 85 |[39m
     [90m 86 |[39m     [90m// CloudFront Distribution菴懈・[39m
    [31m[1m>[22m[39m[90m 87 |[39m     [36mthis[39m[33m.[39mdistribution [33m=[39m [36mnew[39m cloudfront[33m.[39m[33mDistribution[39m([36mthis[39m[33m,[39m [32m'Distribution'[39m[33m,[39m {
     [90m    |[39m                         [31m[1m^[22m[39m
     [90m 88 |[39m       comment[33m:[39m [32m`TDnet Dashboard Distribution (${props.environment})`[39m[33m,[39m
     [90m 89 |[39m       defaultRootObject[33m:[39m [32m'index.html'[39m[33m,[39m
     [90m 90 |[39m       [0m

      at Object.print (node_modules/aws-cdk-lib/.warnings.jsii.js:9:146)
      at S3Origin.bind (node_modules/aws-cdk-lib/aws-cloudfront-origins/lib/s3-origin.js:1:1477)
      at WrappedClass.addOrigin (node_modules/aws-cdk-lib/aws-cloudfront/lib/distribution.js:1:23287)
      at WrappedClass.addBehavior (node_modules/aws-cdk-lib/aws-cloudfront/lib/distribution.js:1:21523)
      at WrappedClass.<anonymous> (node_modules/aws-cdk-lib/core/lib/metadata-resource.js:1:2117)
      at node_modules/aws-cdk-lib/aws-cloudfront/lib/distribution.js:1:13352
          at Array.forEach (<anonymous>)
      at new Distribution2 (node_modules/aws-cdk-lib/aws-cloudfront/lib/distribution.js:1:13305)
      at new Distribution2 (node_modules/aws-cdk-lib/core/lib/prop-injectable.js:1:783)
      at new DashboardCloudFront (cdk/lib/constructs/cloudfront.ts:87:25)
      at Object.<anonymous> (cdk/__tests__/cloudfront.test.ts:198:5)

  console.warn
    [WARNING] aws-cdk-lib.aws_cloudfront_origins.S3Origin is deprecated.
      Use `S3BucketOrigin` or `S3StaticWebsiteOrigin` instead.
      This API will be removed in the next major release.

    [0m [90m 91 |[39m       [90m// S3繧ｪ繝ｪ繧ｸ繝ｳ險ｭ螳・[39m
     [90m 92 |[39m       defaultBehavior[33m:[39m {
    [31m[1m>[22m[39m[90m 93 |[39m         origin[33m:[39m [36mnew[39m origins[33m.[39m[33mS3Origin[39m(props[33m.[39mdashboardBucket[33m,[39m {
     [90m    |[39m                 [31m[1m^[22m[39m
     [90m 94 |[39m           originAccessIdentity[33m:[39m [36mthis[39m[33m.[39moriginAccessIdentity[33m,[39m
     [90m 95 |[39m         })[33m,[39m
     [90m 96 |[39m         viewerProtocolPolicy[33m:[39m cloudfront[33m.[39m[33mViewerProtocolPolicy[39m[33m.[39m[33mREDIRECT_TO_HTTPS[39m[33m,[39m[0m

      at Object.print (node_modules/aws-cdk-lib/.warnings.jsii.js:9:146)
      at new S3Origin (node_modules/aws-cdk-lib/aws-cloudfront-origins/lib/s3-origin.js:1:848)
      at new DashboardCloudFront (cdk/lib/constructs/cloudfront.ts:93:17)
      at Object.<anonymous> (cdk/__tests__/cloudfront.test.ts:214:5)

  console.warn
    [WARNING] aws-cdk-lib.aws_cloudfront_origins.S3Origin is deprecated.
      Use `S3BucketOrigin` or `S3StaticWebsiteOrigin` instead.
      This API will be removed in the next major release.

    [0m [90m 102 |[39m       additionalBehaviors[33m:[39m {
     [90m 103 |[39m         [32m'/static/*'[39m[33m:[39m {
    [31m[1m>[22m[39m[90m 104 |[39m           origin[33m:[39m [36mnew[39m origins[33m.[39m[33mS3Origin[39m(props[33m.[39mdashboardBucket[33m,[39m {
     [90m     |[39m                   [31m[1m^[22m[39m
     [90m 105 |[39m             originAccessIdentity[33m:[39m [36mthis[39m[33m.[39moriginAccessIdentity[33m,[39m
     [90m 106 |[39m           })[33m,[39m
     [90m 107 |[39m           viewerProtocolPolicy[33m:[39m cloudfront[33m.[39m[33mViewerProtocolPolicy[39m[33m.[39m[33mREDIRECT_TO_HTTPS[39m[33m,[39m[0m

      at Object.print (node_modules/aws-cdk-lib/.warnings.jsii.js:9:146)
      at new S3Origin (node_modules/aws-cdk-lib/aws-cloudfront-origins/lib/s3-origin.js:1:848)
      at new DashboardCloudFront (cdk/lib/constructs/cloudfront.ts:104:19)
      at Object.<anonymous> (cdk/__tests__/cloudfront.test.ts:214:5)

  console.warn
    [WARNING] aws-cdk-lib.aws_cloudfront_origins.S3Origin is deprecated.
      Use `S3BucketOrigin` or `S3StaticWebsiteOrigin` instead.
      This API will be removed in the next major release.

    [0m [90m 110 |[39m         }[33m,[39m
     [90m 111 |[39m         [32m'*.js'[39m[33m:[39m {
    [31m[1m>[22m[39m[90m 112 |[39m           origin[33m:[39m [36mnew[39m origins[33m.[39m[33mS3Origin[39m(props[33m.[39mdashboardBucket[33m,[39m {
     [90m     |[39m                   [31m[1m^[22m[39m
     [90m 113 |[39m             originAccessIdentity[33m:[39m [36mthis[39m[33m.[39moriginAccessIdentity[33m,[39m
     [90m 114 |[39m           })[33m,[39m
     [90m 115 |[39m           viewerProtocolPolicy[33m:[39m cloudfront[33m.[39m[33mViewerProtocolPolicy[39m[33m.[39m[33mREDIRECT_TO_HTTPS[39m[33m,[39m[0m

      at Object.print (node_modules/aws-cdk-lib/.warnings.jsii.js:9:146)
      at new S3Origin (node_modules/aws-cdk-lib/aws-cloudfront-origins/lib/s3-origin.js:1:848)
      at new DashboardCloudFront (cdk/lib/constructs/cloudfront.ts:112:19)
      at Object.<anonymous> (cdk/__tests__/cloudfront.test.ts:214:5)

  console.warn
    [WARNING] aws-cdk-lib.aws_cloudfront_origins.S3Origin is deprecated.
      Use `S3BucketOrigin` or `S3StaticWebsiteOrigin` instead.
      This API will be removed in the next major release.

    [0m [90m 118 |[39m         }[33m,[39m
     [90m 119 |[39m         [32m'*.css'[39m[33m:[39m {
    [31m[1m>[22m[39m[90m 120 |[39m           origin[33m:[39m [36mnew[39m origins[33m.[39m[33mS3Origin[39m(props[33m.[39mdashboardBucket[33m,[39m {
     [90m     |[39m                   [31m[1m^[22m[39m
     [90m 121 |[39m             originAccessIdentity[33m:[39m [36mthis[39m[33m.[39moriginAccessIdentity[33m,[39m
     [90m 122 |[39m           })[33m,[39m
     [90m 123 |[39m           viewerProtocolPolicy[33m:[39m cloudfront[33m.[39m[33mViewerProtocolPolicy[39m[33m.[39m[33mREDIRECT_TO_HTTPS[39m[33m,[39m[0m

      at Object.print (node_modules/aws-cdk-lib/.warnings.jsii.js:9:146)
      at new S3Origin (node_modules/aws-cdk-lib/aws-cloudfront-origins/lib/s3-origin.js:1:848)
      at new DashboardCloudFront (cdk/lib/constructs/cloudfront.ts:120:19)
      at Object.<anonymous> (cdk/__tests__/cloudfront.test.ts:214:5)

  console.warn
    [WARNING] aws-cdk-lib.aws_cloudfront_origins.S3Origin#bind is deprecated.
      Use `S3BucketOrigin` or `S3StaticWebsiteOrigin` instead.
      This API will be removed in the next major release.

    [0m [90m 85 |[39m
     [90m 86 |[39m     [90m// CloudFront Distribution菴懈・[39m
    [31m[1m>[22m[39m[90m 87 |[39m     [36mthis[39m[33m.[39mdistribution [33m=[39m [36mnew[39m cloudfront[33m.[39m[33mDistribution[39m([36mthis[39m[33m,[39m [32m'Distribution'[39m[33m,[39m {
     [90m    |[39m                         [31m[1m^[22m[39m
     [90m 88 |[39m       comment[33m:[39m [32m`TDnet Dashboard Distribution (${props.environment})`[39m[33m,[39m
     [90m 89 |[39m       defaultRootObject[33m:[39m [32m'index.html'[39m[33m,[39m
     [90m 90 |[39m       [0m

      at Object.print (node_modules/aws-cdk-lib/.warnings.jsii.js:9:146)
      at S3Origin.bind (node_modules/aws-cdk-lib/aws-cloudfront-origins/lib/s3-origin.js:1:1477)
      at WrappedClass.addOrigin (node_modules/aws-cdk-lib/aws-cloudfront/lib/distribution.js:1:23287)
      at new Distribution2 (node_modules/aws-cdk-lib/aws-cloudfront/lib/distribution.js:1:13084)
      at new Distribution2 (node_modules/aws-cdk-lib/core/lib/prop-injectable.js:1:783)
      at new DashboardCloudFront (cdk/lib/constructs/cloudfront.ts:87:25)
      at Object.<anonymous> (cdk/__tests__/cloudfront.test.ts:214:5)

  console.warn
    [WARNING] aws-cdk-lib.aws_cloudfront_origins.S3Origin#bind is deprecated.
      Use `S3BucketOrigin` or `S3StaticWebsiteOrigin` instead.
      This API will be removed in the next major release.

    [0m [90m 85 |[39m
     [90m 86 |[39m     [90m// CloudFront Distribution菴懈・[39m
    [31m[1m>[22m[39m[90m 87 |[39m     [36mthis[39m[33m.[39mdistribution [33m=[39m [36mnew[39m cloudfront[33m.[39m[33mDistribution[39m([36mthis[39m[33m,[39m [32m'Distribution'[39m[33m,[39m {
     [90m    |[39m                         [31m[1m^[22m[39m
     [90m 88 |[39m       comment[33m:[39m [32m`TDnet Dashboard Distribution (${props.environment})`[39m[33m,[39m
     [90m 89 |[39m       defaultRootObject[33m:[39m [32m'index.html'[39m[33m,[39m
     [90m 90 |[39m       [0m

      at Object.print (node_modules/aws-cdk-lib/.warnings.jsii.js:9:146)
      at S3Origin.bind (node_modules/aws-cdk-lib/aws-cloudfront-origins/lib/s3-origin.js:1:1477)
      at WrappedClass.addOrigin (node_modules/aws-cdk-lib/aws-cloudfront/lib/distribution.js:1:23287)
      at WrappedClass.addBehavior (node_modules/aws-cdk-lib/aws-cloudfront/lib/distribution.js:1:21523)
      at WrappedClass.<anonymous> (node_modules/aws-cdk-lib/core/lib/metadata-resource.js:1:2117)
      at node_modules/aws-cdk-lib/aws-cloudfront/lib/distribution.js:1:13352
          at Array.forEach (<anonymous>)
      at new Distribution2 (node_modules/aws-cdk-lib/aws-cloudfront/lib/distribution.js:1:13305)
      at new Distribution2 (node_modules/aws-cdk-lib/core/lib/prop-injectable.js:1:783)
      at new DashboardCloudFront (cdk/lib/constructs/cloudfront.ts:87:25)
      at Object.<anonymous> (cdk/__tests__/cloudfront.test.ts:214:5)

  console.warn
    [WARNING] aws-cdk-lib.aws_cloudfront_origins.S3Origin#bind is deprecated.
      Use `S3BucketOrigin` or `S3StaticWebsiteOrigin` instead.
      This API will be removed in the next major release.

    [0m [90m 85 |[39m
     [90m 86 |[39m     [90m// CloudFront Distribution菴懈・[39m
    [31m[1m>[22m[39m[90m 87 |[39m     [36mthis[39m[33m.[39mdistribution [33m=[39m [36mnew[39m cloudfront[33m.[39m[33mDistribution[39m([36mthis[39m[33m,[39m [32m'Distribution'[39m[33m,[39m {
     [90m    |[39m                         [31m[1m^[22m[39m
     [90m 88 |[39m       comment[33m:[39m [32m`TDnet Dashboard Distribution (${props.environment})`[39m[33m,[39m
     [90m 89 |[39m       defaultRootObject[33m:[39m [32m'index.html'[39m[33m,[39m
     [90m 90 |[39m       [0m

      at Object.print (node_modules/aws-cdk-lib/.warnings.jsii.js:9:146)
      at S3Origin.bind (node_modules/aws-cdk-lib/aws-cloudfront-origins/lib/s3-origin.js:1:1477)
      at WrappedClass.addOrigin (node_modules/aws-cdk-lib/aws-cloudfront/lib/distribution.js:1:23287)
      at WrappedClass.addBehavior (node_modules/aws-cdk-lib/aws-cloudfront/lib/distribution.js:1:21523)
      at WrappedClass.<anonymous> (node_modules/aws-cdk-lib/core/lib/metadata-resource.js:1:2117)
      at node_modules/aws-cdk-lib/aws-cloudfront/lib/distribution.js:1:13352
          at Array.forEach (<anonymous>)
      at new Distribution2 (node_modules/aws-cdk-lib/aws-cloudfront/lib/distribution.js:1:13305)
      at new Distribution2 (node_modules/aws-cdk-lib/core/lib/prop-injectable.js:1:783)
      at new DashboardCloudFront (cdk/lib/constructs/cloudfront.ts:87:25)
      at Object.<anonymous> (cdk/__tests__/cloudfront.test.ts:214:5)

  console.warn
    [WARNING] aws-cdk-lib.aws_cloudfront_origins.S3Origin#bind is deprecated.
      Use `S3BucketOrigin` or `S3StaticWebsiteOrigin` instead.
      This API will be removed in the next major release.

    [0m [90m 85 |[39m
     [90m 86 |[39m     [90m// CloudFront Distribution菴懈・[39m
    [31m[1m>[22m[39m[90m 87 |[39m     [36mthis[39m[33m.[39mdistribution [33m=[39m [36mnew[39m cloudfront[33m.[39m[33mDistribution[39m([36mthis[39m[33m,[39m [32m'Distribution'[39m[33m,[39m {
     [90m    |[39m                         [31m[1m^[22m[39m
     [90m 88 |[39m       comment[33m:[39m [32m`TDnet Dashboard Distribution (${props.environment})`[39m[33m,[39m
     [90m 89 |[39m       defaultRootObject[33m:[39m [32m'index.html'[39m[33m,[39m
     [90m 90 |[39m       [0m

      at Object.print (node_modules/aws-cdk-lib/.warnings.jsii.js:9:146)
      at S3Origin.bind (node_modules/aws-cdk-lib/aws-cloudfront-origins/lib/s3-origin.js:1:1477)
      at WrappedClass.addOrigin (node_modules/aws-cdk-lib/aws-cloudfront/lib/distribution.js:1:23287)
      at WrappedClass.addBehavior (node_modules/aws-cdk-lib/aws-cloudfront/lib/distribution.js:1:21523)
      at WrappedClass.<anonymous> (node_modules/aws-cdk-lib/core/lib/metadata-resource.js:1:2117)
      at node_modules/aws-cdk-lib/aws-cloudfront/lib/distribution.js:1:13352
          at Array.forEach (<anonymous>)
      at new Distribution2 (node_modules/aws-cdk-lib/aws-cloudfront/lib/distribution.js:1:13305)
      at new Distribution2 (node_modules/aws-cdk-lib/core/lib/prop-injectable.js:1:783)
      at new DashboardCloudFront (cdk/lib/constructs/cloudfront.ts:87:25)
      at Object.<anonymous> (cdk/__tests__/cloudfront.test.ts:214:5)

  console.warn
    [WARNING] aws-cdk-lib.aws_cloudfront_origins.S3Origin is deprecated.
      Use `S3BucketOrigin` or `S3StaticWebsiteOrigin` instead.
      This API will be removed in the next major release.

    [0m [90m 91 |[39m       [90m// S3繧ｪ繝ｪ繧ｸ繝ｳ險ｭ螳・[39m
     [90m 92 |[39m       defaultBehavior[33m:[39m {
    [31m[1m>[22m[39m[90m 93 |[39m         origin[33m:[39m [36mnew[39m origins[33m.[39m[33mS3Origin[39m(props[33m.[39mdashboardBucket[33m,[39m {
     [90m    |[39m                 [31m[1m^[22m[39m
     [90m 94 |[39m           originAccessIdentity[33m:[39m [36mthis[39m[33m.[39moriginAccessIdentity[33m,[39m
     [90m 95 |[39m         })[33m,[39m
     [90m 96 |[39m         viewerProtocolPolicy[33m:[39m cloudfront[33m.[39m[33mViewerProtocolPolicy[39m[33m.[39m[33mREDIRECT_TO_HTTPS[39m[33m,[39m[0m

      at Object.print (node_modules/aws-cdk-lib/.warnings.jsii.js:9:146)
      at new S3Origin (node_modules/aws-cdk-lib/aws-cloudfront-origins/lib/s3-origin.js:1:848)
      at new DashboardCloudFront (cdk/lib/constructs/cloudfront.ts:93:17)
      at Object.<anonymous> (cdk/__tests__/cloudfront.test.ts:232:5)

  console.warn
    [WARNING] aws-cdk-lib.aws_cloudfront_origins.S3Origin is deprecated.
      Use `S3BucketOrigin` or `S3StaticWebsiteOrigin` instead.
      This API will be removed in the next major release.

    [0m [90m 102 |[39m       additionalBehaviors[33m:[39m {
     [90m 103 |[39m         [32m'/static/*'[39m[33m:[39m {
    [31m[1m>[22m[39m[90m 104 |[39m           origin[33m:[39m [36mnew[39m origins[33m.[39m[33mS3Origin[39m(props[33m.[39mdashboardBucket[33m,[39m {
     [90m     |[39m                   [31m[1m^[22m[39m
     [90m 105 |[39m             originAccessIdentity[33m:[39m [36mthis[39m[33m.[39moriginAccessIdentity[33m,[39m
     [90m 106 |[39m           })[33m,[39m
     [90m 107 |[39m           viewerProtocolPolicy[33m:[39m cloudfront[33m.[39m[33mViewerProtocolPolicy[39m[33m.[39m[33mREDIRECT_TO_HTTPS[39m[33m,[39m[0m

      at Object.print (node_modules/aws-cdk-lib/.warnings.jsii.js:9:146)
      at new S3Origin (node_modules/aws-cdk-lib/aws-cloudfront-origins/lib/s3-origin.js:1:848)
      at new DashboardCloudFront (cdk/lib/constructs/cloudfront.ts:104:19)
      at Object.<anonymous> (cdk/__tests__/cloudfront.test.ts:232:5)

  console.warn
    [WARNING] aws-cdk-lib.aws_cloudfront_origins.S3Origin is deprecated.
      Use `S3BucketOrigin` or `S3StaticWebsiteOrigin` instead.
      This API will be removed in the next major release.

    [0m [90m 110 |[39m         }[33m,[39m
     [90m 111 |[39m         [32m'*.js'[39m[33m:[39m {
    [31m[1m>[22m[39m[90m 112 |[39m           origin[33m:[39m [36mnew[39m origins[33m.[39m[33mS3Origin[39m(props[33m.[39mdashboardBucket[33m,[39m {
     [90m     |[39m                   [31m[1m^[22m[39m
     [90m 113 |[39m             originAccessIdentity[33m:[39m [36mthis[39m[33m.[39moriginAccessIdentity[33m,[39m
     [90m 114 |[39m           })[33m,[39m
     [90m 115 |[39m           viewerProtocolPolicy[33m:[39m cloudfront[33m.[39m[33mViewerProtocolPolicy[39m[33m.[39m[33mREDIRECT_TO_HTTPS[39m[33m,[39m[0m

      at Object.print (node_modules/aws-cdk-lib/.warnings.jsii.js:9:146)
      at new S3Origin (node_modules/aws-cdk-lib/aws-cloudfront-origins/lib/s3-origin.js:1:848)
      at new DashboardCloudFront (cdk/lib/constructs/cloudfront.ts:112:19)
      at Object.<anonymous> (cdk/__tests__/cloudfront.test.ts:232:5)

  console.warn
    [WARNING] aws-cdk-lib.aws_cloudfront_origins.S3Origin is deprecated.
      Use `S3BucketOrigin` or `S3StaticWebsiteOrigin` instead.
      This API will be removed in the next major release.

    [0m [90m 118 |[39m         }[33m,[39m
     [90m 119 |[39m         [32m'*.css'[39m[33m:[39m {
    [31m[1m>[22m[39m[90m 120 |[39m           origin[33m:[39m [36mnew[39m origins[33m.[39m[33mS3Origin[39m(props[33m.[39mdashboardBucket[33m,[39m {
     [90m     |[39m                   [31m[1m^[22m[39m
     [90m 121 |[39m             originAccessIdentity[33m:[39m [36mthis[39m[33m.[39moriginAccessIdentity[33m,[39m
     [90m 122 |[39m           })[33m,[39m
     [90m 123 |[39m           viewerProtocolPolicy[33m:[39m cloudfront[33m.[39m[33mViewerProtocolPolicy[39m[33m.[39m[33mREDIRECT_TO_HTTPS[39m[33m,[39m[0m

      at Object.print (node_modules/aws-cdk-lib/.warnings.jsii.js:9:146)
      at new S3Origin (node_modules/aws-cdk-lib/aws-cloudfront-origins/lib/s3-origin.js:1:848)
      at new DashboardCloudFront (cdk/lib/constructs/cloudfront.ts:120:19)
      at Object.<anonymous> (cdk/__tests__/cloudfront.test.ts:232:5)

  console.warn
    [WARNING] aws-cdk-lib.aws_cloudfront_origins.S3Origin#bind is deprecated.
      Use `S3BucketOrigin` or `S3StaticWebsiteOrigin` instead.
      This API will be removed in the next major release.

    [0m [90m 85 |[39m
     [90m 86 |[39m     [90m// CloudFront Distribution菴懈・[39m
    [31m[1m>[22m[39m[90m 87 |[39m     [36mthis[39m[33m.[39mdistribution [33m=[39m [36mnew[39m cloudfront[33m.[39m[33mDistribution[39m([36mthis[39m[33m,[39m [32m'Distribution'[39m[33m,[39m {
     [90m    |[39m                         [31m[1m^[22m[39m
     [90m 88 |[39m       comment[33m:[39m [32m`TDnet Dashboard Distribution (${props.environment})`[39m[33m,[39m
     [90m 89 |[39m       defaultRootObject[33m:[39m [32m'index.html'[39m[33m,[39m
     [90m 90 |[39m       [0m

      at Object.print (node_modules/aws-cdk-lib/.warnings.jsii.js:9:146)
      at S3Origin.bind (node_modules/aws-cdk-lib/aws-cloudfront-origins/lib/s3-origin.js:1:1477)
      at WrappedClass.addOrigin (node_modules/aws-cdk-lib/aws-cloudfront/lib/distribution.js:1:23287)
      at new Distribution2 (node_modules/aws-cdk-lib/aws-cloudfront/lib/distribution.js:1:13084)
      at new Distribution2 (node_modules/aws-cdk-lib/core/lib/prop-injectable.js:1:783)
      at new DashboardCloudFront (cdk/lib/constructs/cloudfront.ts:87:25)
      at Object.<anonymous> (cdk/__tests__/cloudfront.test.ts:232:5)

  console.warn
    [WARNING] aws-cdk-lib.aws_cloudfront_origins.S3Origin#bind is deprecated.
      Use `S3BucketOrigin` or `S3StaticWebsiteOrigin` instead.
      This API will be removed in the next major release.

    [0m [90m 85 |[39m
     [90m 86 |[39m     [90m// CloudFront Distribution菴懈・[39m
    [31m[1m>[22m[39m[90m 87 |[39m     [36mthis[39m[33m.[39mdistribution [33m=[39m [36mnew[39m cloudfront[33m.[39m[33mDistribution[39m([36mthis[39m[33m,[39m [32m'Distribution'[39m[33m,[39m {
     [90m    |[39m                         [31m[1m^[22m[39m
     [90m 88 |[39m       comment[33m:[39m [32m`TDnet Dashboard Distribution (${props.environment})`[39m[33m,[39m
     [90m 89 |[39m       defaultRootObject[33m:[39m [32m'index.html'[39m[33m,[39m
     [90m 90 |[39m       [0m

      at Object.print (node_modules/aws-cdk-lib/.warnings.jsii.js:9:146)
      at S3Origin.bind (node_modules/aws-cdk-lib/aws-cloudfront-origins/lib/s3-origin.js:1:1477)
      at WrappedClass.addOrigin (node_modules/aws-cdk-lib/aws-cloudfront/lib/distribution.js:1:23287)
      at WrappedClass.addBehavior (node_modules/aws-cdk-lib/aws-cloudfront/lib/distribution.js:1:21523)
      at WrappedClass.<anonymous> (node_modules/aws-cdk-lib/core/lib/metadata-resource.js:1:2117)
      at node_modules/aws-cdk-lib/aws-cloudfront/lib/distribution.js:1:13352
          at Array.forEach (<anonymous>)
      at new Distribution2 (node_modules/aws-cdk-lib/aws-cloudfront/lib/distribution.js:1:13305)
      at new Distribution2 (node_modules/aws-cdk-lib/core/lib/prop-injectable.js:1:783)
      at new DashboardCloudFront (cdk/lib/constructs/cloudfront.ts:87:25)
      at Object.<anonymous> (cdk/__tests__/cloudfront.test.ts:232:5)

  console.warn
    [WARNING] aws-cdk-lib.aws_cloudfront_origins.S3Origin#bind is deprecated.
      Use `S3BucketOrigin` or `S3StaticWebsiteOrigin` instead.
      This API will be removed in the next major release.

    [0m [90m 85 |[39m
     [90m 86 |[39m     [90m// CloudFront Distribution菴懈・[39m
    [31m[1m>[22m[39m[90m 87 |[39m     [36mthis[39m[33m.[39mdistribution [33m=[39m [36mnew[39m cloudfront[33m.[39m[33mDistribution[39m([36mthis[39m[33m,[39m [32m'Distribution'[39m[33m,[39m {
     [90m    |[39m                         [31m[1m^[22m[39m
     [90m 88 |[39m       comment[33m:[39m [32m`TDnet Dashboard Distribution (${props.environment})`[39m[33m,[39m
     [90m 89 |[39m       defaultRootObject[33m:[39m [32m'index.html'[39m[33m,[39m
     [90m 90 |[39m       [0m

      at Object.print (node_modules/aws-cdk-lib/.warnings.jsii.js:9:146)
      at S3Origin.bind (node_modules/aws-cdk-lib/aws-cloudfront-origins/lib/s3-origin.js:1:1477)
      at WrappedClass.addOrigin (node_modules/aws-cdk-lib/aws-cloudfront/lib/distribution.js:1:23287)
      at WrappedClass.addBehavior (node_modules/aws-cdk-lib/aws-cloudfront/lib/distribution.js:1:21523)
      at WrappedClass.<anonymous> (node_modules/aws-cdk-lib/core/lib/metadata-resource.js:1:2117)
      at node_modules/aws-cdk-lib/aws-cloudfront/lib/distribution.js:1:13352
          at Array.forEach (<anonymous>)
      at new Distribution2 (node_modules/aws-cdk-lib/aws-cloudfront/lib/distribution.js:1:13305)
      at new Distribution2 (node_modules/aws-cdk-lib/core/lib/prop-injectable.js:1:783)
      at new DashboardCloudFront (cdk/lib/constructs/cloudfront.ts:87:25)
      at Object.<anonymous> (cdk/__tests__/cloudfront.test.ts:232:5)

  console.warn
    [WARNING] aws-cdk-lib.aws_cloudfront_origins.S3Origin#bind is deprecated.
      Use `S3BucketOrigin` or `S3StaticWebsiteOrigin` instead.
      This API will be removed in the next major release.

    [0m [90m 85 |[39m
     [90m 86 |[39m     [90m// CloudFront Distribution菴懈・[39m
    [31m[1m>[22m[39m[90m 87 |[39m     [36mthis[39m[33m.[39mdistribution [33m=[39m [36mnew[39m cloudfront[33m.[39m[33mDistribution[39m([36mthis[39m[33m,[39m [32m'Distribution'[39m[33m,[39m {
     [90m    |[39m                         [31m[1m^[22m[39m
     [90m 88 |[39m       comment[33m:[39m [32m`TDnet Dashboard Distribution (${props.environment})`[39m[33m,[39m
     [90m 89 |[39m       defaultRootObject[33m:[39m [32m'index.html'[39m[33m,[39m
     [90m 90 |[39m       [0m

      at Object.print (node_modules/aws-cdk-lib/.warnings.jsii.js:9:146)
      at S3Origin.bind (node_modules/aws-cdk-lib/aws-cloudfront-origins/lib/s3-origin.js:1:1477)
      at WrappedClass.addOrigin (node_modules/aws-cdk-lib/aws-cloudfront/lib/distribution.js:1:23287)
      at WrappedClass.addBehavior (node_modules/aws-cdk-lib/aws-cloudfront/lib/distribution.js:1:21523)
      at WrappedClass.<anonymous> (node_modules/aws-cdk-lib/core/lib/metadata-resource.js:1:2117)
      at node_modules/aws-cdk-lib/aws-cloudfront/lib/distribution.js:1:13352
          at Array.forEach (<anonymous>)
      at new Distribution2 (node_modules/aws-cdk-lib/aws-cloudfront/lib/distribution.js:1:13305)
      at new Distribution2 (node_modules/aws-cdk-lib/core/lib/prop-injectable.js:1:783)
      at new DashboardCloudFront (cdk/lib/constructs/cloudfront.ts:87:25)
      at Object.<anonymous> (cdk/__tests__/cloudfront.test.ts:232:5)

  console.warn
    [WARNING] aws-cdk-lib.aws_cloudfront_origins.S3Origin is deprecated.
      Use `S3BucketOrigin` or `S3StaticWebsiteOrigin` instead.
      This API will be removed in the next major release.

    [0m [90m 91 |[39m       [90m// S3繧ｪ繝ｪ繧ｸ繝ｳ險ｭ螳・[39m
     [90m 92 |[39m       defaultBehavior[33m:[39m {
    [31m[1m>[22m[39m[90m 93 |[39m         origin[33m:[39m [36mnew[39m origins[33m.[39m[33mS3Origin[39m(props[33m.[39mdashboardBucket[33m,[39m {
     [90m    |[39m                 [31m[1m^[22m[39m
     [90m 94 |[39m           originAccessIdentity[33m:[39m [36mthis[39m[33m.[39moriginAccessIdentity[33m,[39m
     [90m 95 |[39m         })[33m,[39m
     [90m 96 |[39m         viewerProtocolPolicy[33m:[39m cloudfront[33m.[39m[33mViewerProtocolPolicy[39m[33m.[39m[33mREDIRECT_TO_HTTPS[39m[33m,[39m[0m

      at Object.print (node_modules/aws-cdk-lib/.warnings.jsii.js:9:146)
      at new S3Origin (node_modules/aws-cdk-lib/aws-cloudfront-origins/lib/s3-origin.js:1:848)
      at new DashboardCloudFront (cdk/lib/constructs/cloudfront.ts:93:17)
      at Object.<anonymous> (cdk/__tests__/cloudfront.test.ts:248:5)

  console.warn
    [WARNING] aws-cdk-lib.aws_cloudfront_origins.S3Origin is deprecated.
      Use `S3BucketOrigin` or `S3StaticWebsiteOrigin` instead.
      This API will be removed in the next major release.

    [0m [90m 102 |[39m       additionalBehaviors[33m:[39m {
     [90m 103 |[39m         [32m'/static/*'[39m[33m:[39m {
    [31m[1m>[22m[39m[90m 104 |[39m           origin[33m:[39m [36mnew[39m origins[33m.[39m[33mS3Origin[39m(props[33m.[39mdashboardBucket[33m,[39m {
     [90m     |[39m                   [31m[1m^[22m[39m
     [90m 105 |[39m             originAccessIdentity[33m:[39m [36mthis[39m[33m.[39moriginAccessIdentity[33m,[39m
     [90m 106 |[39m           })[33m,[39m
     [90m 107 |[39m           viewerProtocolPolicy[33m:[39m cloudfront[33m.[39m[33mViewerProtocolPolicy[39m[33m.[39m[33mREDIRECT_TO_HTTPS[39m[33m,[39m[0m

      at Object.print (node_modules/aws-cdk-lib/.warnings.jsii.js:9:146)
      at new S3Origin (node_modules/aws-cdk-lib/aws-cloudfront-origins/lib/s3-origin.js:1:848)
      at new DashboardCloudFront (cdk/lib/constructs/cloudfront.ts:104:19)
      at Object.<anonymous> (cdk/__tests__/cloudfront.test.ts:248:5)

  console.warn
    [WARNING] aws-cdk-lib.aws_cloudfront_origins.S3Origin is deprecated.
      Use `S3BucketOrigin` or `S3StaticWebsiteOrigin` instead.
      This API will be removed in the next major release.

    [0m [90m 110 |[39m         }[33m,[39m
     [90m 111 |[39m         [32m'*.js'[39m[33m:[39m {
    [31m[1m>[22m[39m[90m 112 |[39m           origin[33m:[39m [36mnew[39m origins[33m.[39m[33mS3Origin[39m(props[33m.[39mdashboardBucket[33m,[39m {
     [90m     |[39m                   [31m[1m^[22m[39m
     [90m 113 |[39m             originAccessIdentity[33m:[39m [36mthis[39m[33m.[39moriginAccessIdentity[33m,[39m
     [90m 114 |[39m           })[33m,[39m
     [90m 115 |[39m           viewerProtocolPolicy[33m:[39m cloudfront[33m.[39m[33mViewerProtocolPolicy[39m[33m.[39m[33mREDIRECT_TO_HTTPS[39m[33m,[39m[0m

      at Object.print (node_modules/aws-cdk-lib/.warnings.jsii.js:9:146)
      at new S3Origin (node_modules/aws-cdk-lib/aws-cloudfront-origins/lib/s3-origin.js:1:848)
      at new DashboardCloudFront (cdk/lib/constructs/cloudfront.ts:112:19)
      at Object.<anonymous> (cdk/__tests__/cloudfront.test.ts:248:5)

  console.warn
    [WARNING] aws-cdk-lib.aws_cloudfront_origins.S3Origin is deprecated.
      Use `S3BucketOrigin` or `S3StaticWebsiteOrigin` instead.
      This API will be removed in the next major release.

    [0m [90m 118 |[39m         }[33m,[39m
     [90m 119 |[39m         [32m'*.css'[39m[33m:[39m {
    [31m[1m>[22m[39m[90m 120 |[39m           origin[33m:[39m [36mnew[39m origins[33m.[39m[33mS3Origin[39m(props[33m.[39mdashboardBucket[33m,[39m {
     [90m     |[39m                   [31m[1m^[22m[39m
     [90m 121 |[39m             originAccessIdentity[33m:[39m [36mthis[39m[33m.[39moriginAccessIdentity[33m,[39m
     [90m 122 |[39m           })[33m,[39m
     [90m 123 |[39m           viewerProtocolPolicy[33m:[39m cloudfront[33m.[39m[33mViewerProtocolPolicy[39m[33m.[39m[33mREDIRECT_TO_HTTPS[39m[33m,[39m[0m

      at Object.print (node_modules/aws-cdk-lib/.warnings.jsii.js:9:146)
      at new S3Origin (node_modules/aws-cdk-lib/aws-cloudfront-origins/lib/s3-origin.js:1:848)
      at new DashboardCloudFront (cdk/lib/constructs/cloudfront.ts:120:19)
      at Object.<anonymous> (cdk/__tests__/cloudfront.test.ts:248:5)

  console.warn
    [WARNING] aws-cdk-lib.aws_cloudfront_origins.S3Origin#bind is deprecated.
      Use `S3BucketOrigin` or `S3StaticWebsiteOrigin` instead.
      This API will be removed in the next major release.

    [0m [90m 85 |[39m
     [90m 86 |[39m     [90m// CloudFront Distribution菴懈・[39m
    [31m[1m>[22m[39m[90m 87 |[39m     [36mthis[39m[33m.[39mdistribution [33m=[39m [36mnew[39m cloudfront[33m.[39m[33mDistribution[39m([36mthis[39m[33m,[39m [32m'Distribution'[39m[33m,[39m {
     [90m    |[39m                         [31m[1m^[22m[39m
     [90m 88 |[39m       comment[33m:[39m [32m`TDnet Dashboard Distribution (${props.environment})`[39m[33m,[39m
     [90m 89 |[39m       defaultRootObject[33m:[39m [32m'index.html'[39m[33m,[39m
     [90m 90 |[39m       [0m

      at Object.print (node_modules/aws-cdk-lib/.warnings.jsii.js:9:146)
      at S3Origin.bind (node_modules/aws-cdk-lib/aws-cloudfront-origins/lib/s3-origin.js:1:1477)
      at WrappedClass.addOrigin (node_modules/aws-cdk-lib/aws-cloudfront/lib/distribution.js:1:23287)
      at new Distribution2 (node_modules/aws-cdk-lib/aws-cloudfront/lib/distribution.js:1:13084)
      at new Distribution2 (node_modules/aws-cdk-lib/core/lib/prop-injectable.js:1:783)
      at new DashboardCloudFront (cdk/lib/constructs/cloudfront.ts:87:25)
      at Object.<anonymous> (cdk/__tests__/cloudfront.test.ts:248:5)

  console.warn
    [WARNING] aws-cdk-lib.aws_cloudfront_origins.S3Origin#bind is deprecated.
      Use `S3BucketOrigin` or `S3StaticWebsiteOrigin` instead.
      This API will be removed in the next major release.

    [0m [90m 85 |[39m
     [90m 86 |[39m     [90m// CloudFront Distribution菴懈・[39m
    [31m[1m>[22m[39m[90m 87 |[39m     [36mthis[39m[33m.[39mdistribution [33m=[39m [36mnew[39m cloudfront[33m.[39m[33mDistribution[39m([36mthis[39m[33m,[39m [32m'Distribution'[39m[33m,[39m {
     [90m    |[39m                         [31m[1m^[22m[39m
     [90m 88 |[39m       comment[33m:[39m [32m`TDnet Dashboard Distribution (${props.environment})`[39m[33m,[39m
     [90m 89 |[39m       defaultRootObject[33m:[39m [32m'index.html'[39m[33m,[39m
     [90m 90 |[39m       [0m

      at Object.print (node_modules/aws-cdk-lib/.warnings.jsii.js:9:146)
      at S3Origin.bind (node_modules/aws-cdk-lib/aws-cloudfront-origins/lib/s3-origin.js:1:1477)
      at WrappedClass.addOrigin (node_modules/aws-cdk-lib/aws-cloudfront/lib/distribution.js:1:23287)
      at WrappedClass.addBehavior (node_modules/aws-cdk-lib/aws-cloudfront/lib/distribution.js:1:21523)
      at WrappedClass.<anonymous> (node_modules/aws-cdk-lib/core/lib/metadata-resource.js:1:2117)
      at node_modules/aws-cdk-lib/aws-cloudfront/lib/distribution.js:1:13352
          at Array.forEach (<anonymous>)
      at new Distribution2 (node_modules/aws-cdk-lib/aws-cloudfront/lib/distribution.js:1:13305)
      at new Distribution2 (node_modules/aws-cdk-lib/core/lib/prop-injectable.js:1:783)
      at new DashboardCloudFront (cdk/lib/constructs/cloudfront.ts:87:25)
      at Object.<anonymous> (cdk/__tests__/cloudfront.test.ts:248:5)

  console.warn
    [WARNING] aws-cdk-lib.aws_cloudfront_origins.S3Origin#bind is deprecated.
      Use `S3BucketOrigin` or `S3StaticWebsiteOrigin` instead.
      This API will be removed in the next major release.

    [0m [90m 85 |[39m
     [90m 86 |[39m     [90m// CloudFront Distribution菴懈・[39m
    [31m[1m>[22m[39m[90m 87 |[39m     [36mthis[39m[33m.[39mdistribution [33m=[39m [36mnew[39m cloudfront[33m.[39m[33mDistribution[39m([36mthis[39m[33m,[39m [32m'Distribution'[39m[33m,[39m {
     [90m    |[39m                         [31m[1m^[22m[39m
     [90m 88 |[39m       comment[33m:[39m [32m`TDnet Dashboard Distribution (${props.environment})`[39m[33m,[39m
     [90m 89 |[39m       defaultRootObject[33m:[39m [32m'index.html'[39m[33m,[39m
     [90m 90 |[39m       [0m

      at Object.print (node_modules/aws-cdk-lib/.warnings.jsii.js:9:146)
      at S3Origin.bind (node_modules/aws-cdk-lib/aws-cloudfront-origins/lib/s3-origin.js:1:1477)
      at WrappedClass.addOrigin (node_modules/aws-cdk-lib/aws-cloudfront/lib/distribution.js:1:23287)
      at WrappedClass.addBehavior (node_modules/aws-cdk-lib/aws-cloudfront/lib/distribution.js:1:21523)
      at WrappedClass.<anonymous> (node_modules/aws-cdk-lib/core/lib/metadata-resource.js:1:2117)
      at node_modules/aws-cdk-lib/aws-cloudfront/lib/distribution.js:1:13352
          at Array.forEach (<anonymous>)
      at new Distribution2 (node_modules/aws-cdk-lib/aws-cloudfront/lib/distribution.js:1:13305)
      at new Distribution2 (node_modules/aws-cdk-lib/core/lib/prop-injectable.js:1:783)
      at new DashboardCloudFront (cdk/lib/constructs/cloudfront.ts:87:25)
      at Object.<anonymous> (cdk/__tests__/cloudfront.test.ts:248:5)

  console.warn
    [WARNING] aws-cdk-lib.aws_cloudfront_origins.S3Origin#bind is deprecated.
      Use `S3BucketOrigin` or `S3StaticWebsiteOrigin` instead.
      This API will be removed in the next major release.

    [0m [90m 85 |[39m
     [90m 86 |[39m     [90m// CloudFront Distribution菴懈・[39m
    [31m[1m>[22m[39m[90m 87 |[39m     [36mthis[39m[33m.[39mdistribution [33m=[39m [36mnew[39m cloudfront[33m.[39m[33mDistribution[39m([36mthis[39m[33m,[39m [32m'Distribution'[39m[33m,[39m {
     [90m    |[39m                         [31m[1m^[22m[39m
     [90m 88 |[39m       comment[33m:[39m [32m`TDnet Dashboard Distribution (${props.environment})`[39m[33m,[39m
     [90m 89 |[39m       defaultRootObject[33m:[39m [32m'index.html'[39m[33m,[39m
     [90m 90 |[39m       [0m

      at Object.print (node_modules/aws-cdk-lib/.warnings.jsii.js:9:146)
      at S3Origin.bind (node_modules/aws-cdk-lib/aws-cloudfront-origins/lib/s3-origin.js:1:1477)
      at WrappedClass.addOrigin (node_modules/aws-cdk-lib/aws-cloudfront/lib/distribution.js:1:23287)
      at WrappedClass.addBehavior (node_modules/aws-cdk-lib/aws-cloudfront/lib/distribution.js:1:21523)
      at WrappedClass.<anonymous> (node_modules/aws-cdk-lib/core/lib/metadata-resource.js:1:2117)
      at node_modules/aws-cdk-lib/aws-cloudfront/lib/distribution.js:1:13352
          at Array.forEach (<anonymous>)
      at new Distribution2 (node_modules/aws-cdk-lib/aws-cloudfront/lib/distribution.js:1:13305)
      at new Distribution2 (node_modules/aws-cdk-lib/core/lib/prop-injectable.js:1:783)
      at new DashboardCloudFront (cdk/lib/constructs/cloudfront.ts:87:25)
      at Object.<anonymous> (cdk/__tests__/cloudfront.test.ts:248:5)

  console.warn
    [WARNING] aws-cdk-lib.aws_cloudfront_origins.S3Origin is deprecated.
      Use `S3BucketOrigin` or `S3StaticWebsiteOrigin` instead.
      This API will be removed in the next major release.

    [0m [90m 91 |[39m       [90m// S3繧ｪ繝ｪ繧ｸ繝ｳ險ｭ螳・[39m
     [90m 92 |[39m       defaultBehavior[33m:[39m {
    [31m[1m>[22m[39m[90m 93 |[39m         origin[33m:[39m [36mnew[39m origins[33m.[39m[33mS3Origin[39m(props[33m.[39mdashboardBucket[33m,[39m {
     [90m    |[39m                 [31m[1m^[22m[39m
     [90m 94 |[39m           originAccessIdentity[33m:[39m [36mthis[39m[33m.[39moriginAccessIdentity[33m,[39m
     [90m 95 |[39m         })[33m,[39m
     [90m 96 |[39m         viewerProtocolPolicy[33m:[39m cloudfront[33m.[39m[33mViewerProtocolPolicy[39m[33m.[39m[33mREDIRECT_TO_HTTPS[39m[33m,[39m[0m

      at Object.print (node_modules/aws-cdk-lib/.warnings.jsii.js:9:146)
      at new S3Origin (node_modules/aws-cdk-lib/aws-cloudfront-origins/lib/s3-origin.js:1:848)
      at new DashboardCloudFront (cdk/lib/constructs/cloudfront.ts:93:17)
      at Object.<anonymous> (cdk/__tests__/cloudfront.test.ts:264:5)

  console.warn
    [WARNING] aws-cdk-lib.aws_cloudfront_origins.S3Origin is deprecated.
      Use `S3BucketOrigin` or `S3StaticWebsiteOrigin` instead.
      This API will be removed in the next major release.

    [0m [90m 102 |[39m       additionalBehaviors[33m:[39m {
     [90m 103 |[39m         [32m'/static/*'[39m[33m:[39m {
    [31m[1m>[22m[39m[90m 104 |[39m           origin[33m:[39m [36mnew[39m origins[33m.[39m[33mS3Origin[39m(props[33m.[39mdashboardBucket[33m,[39m {
     [90m     |[39m                   [31m[1m^[22m[39m
     [90m 105 |[39m             originAccessIdentity[33m:[39m [36mthis[39m[33m.[39moriginAccessIdentity[33m,[39m
     [90m 106 |[39m           })[33m,[39m
     [90m 107 |[39m           viewerProtocolPolicy[33m:[39m cloudfront[33m.[39m[33mViewerProtocolPolicy[39m[33m.[39m[33mREDIRECT_TO_HTTPS[39m[33m,[39m[0m

      at Object.print (node_modules/aws-cdk-lib/.warnings.jsii.js:9:146)
      at new S3Origin (node_modules/aws-cdk-lib/aws-cloudfront-origins/lib/s3-origin.js:1:848)
      at new DashboardCloudFront (cdk/lib/constructs/cloudfront.ts:104:19)
      at Object.<anonymous> (cdk/__tests__/cloudfront.test.ts:264:5)

  console.warn
    [WARNING] aws-cdk-lib.aws_cloudfront_origins.S3Origin is deprecated.
      Use `S3BucketOrigin` or `S3StaticWebsiteOrigin` instead.
      This API will be removed in the next major release.

    [0m [90m 110 |[39m         }[33m,[39m
     [90m 111 |[39m         [32m'*.js'[39m[33m:[39m {
    [31m[1m>[22m[39m[90m 112 |[39m           origin[33m:[39m [36mnew[39m origins[33m.[39m[33mS3Origin[39m(props[33m.[39mdashboardBucket[33m,[39m {
     [90m     |[39m                   [31m[1m^[22m[39m
     [90m 113 |[39m             originAccessIdentity[33m:[39m [36mthis[39m[33m.[39moriginAccessIdentity[33m,[39m
     [90m 114 |[39m           })[33m,[39m
     [90m 115 |[39m           viewerProtocolPolicy[33m:[39m cloudfront[33m.[39m[33mViewerProtocolPolicy[39m[33m.[39m[33mREDIRECT_TO_HTTPS[39m[33m,[39m[0m

      at Object.print (node_modules/aws-cdk-lib/.warnings.jsii.js:9:146)
      at new S3Origin (node_modules/aws-cdk-lib/aws-cloudfront-origins/lib/s3-origin.js:1:848)
      at new DashboardCloudFront (cdk/lib/constructs/cloudfront.ts:112:19)
      at Object.<anonymous> (cdk/__tests__/cloudfront.test.ts:264:5)

  console.warn
    [WARNING] aws-cdk-lib.aws_cloudfront_origins.S3Origin is deprecated.
      Use `S3BucketOrigin` or `S3StaticWebsiteOrigin` instead.
      This API will be removed in the next major release.

    [0m [90m 118 |[39m         }[33m,[39m
     [90m 119 |[39m         [32m'*.css'[39m[33m:[39m {
    [31m[1m>[22m[39m[90m 120 |[39m           origin[33m:[39m [36mnew[39m origins[33m.[39m[33mS3Origin[39m(props[33m.[39mdashboardBucket[33m,[39m {
     [90m     |[39m                   [31m[1m^[22m[39m
     [90m 121 |[39m             originAccessIdentity[33m:[39m [36mthis[39m[33m.[39moriginAccessIdentity[33m,[39m
     [90m 122 |[39m           })[33m,[39m
     [90m 123 |[39m           viewerProtocolPolicy[33m:[39m cloudfront[33m.[39m[33mViewerProtocolPolicy[39m[33m.[39m[33mREDIRECT_TO_HTTPS[39m[33m,[39m[0m

      at Object.print (node_modules/aws-cdk-lib/.warnings.jsii.js:9:146)
      at new S3Origin (node_modules/aws-cdk-lib/aws-cloudfront-origins/lib/s3-origin.js:1:848)
      at new DashboardCloudFront (cdk/lib/constructs/cloudfront.ts:120:19)
      at Object.<anonymous> (cdk/__tests__/cloudfront.test.ts:264:5)

  console.warn
    [WARNING] aws-cdk-lib.aws_cloudfront_origins.S3Origin#bind is deprecated.
      Use `S3BucketOrigin` or `S3StaticWebsiteOrigin` instead.
      This API will be removed in the next major release.

    [0m [90m 85 |[39m
     [90m 86 |[39m     [90m// CloudFront Distribution菴懈・[39m
    [31m[1m>[22m[39m[90m 87 |[39m     [36mthis[39m[33m.[39mdistribution [33m=[39m [36mnew[39m cloudfront[33m.[39m[33mDistribution[39m([36mthis[39m[33m,[39m [32m'Distribution'[39m[33m,[39m {
     [90m    |[39m                         [31m[1m^[22m[39m
     [90m 88 |[39m       comment[33m:[39m [32m`TDnet Dashboard Distribution (${props.environment})`[39m[33m,[39m
     [90m 89 |[39m       defaultRootObject[33m:[39m [32m'index.html'[39m[33m,[39m
     [90m 90 |[39m       [0m

      at Object.print (node_modules/aws-cdk-lib/.warnings.jsii.js:9:146)
      at S3Origin.bind (node_modules/aws-cdk-lib/aws-cloudfront-origins/lib/s3-origin.js:1:1477)
      at WrappedClass.addOrigin (node_modules/aws-cdk-lib/aws-cloudfront/lib/distribution.js:1:23287)
      at new Distribution2 (node_modules/aws-cdk-lib/aws-cloudfront/lib/distribution.js:1:13084)
      at new Distribution2 (node_modules/aws-cdk-lib/core/lib/prop-injectable.js:1:783)
      at new DashboardCloudFront (cdk/lib/constructs/cloudfront.ts:87:25)
      at Object.<anonymous> (cdk/__tests__/cloudfront.test.ts:264:5)

  console.warn
    [WARNING] aws-cdk-lib.aws_cloudfront_origins.S3Origin#bind is deprecated.
      Use `S3BucketOrigin` or `S3StaticWebsiteOrigin` instead.
      This API will be removed in the next major release.

    [0m [90m 85 |[39m
     [90m 86 |[39m     [90m// CloudFront Distribution菴懈・[39m
    [31m[1m>[22m[39m[90m 87 |[39m     [36mthis[39m[33m.[39mdistribution [33m=[39m [36mnew[39m cloudfront[33m.[39m[33mDistribution[39m([36mthis[39m[33m,[39m [32m'Distribution'[39m[33m,[39m {
     [90m    |[39m                         [31m[1m^[22m[39m
     [90m 88 |[39m       comment[33m:[39m [32m`TDnet Dashboard Distribution (${props.environment})`[39m[33m,[39m
     [90m 89 |[39m       defaultRootObject[33m:[39m [32m'index.html'[39m[33m,[39m
     [90m 90 |[39m       [0m

      at Object.print (node_modules/aws-cdk-lib/.warnings.jsii.js:9:146)
      at S3Origin.bind (node_modules/aws-cdk-lib/aws-cloudfront-origins/lib/s3-origin.js:1:1477)
      at WrappedClass.addOrigin (node_modules/aws-cdk-lib/aws-cloudfront/lib/distribution.js:1:23287)
      at WrappedClass.addBehavior (node_modules/aws-cdk-lib/aws-cloudfront/lib/distribution.js:1:21523)
      at WrappedClass.<anonymous> (node_modules/aws-cdk-lib/core/lib/metadata-resource.js:1:2117)
      at node_modules/aws-cdk-lib/aws-cloudfront/lib/distribution.js:1:13352
          at Array.forEach (<anonymous>)
      at new Distribution2 (node_modules/aws-cdk-lib/aws-cloudfront/lib/distribution.js:1:13305)
      at new Distribution2 (node_modules/aws-cdk-lib/core/lib/prop-injectable.js:1:783)
      at new DashboardCloudFront (cdk/lib/constructs/cloudfront.ts:87:25)
      at Object.<anonymous> (cdk/__tests__/cloudfront.test.ts:264:5)

  console.warn
    [WARNING] aws-cdk-lib.aws_cloudfront_origins.S3Origin#bind is deprecated.
      Use `S3BucketOrigin` or `S3StaticWebsiteOrigin` instead.
      This API will be removed in the next major release.

    [0m [90m 85 |[39m
     [90m 86 |[39m     [90m// CloudFront Distribution菴懈・[39m
    [31m[1m>[22m[39m[90m 87 |[39m     [36mthis[39m[33m.[39mdistribution [33m=[39m [36mnew[39m cloudfront[33m.[39m[33mDistribution[39m([36mthis[39m[33m,[39m [32m'Distribution'[39m[33m,[39m {
     [90m    |[39m                         [31m[1m^[22m[39m
     [90m 88 |[39m       comment[33m:[39m [32m`TDnet Dashboard Distribution (${props.environment})`[39m[33m,[39m
     [90m 89 |[39m       defaultRootObject[33m:[39m [32m'index.html'[39m[33m,[39m
     [90m 90 |[39m       [0m

      at Object.print (node_modules/aws-cdk-lib/.warnings.jsii.js:9:146)
      at S3Origin.bind (node_modules/aws-cdk-lib/aws-cloudfront-origins/lib/s3-origin.js:1:1477)
      at WrappedClass.addOrigin (node_modules/aws-cdk-lib/aws-cloudfront/lib/distribution.js:1:23287)
      at WrappedClass.addBehavior (node_modules/aws-cdk-lib/aws-cloudfront/lib/distribution.js:1:21523)
      at WrappedClass.<anonymous> (node_modules/aws-cdk-lib/core/lib/metadata-resource.js:1:2117)
      at node_modules/aws-cdk-lib/aws-cloudfront/lib/distribution.js:1:13352
          at Array.forEach (<anonymous>)
      at new Distribution2 (node_modules/aws-cdk-lib/aws-cloudfront/lib/distribution.js:1:13305)
      at new Distribution2 (node_modules/aws-cdk-lib/core/lib/prop-injectable.js:1:783)
      at new DashboardCloudFront (cdk/lib/constructs/cloudfront.ts:87:25)
      at Object.<anonymous> (cdk/__tests__/cloudfront.test.ts:264:5)

  console.warn
    [WARNING] aws-cdk-lib.aws_cloudfront_origins.S3Origin#bind is deprecated.
      Use `S3BucketOrigin` or `S3StaticWebsiteOrigin` instead.
      This API will be removed in the next major release.

    [0m [90m 85 |[39m
     [90m 86 |[39m     [90m// CloudFront Distribution菴懈・[39m
    [31m[1m>[22m[39m[90m 87 |[39m     [36mthis[39m[33m.[39mdistribution [33m=[39m [36mnew[39m cloudfront[33m.[39m[33mDistribution[39m([36mthis[39m[33m,[39m [32m'Distribution'[39m[33m,[39m {
     [90m    |[39m                         [31m[1m^[22m[39m
     [90m 88 |[39m       comment[33m:[39m [32m`TDnet Dashboard Distribution (${props.environment})`[39m[33m,[39m
     [90m 89 |[39m       defaultRootObject[33m:[39m [32m'index.html'[39m[33m,[39m
     [90m 90 |[39m       [0m

      at Object.print (node_modules/aws-cdk-lib/.warnings.jsii.js:9:146)
      at S3Origin.bind (node_modules/aws-cdk-lib/aws-cloudfront-origins/lib/s3-origin.js:1:1477)
      at WrappedClass.addOrigin (node_modules/aws-cdk-lib/aws-cloudfront/lib/distribution.js:1:23287)
      at WrappedClass.addBehavior (node_modules/aws-cdk-lib/aws-cloudfront/lib/distribution.js:1:21523)
      at WrappedClass.<anonymous> (node_modules/aws-cdk-lib/core/lib/metadata-resource.js:1:2117)
      at node_modules/aws-cdk-lib/aws-cloudfront/lib/distribution.js:1:13352
          at Array.forEach (<anonymous>)
      at new Distribution2 (node_modules/aws-cdk-lib/aws-cloudfront/lib/distribution.js:1:13305)
      at new Distribution2 (node_modules/aws-cdk-lib/core/lib/prop-injectable.js:1:783)
      at new DashboardCloudFront (cdk/lib/constructs/cloudfront.ts:87:25)
      at Object.<anonymous> (cdk/__tests__/cloudfront.test.ts:264:5)

  console.warn
    [WARNING] aws-cdk-lib.aws_cloudfront_origins.S3Origin is deprecated.
      Use `S3BucketOrigin` or `S3StaticWebsiteOrigin` instead.
      This API will be removed in the next major release.

    [0m [90m 91 |[39m       [90m// S3繧ｪ繝ｪ繧ｸ繝ｳ險ｭ螳・[39m
     [90m 92 |[39m       defaultBehavior[33m:[39m {
    [31m[1m>[22m[39m[90m 93 |[39m         origin[33m:[39m [36mnew[39m origins[33m.[39m[33mS3Origin[39m(props[33m.[39mdashboardBucket[33m,[39m {
     [90m    |[39m                 [31m[1m^[22m[39m
     [90m 94 |[39m           originAccessIdentity[33m:[39m [36mthis[39m[33m.[39moriginAccessIdentity[33m,[39m
     [90m 95 |[39m         })[33m,[39m
     [90m 96 |[39m         viewerProtocolPolicy[33m:[39m cloudfront[33m.[39m[33mViewerProtocolPolicy[39m[33m.[39m[33mREDIRECT_TO_HTTPS[39m[33m,[39m[0m

      at Object.print (node_modules/aws-cdk-lib/.warnings.jsii.js:9:146)
      at new S3Origin (node_modules/aws-cdk-lib/aws-cloudfront-origins/lib/s3-origin.js:1:848)
      at new DashboardCloudFront (cdk/lib/constructs/cloudfront.ts:93:17)
      at Object.<anonymous> (cdk/__tests__/cloudfront.test.ts:282:5)

  console.warn
    [WARNING] aws-cdk-lib.aws_cloudfront_origins.S3Origin is deprecated.
      Use `S3BucketOrigin` or `S3StaticWebsiteOrigin` instead.
      This API will be removed in the next major release.

    [0m [90m 102 |[39m       additionalBehaviors[33m:[39m {
     [90m 103 |[39m         [32m'/static/*'[39m[33m:[39m {
    [31m[1m>[22m[39m[90m 104 |[39m           origin[33m:[39m [36mnew[39m origins[33m.[39m[33mS3Origin[39m(props[33m.[39mdashboardBucket[33m,[39m {
     [90m     |[39m                   [31m[1m^[22m[39m
     [90m 105 |[39m             originAccessIdentity[33m:[39m [36mthis[39m[33m.[39moriginAccessIdentity[33m,[39m
     [90m 106 |[39m           })[33m,[39m
     [90m 107 |[39m           viewerProtocolPolicy[33m:[39m cloudfront[33m.[39m[33mViewerProtocolPolicy[39m[33m.[39m[33mREDIRECT_TO_HTTPS[39m[33m,[39m[0m

      at Object.print (node_modules/aws-cdk-lib/.warnings.jsii.js:9:146)
      at new S3Origin (node_modules/aws-cdk-lib/aws-cloudfront-origins/lib/s3-origin.js:1:848)
      at new DashboardCloudFront (cdk/lib/constructs/cloudfront.ts:104:19)
      at Object.<anonymous> (cdk/__tests__/cloudfront.test.ts:282:5)

  console.warn
    [WARNING] aws-cdk-lib.aws_cloudfront_origins.S3Origin is deprecated.
      Use `S3BucketOrigin` or `S3StaticWebsiteOrigin` instead.
      This API will be removed in the next major release.

    [0m [90m 110 |[39m         }[33m,[39m
     [90m 111 |[39m         [32m'*.js'[39m[33m:[39m {
    [31m[1m>[22m[39m[90m 112 |[39m           origin[33m:[39m [36mnew[39m origins[33m.[39m[33mS3Origin[39m(props[33m.[39mdashboardBucket[33m,[39m {
     [90m     |[39m                   [31m[1m^[22m[39m
     [90m 113 |[39m             originAccessIdentity[33m:[39m [36mthis[39m[33m.[39moriginAccessIdentity[33m,[39m
     [90m 114 |[39m           })[33m,[39m
     [90m 115 |[39m           viewerProtocolPolicy[33m:[39m cloudfront[33m.[39m[33mViewerProtocolPolicy[39m[33m.[39m[33mREDIRECT_TO_HTTPS[39m[33m,[39m[0m

      at Object.print (node_modules/aws-cdk-lib/.warnings.jsii.js:9:146)
      at new S3Origin (node_modules/aws-cdk-lib/aws-cloudfront-origins/lib/s3-origin.js:1:848)
      at new DashboardCloudFront (cdk/lib/constructs/cloudfront.ts:112:19)
      at Object.<anonymous> (cdk/__tests__/cloudfront.test.ts:282:5)

  console.warn
    [WARNING] aws-cdk-lib.aws_cloudfront_origins.S3Origin is deprecated.
      Use `S3BucketOrigin` or `S3StaticWebsiteOrigin` instead.
      This API will be removed in the next major release.

    [0m [90m 118 |[39m         }[33m,[39m
     [90m 119 |[39m         [32m'*.css'[39m[33m:[39m {
    [31m[1m>[22m[39m[90m 120 |[39m           origin[33m:[39m [36mnew[39m origins[33m.[39m[33mS3Origin[39m(props[33m.[39mdashboardBucket[33m,[39m {
     [90m     |[39m                   [31m[1m^[22m[39m
     [90m 121 |[39m             originAccessIdentity[33m:[39m [36mthis[39m[33m.[39moriginAccessIdentity[33m,[39m
     [90m 122 |[39m           })[33m,[39m
     [90m 123 |[39m           viewerProtocolPolicy[33m:[39m cloudfront[33m.[39m[33mViewerProtocolPolicy[39m[33m.[39m[33mREDIRECT_TO_HTTPS[39m[33m,[39m[0m

      at Object.print (node_modules/aws-cdk-lib/.warnings.jsii.js:9:146)
      at new S3Origin (node_modules/aws-cdk-lib/aws-cloudfront-origins/lib/s3-origin.js:1:848)
      at new DashboardCloudFront (cdk/lib/constructs/cloudfront.ts:120:19)
      at Object.<anonymous> (cdk/__tests__/cloudfront.test.ts:282:5)

  console.warn
    [WARNING] aws-cdk-lib.aws_cloudfront_origins.S3Origin#bind is deprecated.
      Use `S3BucketOrigin` or `S3StaticWebsiteOrigin` instead.
      This API will be removed in the next major release.

    [0m [90m 85 |[39m
     [90m 86 |[39m     [90m// CloudFront Distribution菴懈・[39m
    [31m[1m>[22m[39m[90m 87 |[39m     [36mthis[39m[33m.[39mdistribution [33m=[39m [36mnew[39m cloudfront[33m.[39m[33mDistribution[39m([36mthis[39m[33m,[39m [32m'Distribution'[39m[33m,[39m {
     [90m    |[39m                         [31m[1m^[22m[39m
     [90m 88 |[39m       comment[33m:[39m [32m`TDnet Dashboard Distribution (${props.environment})`[39m[33m,[39m
     [90m 89 |[39m       defaultRootObject[33m:[39m [32m'index.html'[39m[33m,[39m
     [90m 90 |[39m       [0m

      at Object.print (node_modules/aws-cdk-lib/.warnings.jsii.js:9:146)
      at S3Origin.bind (node_modules/aws-cdk-lib/aws-cloudfront-origins/lib/s3-origin.js:1:1477)
      at WrappedClass.addOrigin (node_modules/aws-cdk-lib/aws-cloudfront/lib/distribution.js:1:23287)
      at new Distribution2 (node_modules/aws-cdk-lib/aws-cloudfront/lib/distribution.js:1:13084)
      at new Distribution2 (node_modules/aws-cdk-lib/core/lib/prop-injectable.js:1:783)
      at new DashboardCloudFront (cdk/lib/constructs/cloudfront.ts:87:25)
      at Object.<anonymous> (cdk/__tests__/cloudfront.test.ts:282:5)

  console.warn
    [WARNING] aws-cdk-lib.aws_cloudfront_origins.S3Origin#bind is deprecated.
      Use `S3BucketOrigin` or `S3StaticWebsiteOrigin` instead.
      This API will be removed in the next major release.

    [0m [90m 85 |[39m
     [90m 86 |[39m     [90m// CloudFront Distribution菴懈・[39m
    [31m[1m>[22m[39m[90m 87 |[39m     [36mthis[39m[33m.[39mdistribution [33m=[39m [36mnew[39m cloudfront[33m.[39m[33mDistribution[39m([36mthis[39m[33m,[39m [32m'Distribution'[39m[33m,[39m {
     [90m    |[39m                         [31m[1m^[22m[39m
     [90m 88 |[39m       comment[33m:[39m [32m`TDnet Dashboard Distribution (${props.environment})`[39m[33m,[39m
     [90m 89 |[39m       defaultRootObject[33m:[39m [32m'index.html'[39m[33m,[39m
     [90m 90 |[39m       [0m

      at Object.print (node_modules/aws-cdk-lib/.warnings.jsii.js:9:146)
      at S3Origin.bind (node_modules/aws-cdk-lib/aws-cloudfront-origins/lib/s3-origin.js:1:1477)
      at WrappedClass.addOrigin (node_modules/aws-cdk-lib/aws-cloudfront/lib/distribution.js:1:23287)
      at WrappedClass.addBehavior (node_modules/aws-cdk-lib/aws-cloudfront/lib/distribution.js:1:21523)
      at WrappedClass.<anonymous> (node_modules/aws-cdk-lib/core/lib/metadata-resource.js:1:2117)
      at node_modules/aws-cdk-lib/aws-cloudfront/lib/distribution.js:1:13352
          at Array.forEach (<anonymous>)
      at new Distribution2 (node_modules/aws-cdk-lib/aws-cloudfront/lib/distribution.js:1:13305)
      at new Distribution2 (node_modules/aws-cdk-lib/core/lib/prop-injectable.js:1:783)
      at new DashboardCloudFront (cdk/lib/constructs/cloudfront.ts:87:25)
      at Object.<anonymous> (cdk/__tests__/cloudfront.test.ts:282:5)

  console.warn
    [WARNING] aws-cdk-lib.aws_cloudfront_origins.S3Origin#bind is deprecated.
      Use `S3BucketOrigin` or `S3StaticWebsiteOrigin` instead.
      This API will be removed in the next major release.

    [0m [90m 85 |[39m
     [90m 86 |[39m     [90m// CloudFront Distribution菴懈・[39m
    [31m[1m>[22m[39m[90m 87 |[39m     [36mthis[39m[33m.[39mdistribution [33m=[39m [36mnew[39m cloudfront[33m.[39m[33mDistribution[39m([36mthis[39m[33m,[39m [32m'Distribution'[39m[33m,[39m {
     [90m    |[39m                         [31m[1m^[22m[39m
     [90m 88 |[39m       comment[33m:[39m [32m`TDnet Dashboard Distribution (${props.environment})`[39m[33m,[39m
     [90m 89 |[39m       defaultRootObject[33m:[39m [32m'index.html'[39m[33m,[39m
     [90m 90 |[39m       [0m

      at Object.print (node_modules/aws-cdk-lib/.warnings.jsii.js:9:146)
      at S3Origin.bind (node_modules/aws-cdk-lib/aws-cloudfront-origins/lib/s3-origin.js:1:1477)
      at WrappedClass.addOrigin (node_modules/aws-cdk-lib/aws-cloudfront/lib/distribution.js:1:23287)
      at WrappedClass.addBehavior (node_modules/aws-cdk-lib/aws-cloudfront/lib/distribution.js:1:21523)
      at WrappedClass.<anonymous> (node_modules/aws-cdk-lib/core/lib/metadata-resource.js:1:2117)
      at node_modules/aws-cdk-lib/aws-cloudfront/lib/distribution.js:1:13352
          at Array.forEach (<anonymous>)
      at new Distribution2 (node_modules/aws-cdk-lib/aws-cloudfront/lib/distribution.js:1:13305)
      at new Distribution2 (node_modules/aws-cdk-lib/core/lib/prop-injectable.js:1:783)
      at new DashboardCloudFront (cdk/lib/constructs/cloudfront.ts:87:25)
      at Object.<anonymous> (cdk/__tests__/cloudfront.test.ts:282:5)

  console.warn
    [WARNING] aws-cdk-lib.aws_cloudfront_origins.S3Origin#bind is deprecated.
      Use `S3BucketOrigin` or `S3StaticWebsiteOrigin` instead.
      This API will be removed in the next major release.

    [0m [90m 85 |[39m
     [90m 86 |[39m     [90m// CloudFront Distribution菴懈・[39m
    [31m[1m>[22m[39m[90m 87 |[39m     [36mthis[39m[33m.[39mdistribution [33m=[39m [36mnew[39m cloudfront[33m.[39m[33mDistribution[39m([36mthis[39m[33m,[39m [32m'Distribution'[39m[33m,[39m {
     [90m    |[39m                         [31m[1m^[22m[39m
     [90m 88 |[39m       comment[33m:[39m [32m`TDnet Dashboard Distribution (${props.environment})`[39m[33m,[39m
     [90m 89 |[39m       defaultRootObject[33m:[39m [32m'index.html'[39m[33m,[39m
     [90m 90 |[39m       [0m

      at Object.print (node_modules/aws-cdk-lib/.warnings.jsii.js:9:146)
      at S3Origin.bind (node_modules/aws-cdk-lib/aws-cloudfront-origins/lib/s3-origin.js:1:1477)
      at WrappedClass.addOrigin (node_modules/aws-cdk-lib/aws-cloudfront/lib/distribution.js:1:23287)
      at WrappedClass.addBehavior (node_modules/aws-cdk-lib/aws-cloudfront/lib/distribution.js:1:21523)
      at WrappedClass.<anonymous> (node_modules/aws-cdk-lib/core/lib/metadata-resource.js:1:2117)
      at node_modules/aws-cdk-lib/aws-cloudfront/lib/distribution.js:1:13352
          at Array.forEach (<anonymous>)
      at new Distribution2 (node_modules/aws-cdk-lib/aws-cloudfront/lib/distribution.js:1:13305)
      at new Distribution2 (node_modules/aws-cdk-lib/core/lib/prop-injectable.js:1:783)
      at new DashboardCloudFront (cdk/lib/constructs/cloudfront.ts:87:25)
      at Object.<anonymous> (cdk/__tests__/cloudfront.test.ts:282:5)

  console.warn
    [WARNING] aws-cdk-lib.aws_cloudfront_origins.S3Origin is deprecated.
      Use `S3BucketOrigin` or `S3StaticWebsiteOrigin` instead.
      This API will be removed in the next major release.

    [0m [90m 91 |[39m       [90m// S3繧ｪ繝ｪ繧ｸ繝ｳ險ｭ螳・[39m
     [90m 92 |[39m       defaultBehavior[33m:[39m {
    [31m[1m>[22m[39m[90m 93 |[39m         origin[33m:[39m [36mnew[39m origins[33m.[39m[33mS3Origin[39m(props[33m.[39mdashboardBucket[33m,[39m {
     [90m    |[39m                 [31m[1m^[22m[39m
     [90m 94 |[39m           originAccessIdentity[33m:[39m [36mthis[39m[33m.[39moriginAccessIdentity[33m,[39m
     [90m 95 |[39m         })[33m,[39m
     [90m 96 |[39m         viewerProtocolPolicy[33m:[39m cloudfront[33m.[39m[33mViewerProtocolPolicy[39m[33m.[39m[33mREDIRECT_TO_HTTPS[39m[33m,[39m[0m

      at Object.print (node_modules/aws-cdk-lib/.warnings.jsii.js:9:146)
      at new S3Origin (node_modules/aws-cdk-lib/aws-cloudfront-origins/lib/s3-origin.js:1:848)
      at new DashboardCloudFront (cdk/lib/constructs/cloudfront.ts:93:17)
      at Object.<anonymous> (cdk/__tests__/cloudfront.test.ts:313:5)

  console.warn
    [WARNING] aws-cdk-lib.aws_cloudfront_origins.S3Origin is deprecated.
      Use `S3BucketOrigin` or `S3StaticWebsiteOrigin` instead.
      This API will be removed in the next major release.

    [0m [90m 102 |[39m       additionalBehaviors[33m:[39m {
     [90m 103 |[39m         [32m'/static/*'[39m[33m:[39m {
    [31m[1m>[22m[39m[90m 104 |[39m           origin[33m:[39m [36mnew[39m origins[33m.[39m[33mS3Origin[39m(props[33m.[39mdashboardBucket[33m,[39m {
     [90m     |[39m                   [31m[1m^[22m[39m
     [90m 105 |[39m             originAccessIdentity[33m:[39m [36mthis[39m[33m.[39moriginAccessIdentity[33m,[39m
     [90m 106 |[39m           })[33m,[39m
     [90m 107 |[39m           viewerProtocolPolicy[33m:[39m cloudfront[33m.[39m[33mViewerProtocolPolicy[39m[33m.[39m[33mREDIRECT_TO_HTTPS[39m[33m,[39m[0m

      at Object.print (node_modules/aws-cdk-lib/.warnings.jsii.js:9:146)
      at new S3Origin (node_modules/aws-cdk-lib/aws-cloudfront-origins/lib/s3-origin.js:1:848)
      at new DashboardCloudFront (cdk/lib/constructs/cloudfront.ts:104:19)
      at Object.<anonymous> (cdk/__tests__/cloudfront.test.ts:313:5)

  console.warn
    [WARNING] aws-cdk-lib.aws_cloudfront_origins.S3Origin is deprecated.
      Use `S3BucketOrigin` or `S3StaticWebsiteOrigin` instead.
      This API will be removed in the next major release.

    [0m [90m 110 |[39m         }[33m,[39m
     [90m 111 |[39m         [32m'*.js'[39m[33m:[39m {
    [31m[1m>[22m[39m[90m 112 |[39m           origin[33m:[39m [36mnew[39m origins[33m.[39m[33mS3Origin[39m(props[33m.[39mdashboardBucket[33m,[39m {
     [90m     |[39m                   [31m[1m^[22m[39m
     [90m 113 |[39m             originAccessIdentity[33m:[39m [36mthis[39m[33m.[39moriginAccessIdentity[33m,[39m
     [90m 114 |[39m           })[33m,[39m
     [90m 115 |[39m           viewerProtocolPolicy[33m:[39m cloudfront[33m.[39m[33mViewerProtocolPolicy[39m[33m.[39m[33mREDIRECT_TO_HTTPS[39m[33m,[39m[0m

      at Object.print (node_modules/aws-cdk-lib/.warnings.jsii.js:9:146)
      at new S3Origin (node_modules/aws-cdk-lib/aws-cloudfront-origins/lib/s3-origin.js:1:848)
      at new DashboardCloudFront (cdk/lib/constructs/cloudfront.ts:112:19)
      at Object.<anonymous> (cdk/__tests__/cloudfront.test.ts:313:5)

  console.warn
    [WARNING] aws-cdk-lib.aws_cloudfront_origins.S3Origin is deprecated.
      Use `S3BucketOrigin` or `S3StaticWebsiteOrigin` instead.
      This API will be removed in the next major release.

    [0m [90m 118 |[39m         }[33m,[39m
     [90m 119 |[39m         [32m'*.css'[39m[33m:[39m {
    [31m[1m>[22m[39m[90m 120 |[39m           origin[33m:[39m [36mnew[39m origins[33m.[39m[33mS3Origin[39m(props[33m.[39mdashboardBucket[33m,[39m {
     [90m     |[39m                   [31m[1m^[22m[39m
     [90m 121 |[39m             originAccessIdentity[33m:[39m [36mthis[39m[33m.[39moriginAccessIdentity[33m,[39m
     [90m 122 |[39m           })[33m,[39m
     [90m 123 |[39m           viewerProtocolPolicy[33m:[39m cloudfront[33m.[39m[33mViewerProtocolPolicy[39m[33m.[39m[33mREDIRECT_TO_HTTPS[39m[33m,[39m[0m

      at Object.print (node_modules/aws-cdk-lib/.warnings.jsii.js:9:146)
      at new S3Origin (node_modules/aws-cdk-lib/aws-cloudfront-origins/lib/s3-origin.js:1:848)
      at new DashboardCloudFront (cdk/lib/constructs/cloudfront.ts:120:19)
      at Object.<anonymous> (cdk/__tests__/cloudfront.test.ts:313:5)

  console.warn
    [WARNING] aws-cdk-lib.aws_cloudfront_origins.S3Origin#bind is deprecated.
      Use `S3BucketOrigin` or `S3StaticWebsiteOrigin` instead.
      This API will be removed in the next major release.

    [0m [90m 85 |[39m
     [90m 86 |[39m     [90m// CloudFront Distribution菴懈・[39m
    [31m[1m>[22m[39m[90m 87 |[39m     [36mthis[39m[33m.[39mdistribution [33m=[39m [36mnew[39m cloudfront[33m.[39m[33mDistribution[39m([36mthis[39m[33m,[39m [32m'Distribution'[39m[33m,[39m {
     [90m    |[39m                         [31m[1m^[22m[39m
     [90m 88 |[39m       comment[33m:[39m [32m`TDnet Dashboard Distribution (${props.environment})`[39m[33m,[39m
     [90m 89 |[39m       defaultRootObject[33m:[39m [32m'index.html'[39m[33m,[39m
     [90m 90 |[39m       [0m

      at Object.print (node_modules/aws-cdk-lib/.warnings.jsii.js:9:146)
      at S3Origin.bind (node_modules/aws-cdk-lib/aws-cloudfront-origins/lib/s3-origin.js:1:1477)
      at WrappedClass.addOrigin (node_modules/aws-cdk-lib/aws-cloudfront/lib/distribution.js:1:23287)
      at new Distribution2 (node_modules/aws-cdk-lib/aws-cloudfront/lib/distribution.js:1:13084)
      at new Distribution2 (node_modules/aws-cdk-lib/core/lib/prop-injectable.js:1:783)
      at new DashboardCloudFront (cdk/lib/constructs/cloudfront.ts:87:25)
      at Object.<anonymous> (cdk/__tests__/cloudfront.test.ts:313:5)

  console.warn
    [WARNING] aws-cdk-lib.aws_cloudfront_origins.S3Origin#bind is deprecated.
      Use `S3BucketOrigin` or `S3StaticWebsiteOrigin` instead.
      This API will be removed in the next major release.

    [0m [90m 85 |[39m
     [90m 86 |[39m     [90m// CloudFront Distribution菴懈・[39m
    [31m[1m>[22m[39m[90m 87 |[39m     [36mthis[39m[33m.[39mdistribution [33m=[39m [36mnew[39m cloudfront[33m.[39m[33mDistribution[39m([36mthis[39m[33m,[39m [32m'Distribution'[39m[33m,[39m {
     [90m    |[39m                         [31m[1m^[22m[39m
     [90m 88 |[39m       comment[33m:[39m [32m`TDnet Dashboard Distribution (${props.environment})`[39m[33m,[39m
     [90m 89 |[39m       defaultRootObject[33m:[39m [32m'index.html'[39m[33m,[39m
     [90m 90 |[39m       [0m

      at Object.print (node_modules/aws-cdk-lib/.warnings.jsii.js:9:146)
      at S3Origin.bind (node_modules/aws-cdk-lib/aws-cloudfront-origins/lib/s3-origin.js:1:1477)
      at WrappedClass.addOrigin (node_modules/aws-cdk-lib/aws-cloudfront/lib/distribution.js:1:23287)
      at WrappedClass.addBehavior (node_modules/aws-cdk-lib/aws-cloudfront/lib/distribution.js:1:21523)
      at WrappedClass.<anonymous> (node_modules/aws-cdk-lib/core/lib/metadata-resource.js:1:2117)
      at node_modules/aws-cdk-lib/aws-cloudfront/lib/distribution.js:1:13352
          at Array.forEach (<anonymous>)
      at new Distribution2 (node_modules/aws-cdk-lib/aws-cloudfront/lib/distribution.js:1:13305)
      at new Distribution2 (node_modules/aws-cdk-lib/core/lib/prop-injectable.js:1:783)
      at new DashboardCloudFront (cdk/lib/constructs/cloudfront.ts:87:25)
      at Object.<anonymous> (cdk/__tests__/cloudfront.test.ts:313:5)

  console.warn
    [WARNING] aws-cdk-lib.aws_cloudfront_origins.S3Origin#bind is deprecated.
      Use `S3BucketOrigin` or `S3StaticWebsiteOrigin` instead.
      This API will be removed in the next major release.

    [0m [90m 85 |[39m
     [90m 86 |[39m     [90m// CloudFront Distribution菴懈・[39m
    [31m[1m>[22m[39m[90m 87 |[39m     [36mthis[39m[33m.[39mdistribution [33m=[39m [36mnew[39m cloudfront[33m.[39m[33mDistribution[39m([36mthis[39m[33m,[39m [32m'Distribution'[39m[33m,[39m {
     [90m    |[39m                         [31m[1m^[22m[39m
     [90m 88 |[39m       comment[33m:[39m [32m`TDnet Dashboard Distribution (${props.environment})`[39m[33m,[39m
     [90m 89 |[39m       defaultRootObject[33m:[39m [32m'index.html'[39m[33m,[39m
     [90m 90 |[39m       [0m

      at Object.print (node_modules/aws-cdk-lib/.warnings.jsii.js:9:146)
      at S3Origin.bind (node_modules/aws-cdk-lib/aws-cloudfront-origins/lib/s3-origin.js:1:1477)
      at WrappedClass.addOrigin (node_modules/aws-cdk-lib/aws-cloudfront/lib/distribution.js:1:23287)
      at WrappedClass.addBehavior (node_modules/aws-cdk-lib/aws-cloudfront/lib/distribution.js:1:21523)
      at WrappedClass.<anonymous> (node_modules/aws-cdk-lib/core/lib/metadata-resource.js:1:2117)
      at node_modules/aws-cdk-lib/aws-cloudfront/lib/distribution.js:1:13352
          at Array.forEach (<anonymous>)
      at new Distribution2 (node_modules/aws-cdk-lib/aws-cloudfront/lib/distribution.js:1:13305)
      at new Distribution2 (node_modules/aws-cdk-lib/core/lib/prop-injectable.js:1:783)
      at new DashboardCloudFront (cdk/lib/constructs/cloudfront.ts:87:25)
      at Object.<anonymous> (cdk/__tests__/cloudfront.test.ts:313:5)

  console.warn
    [WARNING] aws-cdk-lib.aws_cloudfront_origins.S3Origin#bind is deprecated.
      Use `S3BucketOrigin` or `S3StaticWebsiteOrigin` instead.
      This API will be removed in the next major release.

    [0m [90m 85 |[39m
     [90m 86 |[39m     [90m// CloudFront Distribution菴懈・[39m
    [31m[1m>[22m[39m[90m 87 |[39m     [36mthis[39m[33m.[39mdistribution [33m=[39m [36mnew[39m cloudfront[33m.[39m[33mDistribution[39m([36mthis[39m[33m,[39m [32m'Distribution'[39m[33m,[39m {
     [90m    |[39m                         [31m[1m^[22m[39m
     [90m 88 |[39m       comment[33m:[39m [32m`TDnet Dashboard Distribution (${props.environment})`[39m[33m,[39m
     [90m 89 |[39m       defaultRootObject[33m:[39m [32m'index.html'[39m[33m,[39m
     [90m 90 |[39m       [0m

      at Object.print (node_modules/aws-cdk-lib/.warnings.jsii.js:9:146)
      at S3Origin.bind (node_modules/aws-cdk-lib/aws-cloudfront-origins/lib/s3-origin.js:1:1477)
      at WrappedClass.addOrigin (node_modules/aws-cdk-lib/aws-cloudfront/lib/distribution.js:1:23287)
      at WrappedClass.addBehavior (node_modules/aws-cdk-lib/aws-cloudfront/lib/distribution.js:1:21523)
      at WrappedClass.<anonymous> (node_modules/aws-cdk-lib/core/lib/metadata-resource.js:1:2117)
      at node_modules/aws-cdk-lib/aws-cloudfront/lib/distribution.js:1:13352
          at Array.forEach (<anonymous>)
      at new Distribution2 (node_modules/aws-cdk-lib/aws-cloudfront/lib/distribution.js:1:13305)
      at new Distribution2 (node_modules/aws-cdk-lib/core/lib/prop-injectable.js:1:783)
      at new DashboardCloudFront (cdk/lib/constructs/cloudfront.ts:87:25)
      at Object.<anonymous> (cdk/__tests__/cloudfront.test.ts:313:5)

FAIL cdk/__tests__/cloudfront.test.ts
  DashboardCloudFront Construct
    竏・CloudFront Distribution縺御ｽ懈・縺輔ｌ繧・(548 ms)
    竏・Origin Access Identity (OAI) 縺御ｽ懈・縺輔ｌ繧・(297 ms)
    竏・S3繝舌こ繝・ヨ繝昴Μ繧ｷ繝ｼ縺ｫOAI縺九ｉ縺ｮ隱ｭ縺ｿ蜿悶ｊ讓ｩ髯舌′霑ｽ蜉縺輔ｌ繧・(233 ms)
    竏・HTTPS蠑ｷ蛻ｶ縺瑚ｨｭ螳壹＆繧後ｋ (202 ms)
    竏・index.html逕ｨ縺ｮ繧ｭ繝｣繝・す繝･繝昴Μ繧ｷ繝ｼ縺御ｽ懈・縺輔ｌ繧具ｼ・TL: 60遘抵ｼ・(217 ms)
    竏・髱咏噪繧｢繧ｻ繝・ヨ逕ｨ縺ｮ繧ｭ繝｣繝・す繝･繝昴Μ繧ｷ繝ｼ縺御ｽ懈・縺輔ｌ繧具ｼ・TL: 1譌･・・(305 ms)
    竏・髱咏噪繧｢繧ｻ繝・ヨ逕ｨ縺ｮ霑ｽ蜉繝薙・繧､繝薙い縺瑚ｨｭ螳壹＆繧後ｋ (276 ms)
    竏・SPA逕ｨ繧ｨ繝ｩ繝ｼ繝壹・繧ｸ險ｭ螳夲ｼ・04/403 竊・index.html・峨′險ｭ螳壹＆繧後ｋ (278 ms)
    竏・繝・ヵ繧ｩ繝ｫ繝医Ν繝ｼ繝医が繝悶ず繧ｧ繧ｯ繝医′index.html縺ｫ險ｭ螳壹＆繧後ｋ (304 ms)
    竏・蝨ｧ邵ｮ縺梧怏蜉ｹ蛹悶＆繧後ｋ (290 ms)
    竏・萓｡譬ｼ繧ｯ繝ｩ繧ｹ縺訓RICE_CLASS_100縺ｫ險ｭ螳壹＆繧後ｋ・医さ繧ｹ繝域怙驕ｩ蛹厄ｼ・(299 ms)
    竏・HTTP/2縺ｨHTTP/3縺梧怏蜉ｹ蛹悶＆繧後ｋ (287 ms)
    ﾃ・譛蟆週LS繝舌・繧ｸ繝ｧ繝ｳ縺卦LSv1.2縺ｫ險ｭ螳壹＆繧後ｋ (307 ms)
    ﾃ・CloudFront Distribution URL縺靴fnOutput縺ｨ縺励※蜃ｺ蜉帙＆繧後ｋ (288 ms)
    竏・Gzip蝨ｧ邵ｮ縺ｨBrotli蝨ｧ邵ｮ縺梧怏蜉ｹ蛹悶＆繧後ｋ (316 ms)

  笳・DashboardCloudFront Construct 窶ｺ 譛蟆週LS繝舌・繧ｸ繝ｧ繝ｳ縺卦LSv1.2縺ｫ險ｭ螳壹＆繧後ｋ

    Expected value   undefined
    Received:
      undefined

    Message:
      Template has 1 resources with type AWS::CloudFront::Distribution, but none matc
h as expected.
    The 1 closest matches:
    TestCloudFrontDistribution75CBB9AA :: {
      "Properties": {
        "DistributionConfig": {
          "CacheBehaviors": [ ... ],
          "Comment": "TDnet Dashboard Distribution (test)",
          "CustomErrorResponses": [ ... ],
          "DefaultCacheBehavior": { ... },
          "DefaultRootObject": "index.html",
          "Enabled": true,
          "HttpVersion": "http2and3",
          "IPV6Enabled": true,
          "Origins": [ ... ],
          "PriceClass": "PriceClass_100",
    !!     Missing key 'ViewerCertificate'
          "ViewerCertificate": undefined
        }
      },
      "Type": "AWS::CloudFront::Distribution"
    }

    Difference:

    Compared values have no visual difference.

    [0m [90m 269 |[39m     [90m// Assert[39m
     [90m 270 |[39m     [36mconst[39m template [33m=[39m [33mTemplate[39m[33
m.[39mfromStack(stack)[33m;[39m
    [31m[1m>[22m[39m[90m 271 |[39m     template[33m.[39mhasResourceProperties
([32m'AWS::CloudFront::Distribution'[39m[33m,[39m {
     [90m     |[39m              [31m[1m^[22m[39m
     [90m 272 |[39m       [33mDistributionConfig[39m[33m:[39m {
     [90m 273 |[39m         [33mViewerCertificate[39m[33m:[39m {
     [90m 274 |[39m           [33mMinimumProtocolVersion[39m[33m:[39m [32m'TLS
v1.2_2021'[39m[33m,[39m[0m

      at Template.hasResourceProperties (node_modules/aws-cdk-lib/assertions/lib/temp
late.js:1:3303)
      at Object.<anonymous> (cdk/__tests__/cloudfront.test.ts:271:14)

  笳・DashboardCloudFront Construct 窶ｺ CloudFront Distribution URL縺靴fnOutput縺ｨ縺励※蜃ｺ蜉帙＆繧
後ｋ

    Expected value   undefined
    Received:
      undefined

    Message:
      Template has 0 outputs named TestCloudFrontDistributionDomainName*.
    No matches found

    Difference:

    Compared values have no visual difference.

    [0m [90m 287 |[39m     [90m// Assert[39m
     [90m 288 |[39m     [36mconst[39m template [33m=[39m [33mTemplate[39m[33
m.[39mfromStack(stack)[33m;[39m
    [31m[1m>[22m[39m[90m 289 |[39m     template[33m.[39mhasOutput([32m'TestC
loudFrontDistributionDomainName*'[39m[33m,[39m {
     [90m     |[39m              [31m[1m^[22m[39m
     [90m 290 |[39m       [33mDescription[39m[33m:[39m [32m'CloudFront Distrib
ution Domain Name'[39m[33m,[39m
     [90m 291 |[39m       [33mExport[39m[33m:[39m {
     [90m 292 |[39m         [33mName[39m[33m:[39m [32m'tdnet-dashboard-domain-
test'[39m[33m,[39m[0m

      at Template.hasOutput (node_modules/aws-cdk-lib/assertions/lib/template.js:1:46
25)
      at Object.<anonymous> (cdk/__tests__/cloudfront.test.ts:289:14)

Test Suites: 1 failed, 1 total
Tests:       2 failed, 13 passed, 15 total
Snapshots:   0 total
Time:        4.991 s, estimated 5 s
Ran all test suites matching /cloudfront.test.ts/i.
